<html>
<body>
<pre>
<h1>µVision Build Log</h1>
<h2>Tool Versions:</h2>
IDE-Version: µVision V5.38.0.0
Copyright (C) 2022 ARM Ltd and ARM Germany GmbH. All rights reserved.
License Information: Mohamed Ashraf, valeo, LIC=----
 
Tool Versions:
Toolchain:       MDK-Lite  Version: 5.38.0.0
Toolchain Path:  G:\Kiel5\ARM\ARMCLANG\Bin
C Compiler:      ArmClang.exe V6.19
Assembler:       Armasm.exe V6.19
Linker/Locator:  ArmLink.exe V6.19
Library Manager: ArmAr.exe V6.19
Hex Converter:   FromElf.exe V6.19
CPU DLL:         SARMCM3.DLL V5.38.0.0
Dialog DLL:      DCM.DLL V1.17.5.0
Target DLL:      STLink\ST-LINKIII-KEIL_SWO.dll V3.1.0.0
Dialog DLL:      TCM.DLL V1.56.4.0
 
<h2>Project:</h2>
G:\WX_CAREER\Grad Project\src\vehicle_intf\testing\TestAppLedOn\MDK-ARM\TestAppLedOn.uvprojx
Project File Date:  10/20/2023

<h2>Output:</h2>
*** Using Compiler 'V6.19', folder: 'G:\Kiel5\ARM\ARMCLANG\Bin'
Build target 'TestAppLedOn'
compiling main.c...
linking...
TestAppLedOn\TestAppLedOn.axf: Warning: L6914W: option rwpi ignored when using --scatter.
Program Size: Code=4164 RO-data=476 RW-data=12 ZI-data=1644  
Finished: 0 information, 1 warning and 0 error messages.
FromELF: creating hex file...
After Build - User command #1: fromelf --bin "G:\WX_CAREER\Grad Project\src\vehicle_intf\testing\TestAppLedOn\MDK-ARM\TestAppLedOn\TestAppLedOn.axf" --output "G:\WX_CAREER\Grad Project\src\vehicle_intf\testing\TestAppLedOn\MDK-ARM\TestAppLedOn\TestAppLedOn.bin"
"TestAppLedOn\TestAppLedOn.axf" - 0 Error(s), 1 Warning(s).

<h2>Software Packages used:</h2>

Package Vendor: ARM
                http://www.keil.com/pack/ARM.CMSIS.5.9.0.pack
                ARM.CMSIS.5.9.0
                CMSIS (Common Microcontroller Software Interface Standard)
   * Component: CORE Version: 5.6.0

Package Vendor: Keil
                http://www.keil.com/pack/Keil.STM32F1xx_DFP.2.4.0.pack
                Keil.STM32F1xx_DFP.2.4.0
                STMicroelectronics STM32F1 Series Device Support, Drivers and Examples

<h2>Collection of Component include folders:</h2>
  ./RTE/_TestAppLedOn
  G:/Keil5ArmPacks/ARM/CMSIS/5.9.0/CMSIS/Core/Include
  G:/Keil5ArmPacks/Keil/STM32F1xx_DFP/2.4.0/Device/Include

<h2>Collection of Component Files used:</h2>

   * Component: ARM::CMSIS:CORE:5.6.0
      Include file:  CMSIS/Core/Include/tz_context.h
Build Time Elapsed:  00:00:01
</pre>
</body>
</html>
