../Core/Src/simple_vehicle_ops.c:274:13:delay_us	0	static
../Core/Src/simple_vehicle_ops.c:65:21:__vJumpToBootloader	16	static,ignoring_inline_asm
../Core/Src/simple_vehicle_ops.c:285:13:uss_trigger	8	static
../Core/Src/simple_vehicle_ops.c:99:6:HAL_UART_RxCpltCallback	8	static
../Core/Src/simple_vehicle_ops.c:155:6:ControlMotorFR	0	static
../Core/Src/simple_vehicle_ops.c:159:6:ControlMotorFL	0	static
../Core/Src/simple_vehicle_ops.c:163:6:ControlMotorBR	0	static
../Core/Src/simple_vehicle_ops.c:167:6:ControlMotorBL	0	static
../Core/Src/simple_vehicle_ops.c:171:6:StopAllMotors	0	static
../Core/Src/simple_vehicle_ops.c:178:6:ControlMotorSpeed	16	static
../Core/Src/simple_vehicle_ops.c:434:13:motors_init	8	static
../Core/Src/simple_vehicle_ops.c:219:6:BuzzerUUUUUH	8	static
../Core/Src/simple_vehicle_ops.c:224:6:BuzzerNO	8	static
../Core/Src/simple_vehicle_ops.c:416:13:buzzer_init	24	static
../Core/Src/simple_vehicle_ops.c:244:6:ControlLedFR	0	static
../Core/Src/simple_vehicle_ops.c:248:6:ControlLedFL	0	static
../Core/Src/simple_vehicle_ops.c:383:13:front_leds_init	16	static
../Core/Src/simple_vehicle_ops.c:252:6:ControlFrontLeds	16	static
../Core/Src/simple_vehicle_ops.c:301:6:HAL_TIM_IC_CaptureCallback	8	static
../Core/Src/simple_vehicle_ops.c:332:7:GetUltraSonicDistance	8	static
../Core/Src/simple_vehicle_ops.c:350:9:CheckIfDistanceInValidRange	8	static
../Core/Src/simple_vehicle_ops.c:429:13:uss_init	8	static
../Core/Src/simple_vehicle_ops.c:375:6:VehicleMoveFwd	0	static
../Core/Src/simple_vehicle_ops.c:379:6:VehicleMoveBwd	0	static
../Core/Src/simple_vehicle_ops.c:440:6:vehicle_init	8	static
