../Core/Src/simple_vehicle_ops.c:336:13:delay_us	0	static
../Core/Src/simple_vehicle_ops.c:65:21:__vJumpToBootloader	16	static,ignoring_inline_asm
../Core/Src/simple_vehicle_ops.c:354:13:uss_trigger	8	static
../Core/Src/simple_vehicle_ops.c:171:6:ControlMotorFR	0	static
../Core/Src/simple_vehicle_ops.c:175:6:ControlMotorFL	0	static
../Core/Src/simple_vehicle_ops.c:179:6:ControlMotorBR	0	static
../Core/Src/simple_vehicle_ops.c:183:6:ControlMotorBL	0	static
../Core/Src/simple_vehicle_ops.c:187:6:SetRotateCW_FR	8	static
../Core/Src/simple_vehicle_ops.c:193:6:SetRotateCW_FL	8	static
../Core/Src/simple_vehicle_ops.c:198:6:SetRotateCW_BR	8	static
../Core/Src/simple_vehicle_ops.c:203:6:SetRotateCW_BL	8	static
../Core/Src/simple_vehicle_ops.c:208:6:SetRotateCCW_FR	8	static
../Core/Src/simple_vehicle_ops.c:214:6:SetRotateCCW_FL	8	static
../Core/Src/simple_vehicle_ops.c:219:6:SetRotateCCW_BR	8	static
../Core/Src/simple_vehicle_ops.c:224:6:SetRotateCCW_BL	8	static
../Core/Src/simple_vehicle_ops.c:229:6:StopAllMotors	0	static
../Core/Src/simple_vehicle_ops.c:236:6:ControlMotorSpeed	16	static
../Core/Src/simple_vehicle_ops.c:280:6:BuzzerUUUUUH	8	static
../Core/Src/simple_vehicle_ops.c:285:6:BuzzerNO	8	static
../Core/Src/simple_vehicle_ops.c:507:13:buzzer_init	24	static
../Core/Src/simple_vehicle_ops.c:305:6:ControlLedFR	0	static
../Core/Src/simple_vehicle_ops.c:309:6:ControlLedFL	0	static
../Core/Src/simple_vehicle_ops.c:313:6:ControlFrontLeds	16	static
../Core/Src/simple_vehicle_ops.c:370:6:HAL_TIM_IC_CaptureCallback	8	static
../Core/Src/simple_vehicle_ops.c:401:7:GetUltraSonicDistance	8	static
../Core/Src/simple_vehicle_ops.c:416:6:buzzerngy	8	static
../Core/Src/simple_vehicle_ops.c:435:9:CheckIfDistanceInValidRange	16	static
../Core/Src/simple_vehicle_ops.c:460:6:VehicleMoveFwd	8	static
../Core/Src/simple_vehicle_ops.c:467:6:VehicleMoveBwd	8	static
../Core/Src/simple_vehicle_ops.c:531:6:vehicle_init	8	static
../Core/Src/simple_vehicle_ops.c:549:6:start_gp_procedure	8	static
../Core/Src/simple_vehicle_ops.c:555:6:stop_gp_procedure	8	static
../Core/Src/simple_vehicle_ops.c:104:6:HAL_UART_RxCpltCallback	8	static
