../Core/Src/simple_vehicle_ops.c:61:21:__vJumpToBootloader	24	static,ignoring_inline_asm
../Core/Src/simple_vehicle_ops.c:78:6:HAL_UART_RxCpltCallback	16	static
../Core/Src/simple_vehicle_ops.c:91:21:send_log	16	static
../Core/Src/simple_vehicle_ops.c:129:6:ControlMotorFR	16	static
../Core/Src/simple_vehicle_ops.c:133:6:ControlMotorFL	16	static
../Core/Src/simple_vehicle_ops.c:137:6:ControlMotorBR	16	static
../Core/Src/simple_vehicle_ops.c:141:6:ControlMotorBL	16	static
../Core/Src/simple_vehicle_ops.c:145:6:StopAllMotors	4	static
../Core/Src/simple_vehicle_ops.c:152:6:ControlMotorSpeed	24	static
../Core/Src/simple_vehicle_ops.c:193:6:BuzzerUUUUUH	8	static
../Core/Src/simple_vehicle_ops.c:198:6:BuzzerNO	8	static
../Core/Src/simple_vehicle_ops.c:218:6:ControlLedFR	16	static
../Core/Src/simple_vehicle_ops.c:222:6:ControlLedFL	16	static
../Core/Src/simple_vehicle_ops.c:226:6:ControlFrontLeds	24	static
../Core/Src/simple_vehicle_ops.c:271:13:uss_trigger	8	static
../Core/Src/simple_vehicle_ops.c:290:6:HAL_TIM_IC_CaptureCallback	16	static
../Core/Src/simple_vehicle_ops.c:317:7:GetUltraSonicDistance	8	static
../Core/Src/simple_vehicle_ops.c:338:9:CheckIfDistanceInValidRange	16	static
../Core/Src/simple_vehicle_ops.c:358:6:VehicleMoveFwd	4	static
../Core/Src/simple_vehicle_ops.c:362:6:VehicleMoveBwd	4	static
../Core/Src/simple_vehicle_ops.c:366:13:front_leds_init	16	static
../Core/Src/simple_vehicle_ops.c:375:13:buzzer_init	8	static
../Core/Src/simple_vehicle_ops.c:381:13:uss_init	8	static
../Core/Src/simple_vehicle_ops.c:386:13:motors_init	8	static
../Core/Src/simple_vehicle_ops.c:392:6:vehicle_init	8	static
