19:14:12 **** Build of configuration Debug for project bootloaderX3 ****
make -j12 all 
arm-none-eabi-gcc "../Core/Src/bootloader_prg.c" -mcpu=cortex-m3 -std=gnu11 -g3 -DDEBUG -DUSE_HAL_DRIVER -DSTM32F103xB -c -I../Core/Inc -I"G:/WX_CAREER/Grad Project/src/vehicle_intf/testing/assets" -I"G:/WX_CAREER/Grad Project/src/vehicle_intf/testing/bootloader" -I../Drivers/STM32F1xx_HAL_Driver/Inc -I../Drivers/STM32F1xx_HAL_Driver/Inc/Legacy -I../Drivers/CMSIS/Device/ST/STM32F1xx/Include -I../Drivers/CMSIS/Include -I../wolfSSL -I../Middlewares/Third_Party/wolfSSL_wolfSSL_wolfSSL/wolfssl/ -Os -ffunction-sections -fdata-sections -Wall -fstack-usage -MMD -MP -MF"Core/Src/bootloader_prg.d" -MT"Core/Src/bootloader_prg.o" --specs=nano.specs -mfloat-abi=soft -mthumb -o "Core/Src/bootloader_prg.o"
../Core/Src/bootloader_prg.c: In function '__vPipeEcho':
../Core/Src/bootloader_prg.c:211:10: warning: passing argument 1 of 'memcpy' discards 'volatile' qualifier from pointer target type [-Wdiscarded-qualifiers]
  211 |   memcpy(local_u8TxBuffer, pArg_u8TxBuffer, Arg_u8Length);
      |          ^~~~~~~~~~~~~~~~
In file included from ../Core/Src/bootloader_prg.c:46:
h:\stmcubeide\stm32cubeide_1.10.1\stm32cubeide\plugins\com.st.stm32cube.ide.mcu.externaltools.gnu-tools-for-stm32.10.3-2021.10.win32_1.0.0.202111181127\tools\arm-none-eabi\include\string.h:31:17: note: expected 'void * restrict' but argument is of type 'volatile uint8 *' {aka 'volatile unsigned char *'}
   31 | void *  memcpy (void *__restrict, const void *__restrict, size_t);
      |                 ^
../Core/Src/bootloader_prg.c: In function '__vSendAck':
../Core/Src/bootloader_prg.c:222:14: warning: passing argument 1 of '__vPipeEcho' from incompatible pointer type [-Wincompatible-pointer-types]
  222 |  __vPipeEcho(&local_u8AckValue, 2u);
      |              ^~~~~~~~~~~~~~~~~
      |              |
      |              uint8 (*)[2] {aka unsigned char (*)[2]}
../Core/Src/bootloader_prg.c:205:46: note: expected 'const uint8 *' {aka 'const unsigned char *'} but argument is of type 'uint8 (*)[2]' {aka 'unsigned char (*)[2]'}
  205 | __STATIC __NORETURN __vPipeEcho(const uint8* pArg_u8TxBuffer, uint8 Arg_u8Length) {
      |                                 ~~~~~~~~~~~~~^~~~~~~~~~~~~~~
../Core/Src/bootloader_prg.c: In function '__enPipeListen':
../Core/Src/bootloader_prg.c:377:9: warning: passing argument 1 of 'memset' discards 'volatile' qualifier from pointer target type [-Wdiscarded-qualifiers]
  377 |  memset(local_u8PipeListenrBuffer, 0, PIPE_BUFFER_MAX_SIZE);
      |         ^~~~~~~~~~~~~~~~~~~~~~~~~
In file included from ../Core/Src/bootloader_prg.c:46:
h:\stmcubeide\stm32cubeide_1.10.1\stm32cubeide\plugins\com.st.stm32cube.ide.mcu.externaltools.gnu-tools-for-stm32.10.3-2021.10.win32_1.0.0.202111181127\tools\arm-none-eabi\include\string.h:33:17: note: expected 'void *' but argument is of type 'volatile uint8 *' {aka 'volatile unsigned char *'}
   33 | void *  memset (void *, int, size_t);
      |                 ^~~~~~
../Core/Src/bootloader_prg.c:410:6: warning: "/*" within comment [-Wcomment]
  410 |      /* Execute the command */
      |       
In file included from ../Core/Src/bootloader_prg.c:36:
../Core/Src/bootloader_prg.c: At top level:
G:/WX_CAREER/Grad Project/src/vehicle_intf/testing/bootloader/bootloader_prv.h:270:17: warning: '__tCalculateSHA256HashForApplication' declared 'static' but never defined [-Wunused-function]
  270 | __STATIC hash_t __tCalculateSHA256HashForApplication(void);
      |                 ^~~~~~~~~~~~~~~~~~~~~~~~~~~~~~~~~~~~
../Core/Src/bootloader_prg.c: In function '__vJumpToApplication':
../Core/Src/bootloader_prg.c:331:1: warning: 'noreturn' function does return
  331 | }
      | ^
arm-none-eabi-gcc -o "bootloaderX3.elf" @"objects.list"   -mcpu=cortex-m3 -T"G:\WX_CAREER\Grad Project\src\vehicle_intf\testing\bootloaderX3\STM32F103C8TX_FLASH.ld" --specs=nosys.specs -Wl,-Map="bootloaderX3.map" -Wl,--gc-sections -static --specs=nano.specs -mfloat-abi=soft -mthumb -Wl,--start-group -lc -lm -Wl,--end-group
Finished building target: bootloaderX3.elf
 
arm-none-eabi-size   bootloaderX3.elf 
arm-none-eabi-objdump -h -S  bootloaderX3.elf  > "bootloaderX3.list"
arm-none-eabi-objcopy  -O ihex  bootloaderX3.elf  "bootloaderX3.hex"
arm-none-eabi-objcopy  -O binary  bootloaderX3.elf  "bootloaderX3.bin"
   text	   data	    bss	    dec	    hex	filename
   7584	     40	   2544	  10168	   27b8	bootloaderX3.elf
Finished building: default.size.stdout
 
Finished building: bootloaderX3.list
 
Finished building: bootloaderX3.bin
Finished building: bootloaderX3.hex
 
 

19:14:24 Build Finished. 0 errors, 6 warnings. (took 11s.843ms)

