21:05:12 **** Incremental Build of configuration Debug for project TargetApplication ****
make -j12 all 
arm-none-eabi-gcc "C:/Users/Wx/STM32Cube/Repository/STM32Cube_FW_F1_V1.8.5/Drivers/STM32F1xx_HAL_Driver/Src/stm32f1xx_hal.c" -mcpu=cortex-m3 -std=c99 -g3 -DDEBUG -DUSE_HAL_DRIVER -DSTM32F103xB -c -I../Core/Inc -I"G:/WX_CAREER/Grad Project/src/vehicle_intf/testing/SimpleVehicleOps/" -I"G:/WX_CAREER/Grad Project/src/vehicle_intf/testing/assets" -IC:/Users/Wx/STM32Cube/Repository/STM32Cube_FW_F1_V1.8.5/Drivers/STM32F1xx_HAL_Driver/Inc -IC:/Users/Wx/STM32Cube/Repository/STM32Cube_FW_F1_V1.8.5/Drivers/STM32F1xx_HAL_Driver/Inc/Legacy -IC:/Users/Wx/STM32Cube/Repository/STM32Cube_FW_F1_V1.8.5/Drivers/CMSIS/Device/ST/STM32F1xx/Include -IC:/Users/Wx/STM32Cube/Repository/STM32Cube_FW_F1_V1.8.5/Drivers/CMSIS/Include -O0 -ffunction-sections -fdata-sections -Wall -fstack-usage -MMD -MP -MF"Drivers/STM32F1xx_HAL_Driver/stm32f1xx_hal.d" -MT"Drivers/STM32F1xx_HAL_Driver/stm32f1xx_hal.o" --specs=nano.specs -mfloat-abi=soft -mthumb -o "Drivers/STM32F1xx_HAL_Driver/stm32f1xx_hal.o"
arm-none-eabi-gcc "C:/Users/Wx/STM32Cube/Repository/STM32Cube_FW_F1_V1.8.5/Drivers/STM32F1xx_HAL_Driver/Src/stm32f1xx_hal_cortex.c" -mcpu=cortex-m3 -std=c99 -g3 -DDEBUG -DUSE_HAL_DRIVER -DSTM32F103xB -c -I../Core/Inc -I"G:/WX_CAREER/Grad Project/src/vehicle_intf/testing/SimpleVehicleOps/" -I"G:/WX_CAREER/Grad Project/src/vehicle_intf/testing/assets" -IC:/Users/Wx/STM32Cube/Repository/STM32Cube_FW_F1_V1.8.5/Drivers/STM32F1xx_HAL_Driver/Inc -IC:/Users/Wx/STM32Cube/Repository/STM32Cube_FW_F1_V1.8.5/Drivers/STM32F1xx_HAL_Driver/Inc/Legacy -IC:/Users/Wx/STM32Cube/Repository/STM32Cube_FW_F1_V1.8.5/Drivers/CMSIS/Device/ST/STM32F1xx/Include -IC:/Users/Wx/STM32Cube/Repository/STM32Cube_FW_F1_V1.8.5/Drivers/CMSIS/Include -O0 -ffunction-sections -fdata-sections -Wall -fstack-usage -MMD -MP -MF"Drivers/STM32F1xx_HAL_Driver/stm32f1xx_hal_cortex.d" -MT"Drivers/STM32F1xx_HAL_Driver/stm32f1xx_hal_cortex.o" --specs=nano.specs -mfloat-abi=soft -mthumb -o "Drivers/STM32F1xx_HAL_Driver/stm32f1xx_hal_cortex.o"
arm-none-eabi-gcc "C:/Users/Wx/STM32Cube/Repository/STM32Cube_FW_F1_V1.8.5/Drivers/STM32F1xx_HAL_Driver/Src/stm32f1xx_hal_dma.c" -mcpu=cortex-m3 -std=c99 -g3 -DDEBUG -DUSE_HAL_DRIVER -DSTM32F103xB -c -I../Core/Inc -I"G:/WX_CAREER/Grad Project/src/vehicle_intf/testing/SimpleVehicleOps/" -I"G:/WX_CAREER/Grad Project/src/vehicle_intf/testing/assets" -IC:/Users/Wx/STM32Cube/Repository/STM32Cube_FW_F1_V1.8.5/Drivers/STM32F1xx_HAL_Driver/Inc -IC:/Users/Wx/STM32Cube/Repository/STM32Cube_FW_F1_V1.8.5/Drivers/STM32F1xx_HAL_Driver/Inc/Legacy -IC:/Users/Wx/STM32Cube/Repository/STM32Cube_FW_F1_V1.8.5/Drivers/CMSIS/Device/ST/STM32F1xx/Include -IC:/Users/Wx/STM32Cube/Repository/STM32Cube_FW_F1_V1.8.5/Drivers/CMSIS/Include -O0 -ffunction-sections -fdata-sections -Wall -fstack-usage -MMD -MP -MF"Drivers/STM32F1xx_HAL_Driver/stm32f1xx_hal_dma.d" -MT"Drivers/STM32F1xx_HAL_Driver/stm32f1xx_hal_dma.o" --specs=nano.specs -mfloat-abi=soft -mthumb -o "Drivers/STM32F1xx_HAL_Driver/stm32f1xx_hal_dma.o"
arm-none-eabi-gcc "C:/Users/Wx/STM32Cube/Repository/STM32Cube_FW_F1_V1.8.5/Drivers/STM32F1xx_HAL_Driver/Src/stm32f1xx_hal_exti.c" -mcpu=cortex-m3 -std=c99 -g3 -DDEBUG -DUSE_HAL_DRIVER -DSTM32F103xB -c -I../Core/Inc -I"G:/WX_CAREER/Grad Project/src/vehicle_intf/testing/SimpleVehicleOps/" -I"G:/WX_CAREER/Grad Project/src/vehicle_intf/testing/assets" -IC:/Users/Wx/STM32Cube/Repository/STM32Cube_FW_F1_V1.8.5/Drivers/STM32F1xx_HAL_Driver/Inc -IC:/Users/Wx/STM32Cube/Repository/STM32Cube_FW_F1_V1.8.5/Drivers/STM32F1xx_HAL_Driver/Inc/Legacy -IC:/Users/Wx/STM32Cube/Repository/STM32Cube_FW_F1_V1.8.5/Drivers/CMSIS/Device/ST/STM32F1xx/Include -IC:/Users/Wx/STM32Cube/Repository/STM32Cube_FW_F1_V1.8.5/Drivers/CMSIS/Include -O0 -ffunction-sections -fdata-sections -Wall -fstack-usage -MMD -MP -MF"Drivers/STM32F1xx_HAL_Driver/stm32f1xx_hal_exti.d" -MT"Drivers/STM32F1xx_HAL_Driver/stm32f1xx_hal_exti.o" --specs=nano.specs -mfloat-abi=soft -mthumb -o "Drivers/STM32F1xx_HAL_Driver/stm32f1xx_hal_exti.o"
arm-none-eabi-gcc "C:/Users/Wx/STM32Cube/Repository/STM32Cube_FW_F1_V1.8.5/Drivers/STM32F1xx_HAL_Driver/Src/stm32f1xx_hal_flash.c" -mcpu=cortex-m3 -std=c99 -g3 -DDEBUG -DUSE_HAL_DRIVER -DSTM32F103xB -c -I../Core/Inc -I"G:/WX_CAREER/Grad Project/src/vehicle_intf/testing/SimpleVehicleOps/" -I"G:/WX_CAREER/Grad Project/src/vehicle_intf/testing/assets" -IC:/Users/Wx/STM32Cube/Repository/STM32Cube_FW_F1_V1.8.5/Drivers/STM32F1xx_HAL_Driver/Inc -IC:/Users/Wx/STM32Cube/Repository/STM32Cube_FW_F1_V1.8.5/Drivers/STM32F1xx_HAL_Driver/Inc/Legacy -IC:/Users/Wx/STM32Cube/Repository/STM32Cube_FW_F1_V1.8.5/Drivers/CMSIS/Device/ST/STM32F1xx/Include -IC:/Users/Wx/STM32Cube/Repository/STM32Cube_FW_F1_V1.8.5/Drivers/CMSIS/Include -O0 -ffunction-sections -fdata-sections -Wall -fstack-usage -MMD -MP -MF"Drivers/STM32F1xx_HAL_Driver/stm32f1xx_hal_flash.d" -MT"Drivers/STM32F1xx_HAL_Driver/stm32f1xx_hal_flash.o" --specs=nano.specs -mfloat-abi=soft -mthumb -o "Drivers/STM32F1xx_HAL_Driver/stm32f1xx_hal_flash.o"
arm-none-eabi-gcc "C:/Users/Wx/STM32Cube/Repository/STM32Cube_FW_F1_V1.8.5/Drivers/STM32F1xx_HAL_Driver/Src/stm32f1xx_hal_flash_ex.c" -mcpu=cortex-m3 -std=c99 -g3 -DDEBUG -DUSE_HAL_DRIVER -DSTM32F103xB -c -I../Core/Inc -I"G:/WX_CAREER/Grad Project/src/vehicle_intf/testing/SimpleVehicleOps/" -I"G:/WX_CAREER/Grad Project/src/vehicle_intf/testing/assets" -IC:/Users/Wx/STM32Cube/Repository/STM32Cube_FW_F1_V1.8.5/Drivers/STM32F1xx_HAL_Driver/Inc -IC:/Users/Wx/STM32Cube/Repository/STM32Cube_FW_F1_V1.8.5/Drivers/STM32F1xx_HAL_Driver/Inc/Legacy -IC:/Users/Wx/STM32Cube/Repository/STM32Cube_FW_F1_V1.8.5/Drivers/CMSIS/Device/ST/STM32F1xx/Include -IC:/Users/Wx/STM32Cube/Repository/STM32Cube_FW_F1_V1.8.5/Drivers/CMSIS/Include -O0 -ffunction-sections -fdata-sections -Wall -fstack-usage -MMD -MP -MF"Drivers/STM32F1xx_HAL_Driver/stm32f1xx_hal_flash_ex.d" -MT"Drivers/STM32F1xx_HAL_Driver/stm32f1xx_hal_flash_ex.o" --specs=nano.specs -mfloat-abi=soft -mthumb -o "Drivers/STM32F1xx_HAL_Driver/stm32f1xx_hal_flash_ex.o"
arm-none-eabi-gcc "C:/Users/Wx/STM32Cube/Repository/STM32Cube_FW_F1_V1.8.5/Drivers/STM32F1xx_HAL_Driver/Src/stm32f1xx_hal_gpio.c" -mcpu=cortex-m3 -std=c99 -g3 -DDEBUG -DUSE_HAL_DRIVER -DSTM32F103xB -c -I../Core/Inc -I"G:/WX_CAREER/Grad Project/src/vehicle_intf/testing/SimpleVehicleOps/" -I"G:/WX_CAREER/Grad Project/src/vehicle_intf/testing/assets" -IC:/Users/Wx/STM32Cube/Repository/STM32Cube_FW_F1_V1.8.5/Drivers/STM32F1xx_HAL_Driver/Inc -IC:/Users/Wx/STM32Cube/Repository/STM32Cube_FW_F1_V1.8.5/Drivers/STM32F1xx_HAL_Driver/Inc/Legacy -IC:/Users/Wx/STM32Cube/Repository/STM32Cube_FW_F1_V1.8.5/Drivers/CMSIS/Device/ST/STM32F1xx/Include -IC:/Users/Wx/STM32Cube/Repository/STM32Cube_FW_F1_V1.8.5/Drivers/CMSIS/Include -O0 -ffunction-sections -fdata-sections -Wall -fstack-usage -MMD -MP -MF"Drivers/STM32F1xx_HAL_Driver/stm32f1xx_hal_gpio.d" -MT"Drivers/STM32F1xx_HAL_Driver/stm32f1xx_hal_gpio.o" --specs=nano.specs -mfloat-abi=soft -mthumb -o "Drivers/STM32F1xx_HAL_Driver/stm32f1xx_hal_gpio.o"
arm-none-eabi-gcc "C:/Users/Wx/STM32Cube/Repository/STM32Cube_FW_F1_V1.8.5/Drivers/STM32F1xx_HAL_Driver/Src/stm32f1xx_hal_gpio_ex.c" -mcpu=cortex-m3 -std=c99 -g3 -DDEBUG -DUSE_HAL_DRIVER -DSTM32F103xB -c -I../Core/Inc -I"G:/WX_CAREER/Grad Project/src/vehicle_intf/testing/SimpleVehicleOps/" -I"G:/WX_CAREER/Grad Project/src/vehicle_intf/testing/assets" -IC:/Users/Wx/STM32Cube/Repository/STM32Cube_FW_F1_V1.8.5/Drivers/STM32F1xx_HAL_Driver/Inc -IC:/Users/Wx/STM32Cube/Repository/STM32Cube_FW_F1_V1.8.5/Drivers/STM32F1xx_HAL_Driver/Inc/Legacy -IC:/Users/Wx/STM32Cube/Repository/STM32Cube_FW_F1_V1.8.5/Drivers/CMSIS/Device/ST/STM32F1xx/Include -IC:/Users/Wx/STM32Cube/Repository/STM32Cube_FW_F1_V1.8.5/Drivers/CMSIS/Include -O0 -ffunction-sections -fdata-sections -Wall -fstack-usage -MMD -MP -MF"Drivers/STM32F1xx_HAL_Driver/stm32f1xx_hal_gpio_ex.d" -MT"Drivers/STM32F1xx_HAL_Driver/stm32f1xx_hal_gpio_ex.o" --specs=nano.specs -mfloat-abi=soft -mthumb -o "Drivers/STM32F1xx_HAL_Driver/stm32f1xx_hal_gpio_ex.o"
arm-none-eabi-gcc "C:/Users/Wx/STM32Cube/Repository/STM32Cube_FW_F1_V1.8.5/Drivers/STM32F1xx_HAL_Driver/Src/stm32f1xx_hal_pwr.c" -mcpu=cortex-m3 -std=c99 -g3 -DDEBUG -DUSE_HAL_DRIVER -DSTM32F103xB -c -I../Core/Inc -I"G:/WX_CAREER/Grad Project/src/vehicle_intf/testing/SimpleVehicleOps/" -I"G:/WX_CAREER/Grad Project/src/vehicle_intf/testing/assets" -IC:/Users/Wx/STM32Cube/Repository/STM32Cube_FW_F1_V1.8.5/Drivers/STM32F1xx_HAL_Driver/Inc -IC:/Users/Wx/STM32Cube/Repository/STM32Cube_FW_F1_V1.8.5/Drivers/STM32F1xx_HAL_Driver/Inc/Legacy -IC:/Users/Wx/STM32Cube/Repository/STM32Cube_FW_F1_V1.8.5/Drivers/CMSIS/Device/ST/STM32F1xx/Include -IC:/Users/Wx/STM32Cube/Repository/STM32Cube_FW_F1_V1.8.5/Drivers/CMSIS/Include -O0 -ffunction-sections -fdata-sections -Wall -fstack-usage -MMD -MP -MF"Drivers/STM32F1xx_HAL_Driver/stm32f1xx_hal_pwr.d" -MT"Drivers/STM32F1xx_HAL_Driver/stm32f1xx_hal_pwr.o" --specs=nano.specs -mfloat-abi=soft -mthumb -o "Drivers/STM32F1xx_HAL_Driver/stm32f1xx_hal_pwr.o"
arm-none-eabi-gcc "C:/Users/Wx/STM32Cube/Repository/STM32Cube_FW_F1_V1.8.5/Drivers/STM32F1xx_HAL_Driver/Src/stm32f1xx_hal_rcc.c" -mcpu=cortex-m3 -std=c99 -g3 -DDEBUG -DUSE_HAL_DRIVER -DSTM32F103xB -c -I../Core/Inc -I"G:/WX_CAREER/Grad Project/src/vehicle_intf/testing/SimpleVehicleOps/" -I"G:/WX_CAREER/Grad Project/src/vehicle_intf/testing/assets" -IC:/Users/Wx/STM32Cube/Repository/STM32Cube_FW_F1_V1.8.5/Drivers/STM32F1xx_HAL_Driver/Inc -IC:/Users/Wx/STM32Cube/Repository/STM32Cube_FW_F1_V1.8.5/Drivers/STM32F1xx_HAL_Driver/Inc/Legacy -IC:/Users/Wx/STM32Cube/Repository/STM32Cube_FW_F1_V1.8.5/Drivers/CMSIS/Device/ST/STM32F1xx/Include -IC:/Users/Wx/STM32Cube/Repository/STM32Cube_FW_F1_V1.8.5/Drivers/CMSIS/Include -O0 -ffunction-sections -fdata-sections -Wall -fstack-usage -MMD -MP -MF"Drivers/STM32F1xx_HAL_Driver/stm32f1xx_hal_rcc.d" -MT"Drivers/STM32F1xx_HAL_Driver/stm32f1xx_hal_rcc.o" --specs=nano.specs -mfloat-abi=soft -mthumb -o "Drivers/STM32F1xx_HAL_Driver/stm32f1xx_hal_rcc.o"
arm-none-eabi-gcc "C:/Users/Wx/STM32Cube/Repository/STM32Cube_FW_F1_V1.8.5/Drivers/STM32F1xx_HAL_Driver/Src/stm32f1xx_hal_rcc_ex.c" -mcpu=cortex-m3 -std=c99 -g3 -DDEBUG -DUSE_HAL_DRIVER -DSTM32F103xB -c -I../Core/Inc -I"G:/WX_CAREER/Grad Project/src/vehicle_intf/testing/SimpleVehicleOps/" -I"G:/WX_CAREER/Grad Project/src/vehicle_intf/testing/assets" -IC:/Users/Wx/STM32Cube/Repository/STM32Cube_FW_F1_V1.8.5/Drivers/STM32F1xx_HAL_Driver/Inc -IC:/Users/Wx/STM32Cube/Repository/STM32Cube_FW_F1_V1.8.5/Drivers/STM32F1xx_HAL_Driver/Inc/Legacy -IC:/Users/Wx/STM32Cube/Repository/STM32Cube_FW_F1_V1.8.5/Drivers/CMSIS/Device/ST/STM32F1xx/Include -IC:/Users/Wx/STM32Cube/Repository/STM32Cube_FW_F1_V1.8.5/Drivers/CMSIS/Include -O0 -ffunction-sections -fdata-sections -Wall -fstack-usage -MMD -MP -MF"Drivers/STM32F1xx_HAL_Driver/stm32f1xx_hal_rcc_ex.d" -MT"Drivers/STM32F1xx_HAL_Driver/stm32f1xx_hal_rcc_ex.o" --specs=nano.specs -mfloat-abi=soft -mthumb -o "Drivers/STM32F1xx_HAL_Driver/stm32f1xx_hal_rcc_ex.o"
arm-none-eabi-gcc "C:/Users/Wx/STM32Cube/Repository/STM32Cube_FW_F1_V1.8.5/Drivers/STM32F1xx_HAL_Driver/Src/stm32f1xx_hal_tim.c" -mcpu=cortex-m3 -std=c99 -g3 -DDEBUG -DUSE_HAL_DRIVER -DSTM32F103xB -c -I../Core/Inc -I"G:/WX_CAREER/Grad Project/src/vehicle_intf/testing/SimpleVehicleOps/" -I"G:/WX_CAREER/Grad Project/src/vehicle_intf/testing/assets" -IC:/Users/Wx/STM32Cube/Repository/STM32Cube_FW_F1_V1.8.5/Drivers/STM32F1xx_HAL_Driver/Inc -IC:/Users/Wx/STM32Cube/Repository/STM32Cube_FW_F1_V1.8.5/Drivers/STM32F1xx_HAL_Driver/Inc/Legacy -IC:/Users/Wx/STM32Cube/Repository/STM32Cube_FW_F1_V1.8.5/Drivers/CMSIS/Device/ST/STM32F1xx/Include -IC:/Users/Wx/STM32Cube/Repository/STM32Cube_FW_F1_V1.8.5/Drivers/CMSIS/Include -O0 -ffunction-sections -fdata-sections -Wall -fstack-usage -MMD -MP -MF"Drivers/STM32F1xx_HAL_Driver/stm32f1xx_hal_tim.d" -MT"Drivers/STM32F1xx_HAL_Driver/stm32f1xx_hal_tim.o" --specs=nano.specs -mfloat-abi=soft -mthumb -o "Drivers/STM32F1xx_HAL_Driver/stm32f1xx_hal_tim.o"
arm-none-eabi-gcc "C:/Users/Wx/STM32Cube/Repository/STM32Cube_FW_F1_V1.8.5/Drivers/STM32F1xx_HAL_Driver/Src/stm32f1xx_hal_tim_ex.c" -mcpu=cortex-m3 -std=c99 -g3 -DDEBUG -DUSE_HAL_DRIVER -DSTM32F103xB -c -I../Core/Inc -I"G:/WX_CAREER/Grad Project/src/vehicle_intf/testing/SimpleVehicleOps/" -I"G:/WX_CAREER/Grad Project/src/vehicle_intf/testing/assets" -IC:/Users/Wx/STM32Cube/Repository/STM32Cube_FW_F1_V1.8.5/Drivers/STM32F1xx_HAL_Driver/Inc -IC:/Users/Wx/STM32Cube/Repository/STM32Cube_FW_F1_V1.8.5/Drivers/STM32F1xx_HAL_Driver/Inc/Legacy -IC:/Users/Wx/STM32Cube/Repository/STM32Cube_FW_F1_V1.8.5/Drivers/CMSIS/Device/ST/STM32F1xx/Include -IC:/Users/Wx/STM32Cube/Repository/STM32Cube_FW_F1_V1.8.5/Drivers/CMSIS/Include -O0 -ffunction-sections -fdata-sections -Wall -fstack-usage -MMD -MP -MF"Drivers/STM32F1xx_HAL_Driver/stm32f1xx_hal_tim_ex.d" -MT"Drivers/STM32F1xx_HAL_Driver/stm32f1xx_hal_tim_ex.o" --specs=nano.specs -mfloat-abi=soft -mthumb -o "Drivers/STM32F1xx_HAL_Driver/stm32f1xx_hal_tim_ex.o"
arm-none-eabi-gcc "C:/Users/Wx/STM32Cube/Repository/STM32Cube_FW_F1_V1.8.5/Drivers/STM32F1xx_HAL_Driver/Src/stm32f1xx_hal_uart.c" -mcpu=cortex-m3 -std=c99 -g3 -DDEBUG -DUSE_HAL_DRIVER -DSTM32F103xB -c -I../Core/Inc -I"G:/WX_CAREER/Grad Project/src/vehicle_intf/testing/SimpleVehicleOps/" -I"G:/WX_CAREER/Grad Project/src/vehicle_intf/testing/assets" -IC:/Users/Wx/STM32Cube/Repository/STM32Cube_FW_F1_V1.8.5/Drivers/STM32F1xx_HAL_Driver/Inc -IC:/Users/Wx/STM32Cube/Repository/STM32Cube_FW_F1_V1.8.5/Drivers/STM32F1xx_HAL_Driver/Inc/Legacy -IC:/Users/Wx/STM32Cube/Repository/STM32Cube_FW_F1_V1.8.5/Drivers/CMSIS/Device/ST/STM32F1xx/Include -IC:/Users/Wx/STM32Cube/Repository/STM32Cube_FW_F1_V1.8.5/Drivers/CMSIS/Include -O0 -ffunction-sections -fdata-sections -Wall -fstack-usage -MMD -MP -MF"Drivers/STM32F1xx_HAL_Driver/stm32f1xx_hal_uart.d" -MT"Drivers/STM32F1xx_HAL_Driver/stm32f1xx_hal_uart.o" --specs=nano.specs -mfloat-abi=soft -mthumb -o "Drivers/STM32F1xx_HAL_Driver/stm32f1xx_hal_uart.o"
arm-none-eabi-gcc "../Core/Src/gpio.c" -mcpu=cortex-m3 -std=c99 -g3 -DDEBUG -DUSE_HAL_DRIVER -DSTM32F103xB -c -I../Core/Inc -I"G:/WX_CAREER/Grad Project/src/vehicle_intf/testing/SimpleVehicleOps/" -I"G:/WX_CAREER/Grad Project/src/vehicle_intf/testing/assets" -IC:/Users/Wx/STM32Cube/Repository/STM32Cube_FW_F1_V1.8.5/Drivers/STM32F1xx_HAL_Driver/Inc -IC:/Users/Wx/STM32Cube/Repository/STM32Cube_FW_F1_V1.8.5/Drivers/STM32F1xx_HAL_Driver/Inc/Legacy -IC:/Users/Wx/STM32Cube/Repository/STM32Cube_FW_F1_V1.8.5/Drivers/CMSIS/Device/ST/STM32F1xx/Include -IC:/Users/Wx/STM32Cube/Repository/STM32Cube_FW_F1_V1.8.5/Drivers/CMSIS/Include -O0 -ffunction-sections -fdata-sections -Wall -fstack-usage -MMD -MP -MF"Core/Src/gpio.d" -MT"Core/Src/gpio.o" --specs=nano.specs -mfloat-abi=soft -mthumb -o "Core/Src/gpio.o"
arm-none-eabi-gcc "../Core/Src/main.c" -mcpu=cortex-m3 -std=c99 -g3 -DDEBUG -DUSE_HAL_DRIVER -DSTM32F103xB -c -I../Core/Inc -I"G:/WX_CAREER/Grad Project/src/vehicle_intf/testing/SimpleVehicleOps/" -I"G:/WX_CAREER/Grad Project/src/vehicle_intf/testing/assets" -IC:/Users/Wx/STM32Cube/Repository/STM32Cube_FW_F1_V1.8.5/Drivers/STM32F1xx_HAL_Driver/Inc -IC:/Users/Wx/STM32Cube/Repository/STM32Cube_FW_F1_V1.8.5/Drivers/STM32F1xx_HAL_Driver/Inc/Legacy -IC:/Users/Wx/STM32Cube/Repository/STM32Cube_FW_F1_V1.8.5/Drivers/CMSIS/Device/ST/STM32F1xx/Include -IC:/Users/Wx/STM32Cube/Repository/STM32Cube_FW_F1_V1.8.5/Drivers/CMSIS/Include -O0 -ffunction-sections -fdata-sections -Wall -fstack-usage -MMD -MP -MF"Core/Src/main.d" -MT"Core/Src/main.o" --specs=nano.specs -mfloat-abi=soft -mthumb -o "Core/Src/main.o"
arm-none-eabi-gcc "../Core/Src/simple_vehicle_ops.c" -mcpu=cortex-m3 -std=c99 -g3 -DDEBUG -DUSE_HAL_DRIVER -DSTM32F103xB -c -I../Core/Inc -I"G:/WX_CAREER/Grad Project/src/vehicle_intf/testing/SimpleVehicleOps/" -I"G:/WX_CAREER/Grad Project/src/vehicle_intf/testing/assets" -IC:/Users/Wx/STM32Cube/Repository/STM32Cube_FW_F1_V1.8.5/Drivers/STM32F1xx_HAL_Driver/Inc -IC:/Users/Wx/STM32Cube/Repository/STM32Cube_FW_F1_V1.8.5/Drivers/STM32F1xx_HAL_Driver/Inc/Legacy -IC:/Users/Wx/STM32Cube/Repository/STM32Cube_FW_F1_V1.8.5/Drivers/CMSIS/Device/ST/STM32F1xx/Include -IC:/Users/Wx/STM32Cube/Repository/STM32Cube_FW_F1_V1.8.5/Drivers/CMSIS/Include -O0 -ffunction-sections -fdata-sections -Wall -fstack-usage -MMD -MP -MF"Core/Src/simple_vehicle_ops.d" -MT"Core/Src/simple_vehicle_ops.o" --specs=nano.specs -mfloat-abi=soft -mthumb -o "Core/Src/simple_vehicle_ops.o"
arm-none-eabi-gcc "../Core/Src/stm32f1xx_hal_msp.c" -mcpu=cortex-m3 -std=c99 -g3 -DDEBUG -DUSE_HAL_DRIVER -DSTM32F103xB -c -I../Core/Inc -I"G:/WX_CAREER/Grad Project/src/vehicle_intf/testing/SimpleVehicleOps/" -I"G:/WX_CAREER/Grad Project/src/vehicle_intf/testing/assets" -IC:/Users/Wx/STM32Cube/Repository/STM32Cube_FW_F1_V1.8.5/Drivers/STM32F1xx_HAL_Driver/Inc -IC:/Users/Wx/STM32Cube/Repository/STM32Cube_FW_F1_V1.8.5/Drivers/STM32F1xx_HAL_Driver/Inc/Legacy -IC:/Users/Wx/STM32Cube/Repository/STM32Cube_FW_F1_V1.8.5/Drivers/CMSIS/Device/ST/STM32F1xx/Include -IC:/Users/Wx/STM32Cube/Repository/STM32Cube_FW_F1_V1.8.5/Drivers/CMSIS/Include -O0 -ffunction-sections -fdata-sections -Wall -fstack-usage -MMD -MP -MF"Core/Src/stm32f1xx_hal_msp.d" -MT"Core/Src/stm32f1xx_hal_msp.o" --specs=nano.specs -mfloat-abi=soft -mthumb -o "Core/Src/stm32f1xx_hal_msp.o"
arm-none-eabi-gcc "../Core/Src/stm32f1xx_it.c" -mcpu=cortex-m3 -std=c99 -g3 -DDEBUG -DUSE_HAL_DRIVER -DSTM32F103xB -c -I../Core/Inc -I"G:/WX_CAREER/Grad Project/src/vehicle_intf/testing/SimpleVehicleOps/" -I"G:/WX_CAREER/Grad Project/src/vehicle_intf/testing/assets" -IC:/Users/Wx/STM32Cube/Repository/STM32Cube_FW_F1_V1.8.5/Drivers/STM32F1xx_HAL_Driver/Inc -IC:/Users/Wx/STM32Cube/Repository/STM32Cube_FW_F1_V1.8.5/Drivers/STM32F1xx_HAL_Driver/Inc/Legacy -IC:/Users/Wx/STM32Cube/Repository/STM32Cube_FW_F1_V1.8.5/Drivers/CMSIS/Device/ST/STM32F1xx/Include -IC:/Users/Wx/STM32Cube/Repository/STM32Cube_FW_F1_V1.8.5/Drivers/CMSIS/Include -O0 -ffunction-sections -fdata-sections -Wall -fstack-usage -MMD -MP -MF"Core/Src/stm32f1xx_it.d" -MT"Core/Src/stm32f1xx_it.o" --specs=nano.specs -mfloat-abi=soft -mthumb -o "Core/Src/stm32f1xx_it.o"
arm-none-eabi-gcc "../Core/Src/system_stm32f1xx.c" -mcpu=cortex-m3 -std=c99 -g3 -DDEBUG -DUSE_HAL_DRIVER -DSTM32F103xB -c -I../Core/Inc -I"G:/WX_CAREER/Grad Project/src/vehicle_intf/testing/SimpleVehicleOps/" -I"G:/WX_CAREER/Grad Project/src/vehicle_intf/testing/assets" -IC:/Users/Wx/STM32Cube/Repository/STM32Cube_FW_F1_V1.8.5/Drivers/STM32F1xx_HAL_Driver/Inc -IC:/Users/Wx/STM32Cube/Repository/STM32Cube_FW_F1_V1.8.5/Drivers/STM32F1xx_HAL_Driver/Inc/Legacy -IC:/Users/Wx/STM32Cube/Repository/STM32Cube_FW_F1_V1.8.5/Drivers/CMSIS/Device/ST/STM32F1xx/Include -IC:/Users/Wx/STM32Cube/Repository/STM32Cube_FW_F1_V1.8.5/Drivers/CMSIS/Include -O0 -ffunction-sections -fdata-sections -Wall -fstack-usage -MMD -MP -MF"Core/Src/system_stm32f1xx.d" -MT"Core/Src/system_stm32f1xx.o" --specs=nano.specs -mfloat-abi=soft -mthumb -o "Core/Src/system_stm32f1xx.o"
In file included from G:/WX_CAREER/Grad Project/src/vehicle_intf/testing/assets/Std_Types.h:40,
                 from G:/WX_CAREER/Grad Project/src/vehicle_intf/testing/SimpleVehicleOps/simple_vehicle_ops.h:41,
                 from ../Core/Src/main.c:27:
G:/WX_CAREER/Grad Project/src/vehicle_intf/testing/assets/Compiler.h:199: warning: "__PACKED" redefined
  199 |     #define __PACKED __attribute__((packed))
      | 
In file included from C:/Users/Wx/STM32Cube/Repository/STM32Cube_FW_F1_V1.8.5/Drivers/CMSIS/Include/cmsis_compiler.h:48,
                 from C:/Users/Wx/STM32Cube/Repository/STM32Cube_FW_F1_V1.8.5/Drivers/CMSIS/Include/core_cm3.h:115,
                 from C:/Users/Wx/STM32Cube/Repository/STM32Cube_FW_F1_V1.8.5/Drivers/CMSIS/Device/ST/STM32F1xx/Include/stm32f103xb.h:131,
                 from C:/Users/Wx/STM32Cube/Repository/STM32Cube_FW_F1_V1.8.5/Drivers/CMSIS/Device/ST/STM32F1xx/Include/stm32f1xx.h:130,
                 from C:/Users/Wx/STM32Cube/Repository/STM32Cube_FW_F1_V1.8.5/Drivers/STM32F1xx_HAL_Driver/Inc/stm32f1xx_hal_def.h:29,
                 from C:/Users/Wx/STM32Cube/Repository/STM32Cube_FW_F1_V1.8.5/Drivers/STM32F1xx_HAL_Driver/Inc/stm32f1xx_hal_rcc.h:27,
                 from ../Core/Inc/stm32f1xx_hal_conf.h:238,
                 from C:/Users/Wx/STM32Cube/Repository/STM32Cube_FW_F1_V1.8.5/Drivers/STM32F1xx_HAL_Driver/Inc/stm32f1xx_hal.h:29,
                 from ../Core/Inc/main.h:30,
                 from ../Core/Src/main.c:20:
C:/Users/Wx/STM32Cube/Repository/STM32Cube_FW_F1_V1.8.5/Drivers/CMSIS/Include/cmsis_gcc.h:62: note: this is the location of the previous definition
   62 |   #define __PACKED                               __attribute__((packed, aligned(1)))
      | 
arm-none-eabi-gcc "../Core/Src/tim.c" -mcpu=cortex-m3 -std=c99 -g3 -DDEBUG -DUSE_HAL_DRIVER -DSTM32F103xB -c -I../Core/Inc -I"G:/WX_CAREER/Grad Project/src/vehicle_intf/testing/SimpleVehicleOps/" -I"G:/WX_CAREER/Grad Project/src/vehicle_intf/testing/assets" -IC:/Users/Wx/STM32Cube/Repository/STM32Cube_FW_F1_V1.8.5/Drivers/STM32F1xx_HAL_Driver/Inc -IC:/Users/Wx/STM32Cube/Repository/STM32Cube_FW_F1_V1.8.5/Drivers/STM32F1xx_HAL_Driver/Inc/Legacy -IC:/Users/Wx/STM32Cube/Repository/STM32Cube_FW_F1_V1.8.5/Drivers/CMSIS/Device/ST/STM32F1xx/Include -IC:/Users/Wx/STM32Cube/Repository/STM32Cube_FW_F1_V1.8.5/Drivers/CMSIS/Include -O0 -ffunction-sections -fdata-sections -Wall -fstack-usage -MMD -MP -MF"Core/Src/tim.d" -MT"Core/Src/tim.o" --specs=nano.specs -mfloat-abi=soft -mthumb -o "Core/Src/tim.o"
../Core/Src/simple_vehicle_ops.c: In function 'uss_trigger':
../Core/Src/simple_vehicle_ops.c:240:11: warning: pointer targets in passing argument 1 of 'send_log' differ in signedness [-Wpointer-sign]
  240 |  send_log("Triggered the ultrasonic.\r\n");
      |           ^~~~~~~~~~~~~~~~~~~~~~~~~~~~~~~
      |           |
      |           char *
../Core/Src/simple_vehicle_ops.c:62:52: note: expected 'const uint8 * restrict' {aka 'const unsigned char * restrict'} but argument is of type 'char *'
   62 | __STATIC __NORETURN send_log(const uint8* restrict pArg_u8StrFormat, ...) {
      |                              ~~~~~~~~~~~~~~~~~~~~~~^~~~~~~~~~~~~~~~
../Core/Src/simple_vehicle_ops.c: In function 'HAL_TIM_IC_CaptureCallback':
../Core/Src/simple_vehicle_ops.c:281:19: warning: pointer targets in passing argument 1 of 'send_log' differ in signedness [-Wpointer-sign]
  281 |          send_log("Diff = %d us\r\n", Diff);
      |                   ^~~~~~~~~~~~~~~~~~
      |                   |
      |                   char *
../Core/Src/simple_vehicle_ops.c:62:52: note: expected 'const uint8 * restrict' {aka 'const unsigned char * restrict'} but argument is of type 'char *'
   62 | __STATIC __NORETURN send_log(const uint8* restrict pArg_u8StrFormat, ...) {
      |                              ~~~~~~~~~~~~~~~~~~~~~~^~~~~~~~~~~~~~~~
../Core/Src/simple_vehicle_ops.c: In function 'GetUltraSonicDistance':
../Core/Src/simple_vehicle_ops.c:310:14: warning: pointer targets in passing argument 1 of 'send_log' differ in signedness [-Wpointer-sign]
  310 |     send_log("Calculated distance: %d cm\r\n", g_UssDistance);
      |              ^~~~~~~~~~~~~~~~~~~~~~~~~~~~~~~~
      |              |
      |              char *
../Core/Src/simple_vehicle_ops.c:62:52: note: expected 'const uint8 * restrict' {aka 'const unsigned char * restrict'} but argument is of type 'char *'
   62 | __STATIC __NORETURN send_log(const uint8* restrict pArg_u8StrFormat, ...) {
      |                              ~~~~~~~~~~~~~~~~~~~~~~^~~~~~~~~~~~~~~~
At top level:
../Core/Src/simple_vehicle_ops.c:253:16: warning: 'uss_echo' defined but not used [-Wunused-function]
  253 | static float32 uss_echo(void) {
      |                ^~~~~~~~
arm-none-eabi-gcc "../Core/Src/usart.c" -mcpu=cortex-m3 -std=c99 -g3 -DDEBUG -DUSE_HAL_DRIVER -DSTM32F103xB -c -I../Core/Inc -I"G:/WX_CAREER/Grad Project/src/vehicle_intf/testing/SimpleVehicleOps/" -I"G:/WX_CAREER/Grad Project/src/vehicle_intf/testing/assets" -IC:/Users/Wx/STM32Cube/Repository/STM32Cube_FW_F1_V1.8.5/Drivers/STM32F1xx_HAL_Driver/Inc -IC:/Users/Wx/STM32Cube/Repository/STM32Cube_FW_F1_V1.8.5/Drivers/STM32F1xx_HAL_Driver/Inc/Legacy -IC:/Users/Wx/STM32Cube/Repository/STM32Cube_FW_F1_V1.8.5/Drivers/CMSIS/Device/ST/STM32F1xx/Include -IC:/Users/Wx/STM32Cube/Repository/STM32Cube_FW_F1_V1.8.5/Drivers/CMSIS/Include -O0 -ffunction-sections -fdata-sections -Wall -fstack-usage -MMD -MP -MF"Core/Src/usart.d" -MT"Core/Src/usart.o" --specs=nano.specs -mfloat-abi=soft -mthumb -o "Core/Src/usart.o"
arm-none-eabi-gcc -o "TargetApplication.elf" @"objects.list"   -mcpu=cortex-m3 -T"G:\WX_CAREER\Grad Project\src\vehicle_intf\testing\Application\TargetApplication\STM32F103C8TX_FLASH.ld" --specs=nosys.specs -Wl,-Map="TargetApplication.map" -Wl,--gc-sections -static --specs=nano.specs -mfloat-abi=soft -mthumb -Wl,--start-group -lc -lm -Wl,--end-group
Finished building target: TargetApplication.elf
 
arm-none-eabi-size   TargetApplication.elf 
arm-none-eabi-objdump -h -S  TargetApplication.elf  > "TargetApplication.list"
arm-none-eabi-objcopy  -O ihex  TargetApplication.elf  "TargetApplication.hex"
arm-none-eabi-objcopy  -O binary  TargetApplication.elf  "TargetApplication.bin"
   text	   data	    bss	    dec	    hex	filename
  19788	    120	   2016	  21924	   55a4	TargetApplication.elf
Finished building: default.size.stdout
 
Finished building: TargetApplication.bin
Finished building: TargetApplication.hex
 
 
Finished building: TargetApplication.list
 
21:10:44 **** Incremental Build of configuration Debug for project TargetApplication ****
make -j12 all 
arm-none-eabi-gcc "../Core/Src/simple_vehicle_ops.c" -mcpu=cortex-m3 -std=c99 -g3 -DDEBUG -DUSE_HAL_DRIVER -DSTM32F103xB -c -I../Core/Inc -I"G:/WX_CAREER/Grad Project/src/vehicle_intf/testing/SimpleVehicleOps/" -I"G:/WX_CAREER/Grad Project/src/vehicle_intf/testing/assets" -IC:/Users/Wx/STM32Cube/Repository/STM32Cube_FW_F1_V1.8.5/Drivers/STM32F1xx_HAL_Driver/Inc -IC:/Users/Wx/STM32Cube/Repository/STM32Cube_FW_F1_V1.8.5/Drivers/STM32F1xx_HAL_Driver/Inc/Legacy -IC:/Users/Wx/STM32Cube/Repository/STM32Cube_FW_F1_V1.8.5/Drivers/CMSIS/Device/ST/STM32F1xx/Include -IC:/Users/Wx/STM32Cube/Repository/STM32Cube_FW_F1_V1.8.5/Drivers/CMSIS/Include -O0 -ffunction-sections -fdata-sections -Wall -fstack-usage -MMD -MP -MF"Core/Src/simple_vehicle_ops.d" -MT"Core/Src/simple_vehicle_ops.o" --specs=nano.specs -mfloat-abi=soft -mthumb -o "Core/Src/simple_vehicle_ops.o"
../Core/Src/simple_vehicle_ops.c: In function 'uss_trigger':
../Core/Src/simple_vehicle_ops.c:240:11: warning: pointer targets in passing argument 1 of 'send_log' differ in signedness [-Wpointer-sign]
  240 |  send_log("Triggered the ultrasonic.\r\n");
      |           ^~~~~~~~~~~~~~~~~~~~~~~~~~~~~~~
      |           |
      |           char *
../Core/Src/simple_vehicle_ops.c:62:52: note: expected 'const uint8 * restrict' {aka 'const unsigned char * restrict'} but argument is of type 'char *'
   62 | __STATIC __NORETURN send_log(const uint8* restrict pArg_u8StrFormat, ...) {
      |                              ~~~~~~~~~~~~~~~~~~~~~~^~~~~~~~~~~~~~~~
../Core/Src/simple_vehicle_ops.c: In function 'HAL_TIM_IC_CaptureCallback':
../Core/Src/simple_vehicle_ops.c:281:19: warning: pointer targets in passing argument 1 of 'send_log' differ in signedness [-Wpointer-sign]
  281 |          send_log("Diff = %d us\r\n", Diff);
      |                   ^~~~~~~~~~~~~~~~~~
      |                   |
      |                   char *
../Core/Src/simple_vehicle_ops.c:62:52: note: expected 'const uint8 * restrict' {aka 'const unsigned char * restrict'} but argument is of type 'char *'
   62 | __STATIC __NORETURN send_log(const uint8* restrict pArg_u8StrFormat, ...) {
      |                              ~~~~~~~~~~~~~~~~~~~~~~^~~~~~~~~~~~~~~~
../Core/Src/simple_vehicle_ops.c: In function 'GetUltraSonicDistance':
../Core/Src/simple_vehicle_ops.c:310:14: warning: pointer targets in passing argument 1 of 'send_log' differ in signedness [-Wpointer-sign]
  310 |     send_log("Calculated distance: %d cm\r\n", g_UssDistance);
      |              ^~~~~~~~~~~~~~~~~~~~~~~~~~~~~~~~
      |              |
      |              char *
../Core/Src/simple_vehicle_ops.c:62:52: note: expected 'const uint8 * restrict' {aka 'const unsigned char * restrict'} but argument is of type 'char *'
   62 | __STATIC __NORETURN send_log(const uint8* restrict pArg_u8StrFormat, ...) {
      |                              ~~~~~~~~~~~~~~~~~~~~~~^~~~~~~~~~~~~~~~
At top level:
../Core/Src/simple_vehicle_ops.c:253:16: warning: 'uss_echo' defined but not used [-Wunused-function]
  253 | static float32 uss_echo(void) {
      |                ^~~~~~~~
arm-none-eabi-gcc -o "TargetApplication.elf" @"objects.list"   -mcpu=cortex-m3 -T"G:\WX_CAREER\Grad Project\src\vehicle_intf\testing\Application\TargetApplication\STM32F103C8TX_FLASH.ld" --specs=nosys.specs -Wl,-Map="TargetApplication.map" -Wl,--gc-sections -static --specs=nano.specs -mfloat-abi=soft -mthumb -Wl,--start-group -lc -lm -Wl,--end-group
Finished building target: TargetApplication.elf
 
arm-none-eabi-size   TargetApplication.elf 
arm-none-eabi-objdump -h -S  TargetApplication.elf  > "TargetApplication.list"
arm-none-eabi-objcopy  -O ihex  TargetApplication.elf  "TargetApplication.hex"
   text	   data	    bss	    dec	    hex	filename
  19788	    120	   2024	  21932	   55ac	TargetApplication.elf
arm-none-eabi-objcopy  -O binary  TargetApplication.elf  "TargetApplication.bin"
Finished building: default.size.stdout
 
Finished building: TargetApplication.hex
Finished building: TargetApplication.bin
 
 
Finished building: TargetApplication.list
 
21:13:45 **** Incremental Build of configuration Debug for project TargetApplication ****
make -j12 all 
arm-none-eabi-gcc "C:/Users/Wx/STM32Cube/Repository/STM32Cube_FW_F1_V1.8.5/Drivers/STM32F1xx_HAL_Driver/Src/stm32f1xx_hal.c" -mcpu=cortex-m3 -std=c99 -g3 -DDEBUG -DUSE_HAL_DRIVER -DSTM32F103xB -c -I../Core/Inc -I"G:/WX_CAREER/Grad Project/src/vehicle_intf/testing/SimpleVehicleOps/" -I"G:/WX_CAREER/Grad Project/src/vehicle_intf/testing/assets" -IC:/Users/Wx/STM32Cube/Repository/STM32Cube_FW_F1_V1.8.5/Drivers/STM32F1xx_HAL_Driver/Inc -IC:/Users/Wx/STM32Cube/Repository/STM32Cube_FW_F1_V1.8.5/Drivers/STM32F1xx_HAL_Driver/Inc/Legacy -IC:/Users/Wx/STM32Cube/Repository/STM32Cube_FW_F1_V1.8.5/Drivers/CMSIS/Device/ST/STM32F1xx/Include -IC:/Users/Wx/STM32Cube/Repository/STM32Cube_FW_F1_V1.8.5/Drivers/CMSIS/Include -O0 -ffunction-sections -fdata-sections -Wall -fstack-usage -MMD -MP -MF"Drivers/STM32F1xx_HAL_Driver/stm32f1xx_hal.d" -MT"Drivers/STM32F1xx_HAL_Driver/stm32f1xx_hal.o" --specs=nano.specs -mfloat-abi=soft -mthumb -o "Drivers/STM32F1xx_HAL_Driver/stm32f1xx_hal.o"
arm-none-eabi-gcc "C:/Users/Wx/STM32Cube/Repository/STM32Cube_FW_F1_V1.8.5/Drivers/STM32F1xx_HAL_Driver/Src/stm32f1xx_hal_cortex.c" -mcpu=cortex-m3 -std=c99 -g3 -DDEBUG -DUSE_HAL_DRIVER -DSTM32F103xB -c -I../Core/Inc -I"G:/WX_CAREER/Grad Project/src/vehicle_intf/testing/SimpleVehicleOps/" -I"G:/WX_CAREER/Grad Project/src/vehicle_intf/testing/assets" -IC:/Users/Wx/STM32Cube/Repository/STM32Cube_FW_F1_V1.8.5/Drivers/STM32F1xx_HAL_Driver/Inc -IC:/Users/Wx/STM32Cube/Repository/STM32Cube_FW_F1_V1.8.5/Drivers/STM32F1xx_HAL_Driver/Inc/Legacy -IC:/Users/Wx/STM32Cube/Repository/STM32Cube_FW_F1_V1.8.5/Drivers/CMSIS/Device/ST/STM32F1xx/Include -IC:/Users/Wx/STM32Cube/Repository/STM32Cube_FW_F1_V1.8.5/Drivers/CMSIS/Include -O0 -ffunction-sections -fdata-sections -Wall -fstack-usage -MMD -MP -MF"Drivers/STM32F1xx_HAL_Driver/stm32f1xx_hal_cortex.d" -MT"Drivers/STM32F1xx_HAL_Driver/stm32f1xx_hal_cortex.o" --specs=nano.specs -mfloat-abi=soft -mthumb -o "Drivers/STM32F1xx_HAL_Driver/stm32f1xx_hal_cortex.o"
arm-none-eabi-gcc "C:/Users/Wx/STM32Cube/Repository/STM32Cube_FW_F1_V1.8.5/Drivers/STM32F1xx_HAL_Driver/Src/stm32f1xx_hal_dma.c" -mcpu=cortex-m3 -std=c99 -g3 -DDEBUG -DUSE_HAL_DRIVER -DSTM32F103xB -c -I../Core/Inc -I"G:/WX_CAREER/Grad Project/src/vehicle_intf/testing/SimpleVehicleOps/" -I"G:/WX_CAREER/Grad Project/src/vehicle_intf/testing/assets" -IC:/Users/Wx/STM32Cube/Repository/STM32Cube_FW_F1_V1.8.5/Drivers/STM32F1xx_HAL_Driver/Inc -IC:/Users/Wx/STM32Cube/Repository/STM32Cube_FW_F1_V1.8.5/Drivers/STM32F1xx_HAL_Driver/Inc/Legacy -IC:/Users/Wx/STM32Cube/Repository/STM32Cube_FW_F1_V1.8.5/Drivers/CMSIS/Device/ST/STM32F1xx/Include -IC:/Users/Wx/STM32Cube/Repository/STM32Cube_FW_F1_V1.8.5/Drivers/CMSIS/Include -O0 -ffunction-sections -fdata-sections -Wall -fstack-usage -MMD -MP -MF"Drivers/STM32F1xx_HAL_Driver/stm32f1xx_hal_dma.d" -MT"Drivers/STM32F1xx_HAL_Driver/stm32f1xx_hal_dma.o" --specs=nano.specs -mfloat-abi=soft -mthumb -o "Drivers/STM32F1xx_HAL_Driver/stm32f1xx_hal_dma.o"
arm-none-eabi-gcc "C:/Users/Wx/STM32Cube/Repository/STM32Cube_FW_F1_V1.8.5/Drivers/STM32F1xx_HAL_Driver/Src/stm32f1xx_hal_exti.c" -mcpu=cortex-m3 -std=c99 -g3 -DDEBUG -DUSE_HAL_DRIVER -DSTM32F103xB -c -I../Core/Inc -I"G:/WX_CAREER/Grad Project/src/vehicle_intf/testing/SimpleVehicleOps/" -I"G:/WX_CAREER/Grad Project/src/vehicle_intf/testing/assets" -IC:/Users/Wx/STM32Cube/Repository/STM32Cube_FW_F1_V1.8.5/Drivers/STM32F1xx_HAL_Driver/Inc -IC:/Users/Wx/STM32Cube/Repository/STM32Cube_FW_F1_V1.8.5/Drivers/STM32F1xx_HAL_Driver/Inc/Legacy -IC:/Users/Wx/STM32Cube/Repository/STM32Cube_FW_F1_V1.8.5/Drivers/CMSIS/Device/ST/STM32F1xx/Include -IC:/Users/Wx/STM32Cube/Repository/STM32Cube_FW_F1_V1.8.5/Drivers/CMSIS/Include -O0 -ffunction-sections -fdata-sections -Wall -fstack-usage -MMD -MP -MF"Drivers/STM32F1xx_HAL_Driver/stm32f1xx_hal_exti.d" -MT"Drivers/STM32F1xx_HAL_Driver/stm32f1xx_hal_exti.o" --specs=nano.specs -mfloat-abi=soft -mthumb -o "Drivers/STM32F1xx_HAL_Driver/stm32f1xx_hal_exti.o"
arm-none-eabi-gcc "C:/Users/Wx/STM32Cube/Repository/STM32Cube_FW_F1_V1.8.5/Drivers/STM32F1xx_HAL_Driver/Src/stm32f1xx_hal_flash.c" -mcpu=cortex-m3 -std=c99 -g3 -DDEBUG -DUSE_HAL_DRIVER -DSTM32F103xB -c -I../Core/Inc -I"G:/WX_CAREER/Grad Project/src/vehicle_intf/testing/SimpleVehicleOps/" -I"G:/WX_CAREER/Grad Project/src/vehicle_intf/testing/assets" -IC:/Users/Wx/STM32Cube/Repository/STM32Cube_FW_F1_V1.8.5/Drivers/STM32F1xx_HAL_Driver/Inc -IC:/Users/Wx/STM32Cube/Repository/STM32Cube_FW_F1_V1.8.5/Drivers/STM32F1xx_HAL_Driver/Inc/Legacy -IC:/Users/Wx/STM32Cube/Repository/STM32Cube_FW_F1_V1.8.5/Drivers/CMSIS/Device/ST/STM32F1xx/Include -IC:/Users/Wx/STM32Cube/Repository/STM32Cube_FW_F1_V1.8.5/Drivers/CMSIS/Include -O0 -ffunction-sections -fdata-sections -Wall -fstack-usage -MMD -MP -MF"Drivers/STM32F1xx_HAL_Driver/stm32f1xx_hal_flash.d" -MT"Drivers/STM32F1xx_HAL_Driver/stm32f1xx_hal_flash.o" --specs=nano.specs -mfloat-abi=soft -mthumb -o "Drivers/STM32F1xx_HAL_Driver/stm32f1xx_hal_flash.o"
arm-none-eabi-gcc "C:/Users/Wx/STM32Cube/Repository/STM32Cube_FW_F1_V1.8.5/Drivers/STM32F1xx_HAL_Driver/Src/stm32f1xx_hal_flash_ex.c" -mcpu=cortex-m3 -std=c99 -g3 -DDEBUG -DUSE_HAL_DRIVER -DSTM32F103xB -c -I../Core/Inc -I"G:/WX_CAREER/Grad Project/src/vehicle_intf/testing/SimpleVehicleOps/" -I"G:/WX_CAREER/Grad Project/src/vehicle_intf/testing/assets" -IC:/Users/Wx/STM32Cube/Repository/STM32Cube_FW_F1_V1.8.5/Drivers/STM32F1xx_HAL_Driver/Inc -IC:/Users/Wx/STM32Cube/Repository/STM32Cube_FW_F1_V1.8.5/Drivers/STM32F1xx_HAL_Driver/Inc/Legacy -IC:/Users/Wx/STM32Cube/Repository/STM32Cube_FW_F1_V1.8.5/Drivers/CMSIS/Device/ST/STM32F1xx/Include -IC:/Users/Wx/STM32Cube/Repository/STM32Cube_FW_F1_V1.8.5/Drivers/CMSIS/Include -O0 -ffunction-sections -fdata-sections -Wall -fstack-usage -MMD -MP -MF"Drivers/STM32F1xx_HAL_Driver/stm32f1xx_hal_flash_ex.d" -MT"Drivers/STM32F1xx_HAL_Driver/stm32f1xx_hal_flash_ex.o" --specs=nano.specs -mfloat-abi=soft -mthumb -o "Drivers/STM32F1xx_HAL_Driver/stm32f1xx_hal_flash_ex.o"
arm-none-eabi-gcc "C:/Users/Wx/STM32Cube/Repository/STM32Cube_FW_F1_V1.8.5/Drivers/STM32F1xx_HAL_Driver/Src/stm32f1xx_hal_gpio.c" -mcpu=cortex-m3 -std=c99 -g3 -DDEBUG -DUSE_HAL_DRIVER -DSTM32F103xB -c -I../Core/Inc -I"G:/WX_CAREER/Grad Project/src/vehicle_intf/testing/SimpleVehicleOps/" -I"G:/WX_CAREER/Grad Project/src/vehicle_intf/testing/assets" -IC:/Users/Wx/STM32Cube/Repository/STM32Cube_FW_F1_V1.8.5/Drivers/STM32F1xx_HAL_Driver/Inc -IC:/Users/Wx/STM32Cube/Repository/STM32Cube_FW_F1_V1.8.5/Drivers/STM32F1xx_HAL_Driver/Inc/Legacy -IC:/Users/Wx/STM32Cube/Repository/STM32Cube_FW_F1_V1.8.5/Drivers/CMSIS/Device/ST/STM32F1xx/Include -IC:/Users/Wx/STM32Cube/Repository/STM32Cube_FW_F1_V1.8.5/Drivers/CMSIS/Include -O0 -ffunction-sections -fdata-sections -Wall -fstack-usage -MMD -MP -MF"Drivers/STM32F1xx_HAL_Driver/stm32f1xx_hal_gpio.d" -MT"Drivers/STM32F1xx_HAL_Driver/stm32f1xx_hal_gpio.o" --specs=nano.specs -mfloat-abi=soft -mthumb -o "Drivers/STM32F1xx_HAL_Driver/stm32f1xx_hal_gpio.o"
arm-none-eabi-gcc "C:/Users/Wx/STM32Cube/Repository/STM32Cube_FW_F1_V1.8.5/Drivers/STM32F1xx_HAL_Driver/Src/stm32f1xx_hal_gpio_ex.c" -mcpu=cortex-m3 -std=c99 -g3 -DDEBUG -DUSE_HAL_DRIVER -DSTM32F103xB -c -I../Core/Inc -I"G:/WX_CAREER/Grad Project/src/vehicle_intf/testing/SimpleVehicleOps/" -I"G:/WX_CAREER/Grad Project/src/vehicle_intf/testing/assets" -IC:/Users/Wx/STM32Cube/Repository/STM32Cube_FW_F1_V1.8.5/Drivers/STM32F1xx_HAL_Driver/Inc -IC:/Users/Wx/STM32Cube/Repository/STM32Cube_FW_F1_V1.8.5/Drivers/STM32F1xx_HAL_Driver/Inc/Legacy -IC:/Users/Wx/STM32Cube/Repository/STM32Cube_FW_F1_V1.8.5/Drivers/CMSIS/Device/ST/STM32F1xx/Include -IC:/Users/Wx/STM32Cube/Repository/STM32Cube_FW_F1_V1.8.5/Drivers/CMSIS/Include -O0 -ffunction-sections -fdata-sections -Wall -fstack-usage -MMD -MP -MF"Drivers/STM32F1xx_HAL_Driver/stm32f1xx_hal_gpio_ex.d" -MT"Drivers/STM32F1xx_HAL_Driver/stm32f1xx_hal_gpio_ex.o" --specs=nano.specs -mfloat-abi=soft -mthumb -o "Drivers/STM32F1xx_HAL_Driver/stm32f1xx_hal_gpio_ex.o"
arm-none-eabi-gcc "C:/Users/Wx/STM32Cube/Repository/STM32Cube_FW_F1_V1.8.5/Drivers/STM32F1xx_HAL_Driver/Src/stm32f1xx_hal_pwr.c" -mcpu=cortex-m3 -std=c99 -g3 -DDEBUG -DUSE_HAL_DRIVER -DSTM32F103xB -c -I../Core/Inc -I"G:/WX_CAREER/Grad Project/src/vehicle_intf/testing/SimpleVehicleOps/" -I"G:/WX_CAREER/Grad Project/src/vehicle_intf/testing/assets" -IC:/Users/Wx/STM32Cube/Repository/STM32Cube_FW_F1_V1.8.5/Drivers/STM32F1xx_HAL_Driver/Inc -IC:/Users/Wx/STM32Cube/Repository/STM32Cube_FW_F1_V1.8.5/Drivers/STM32F1xx_HAL_Driver/Inc/Legacy -IC:/Users/Wx/STM32Cube/Repository/STM32Cube_FW_F1_V1.8.5/Drivers/CMSIS/Device/ST/STM32F1xx/Include -IC:/Users/Wx/STM32Cube/Repository/STM32Cube_FW_F1_V1.8.5/Drivers/CMSIS/Include -O0 -ffunction-sections -fdata-sections -Wall -fstack-usage -MMD -MP -MF"Drivers/STM32F1xx_HAL_Driver/stm32f1xx_hal_pwr.d" -MT"Drivers/STM32F1xx_HAL_Driver/stm32f1xx_hal_pwr.o" --specs=nano.specs -mfloat-abi=soft -mthumb -o "Drivers/STM32F1xx_HAL_Driver/stm32f1xx_hal_pwr.o"
arm-none-eabi-gcc "C:/Users/Wx/STM32Cube/Repository/STM32Cube_FW_F1_V1.8.5/Drivers/STM32F1xx_HAL_Driver/Src/stm32f1xx_hal_rcc.c" -mcpu=cortex-m3 -std=c99 -g3 -DDEBUG -DUSE_HAL_DRIVER -DSTM32F103xB -c -I../Core/Inc -I"G:/WX_CAREER/Grad Project/src/vehicle_intf/testing/SimpleVehicleOps/" -I"G:/WX_CAREER/Grad Project/src/vehicle_intf/testing/assets" -IC:/Users/Wx/STM32Cube/Repository/STM32Cube_FW_F1_V1.8.5/Drivers/STM32F1xx_HAL_Driver/Inc -IC:/Users/Wx/STM32Cube/Repository/STM32Cube_FW_F1_V1.8.5/Drivers/STM32F1xx_HAL_Driver/Inc/Legacy -IC:/Users/Wx/STM32Cube/Repository/STM32Cube_FW_F1_V1.8.5/Drivers/CMSIS/Device/ST/STM32F1xx/Include -IC:/Users/Wx/STM32Cube/Repository/STM32Cube_FW_F1_V1.8.5/Drivers/CMSIS/Include -O0 -ffunction-sections -fdata-sections -Wall -fstack-usage -MMD -MP -MF"Drivers/STM32F1xx_HAL_Driver/stm32f1xx_hal_rcc.d" -MT"Drivers/STM32F1xx_HAL_Driver/stm32f1xx_hal_rcc.o" --specs=nano.specs -mfloat-abi=soft -mthumb -o "Drivers/STM32F1xx_HAL_Driver/stm32f1xx_hal_rcc.o"
arm-none-eabi-gcc "C:/Users/Wx/STM32Cube/Repository/STM32Cube_FW_F1_V1.8.5/Drivers/STM32F1xx_HAL_Driver/Src/stm32f1xx_hal_rcc_ex.c" -mcpu=cortex-m3 -std=c99 -g3 -DDEBUG -DUSE_HAL_DRIVER -DSTM32F103xB -c -I../Core/Inc -I"G:/WX_CAREER/Grad Project/src/vehicle_intf/testing/SimpleVehicleOps/" -I"G:/WX_CAREER/Grad Project/src/vehicle_intf/testing/assets" -IC:/Users/Wx/STM32Cube/Repository/STM32Cube_FW_F1_V1.8.5/Drivers/STM32F1xx_HAL_Driver/Inc -IC:/Users/Wx/STM32Cube/Repository/STM32Cube_FW_F1_V1.8.5/Drivers/STM32F1xx_HAL_Driver/Inc/Legacy -IC:/Users/Wx/STM32Cube/Repository/STM32Cube_FW_F1_V1.8.5/Drivers/CMSIS/Device/ST/STM32F1xx/Include -IC:/Users/Wx/STM32Cube/Repository/STM32Cube_FW_F1_V1.8.5/Drivers/CMSIS/Include -O0 -ffunction-sections -fdata-sections -Wall -fstack-usage -MMD -MP -MF"Drivers/STM32F1xx_HAL_Driver/stm32f1xx_hal_rcc_ex.d" -MT"Drivers/STM32F1xx_HAL_Driver/stm32f1xx_hal_rcc_ex.o" --specs=nano.specs -mfloat-abi=soft -mthumb -o "Drivers/STM32F1xx_HAL_Driver/stm32f1xx_hal_rcc_ex.o"
arm-none-eabi-gcc "C:/Users/Wx/STM32Cube/Repository/STM32Cube_FW_F1_V1.8.5/Drivers/STM32F1xx_HAL_Driver/Src/stm32f1xx_hal_tim.c" -mcpu=cortex-m3 -std=c99 -g3 -DDEBUG -DUSE_HAL_DRIVER -DSTM32F103xB -c -I../Core/Inc -I"G:/WX_CAREER/Grad Project/src/vehicle_intf/testing/SimpleVehicleOps/" -I"G:/WX_CAREER/Grad Project/src/vehicle_intf/testing/assets" -IC:/Users/Wx/STM32Cube/Repository/STM32Cube_FW_F1_V1.8.5/Drivers/STM32F1xx_HAL_Driver/Inc -IC:/Users/Wx/STM32Cube/Repository/STM32Cube_FW_F1_V1.8.5/Drivers/STM32F1xx_HAL_Driver/Inc/Legacy -IC:/Users/Wx/STM32Cube/Repository/STM32Cube_FW_F1_V1.8.5/Drivers/CMSIS/Device/ST/STM32F1xx/Include -IC:/Users/Wx/STM32Cube/Repository/STM32Cube_FW_F1_V1.8.5/Drivers/CMSIS/Include -O0 -ffunction-sections -fdata-sections -Wall -fstack-usage -MMD -MP -MF"Drivers/STM32F1xx_HAL_Driver/stm32f1xx_hal_tim.d" -MT"Drivers/STM32F1xx_HAL_Driver/stm32f1xx_hal_tim.o" --specs=nano.specs -mfloat-abi=soft -mthumb -o "Drivers/STM32F1xx_HAL_Driver/stm32f1xx_hal_tim.o"
arm-none-eabi-gcc "C:/Users/Wx/STM32Cube/Repository/STM32Cube_FW_F1_V1.8.5/Drivers/STM32F1xx_HAL_Driver/Src/stm32f1xx_hal_tim_ex.c" -mcpu=cortex-m3 -std=c99 -g3 -DDEBUG -DUSE_HAL_DRIVER -DSTM32F103xB -c -I../Core/Inc -I"G:/WX_CAREER/Grad Project/src/vehicle_intf/testing/SimpleVehicleOps/" -I"G:/WX_CAREER/Grad Project/src/vehicle_intf/testing/assets" -IC:/Users/Wx/STM32Cube/Repository/STM32Cube_FW_F1_V1.8.5/Drivers/STM32F1xx_HAL_Driver/Inc -IC:/Users/Wx/STM32Cube/Repository/STM32Cube_FW_F1_V1.8.5/Drivers/STM32F1xx_HAL_Driver/Inc/Legacy -IC:/Users/Wx/STM32Cube/Repository/STM32Cube_FW_F1_V1.8.5/Drivers/CMSIS/Device/ST/STM32F1xx/Include -IC:/Users/Wx/STM32Cube/Repository/STM32Cube_FW_F1_V1.8.5/Drivers/CMSIS/Include -O0 -ffunction-sections -fdata-sections -Wall -fstack-usage -MMD -MP -MF"Drivers/STM32F1xx_HAL_Driver/stm32f1xx_hal_tim_ex.d" -MT"Drivers/STM32F1xx_HAL_Driver/stm32f1xx_hal_tim_ex.o" --specs=nano.specs -mfloat-abi=soft -mthumb -o "Drivers/STM32F1xx_HAL_Driver/stm32f1xx_hal_tim_ex.o"
arm-none-eabi-gcc "C:/Users/Wx/STM32Cube/Repository/STM32Cube_FW_F1_V1.8.5/Drivers/STM32F1xx_HAL_Driver/Src/stm32f1xx_hal_uart.c" -mcpu=cortex-m3 -std=c99 -g3 -DDEBUG -DUSE_HAL_DRIVER -DSTM32F103xB -c -I../Core/Inc -I"G:/WX_CAREER/Grad Project/src/vehicle_intf/testing/SimpleVehicleOps/" -I"G:/WX_CAREER/Grad Project/src/vehicle_intf/testing/assets" -IC:/Users/Wx/STM32Cube/Repository/STM32Cube_FW_F1_V1.8.5/Drivers/STM32F1xx_HAL_Driver/Inc -IC:/Users/Wx/STM32Cube/Repository/STM32Cube_FW_F1_V1.8.5/Drivers/STM32F1xx_HAL_Driver/Inc/Legacy -IC:/Users/Wx/STM32Cube/Repository/STM32Cube_FW_F1_V1.8.5/Drivers/CMSIS/Device/ST/STM32F1xx/Include -IC:/Users/Wx/STM32Cube/Repository/STM32Cube_FW_F1_V1.8.5/Drivers/CMSIS/Include -O0 -ffunction-sections -fdata-sections -Wall -fstack-usage -MMD -MP -MF"Drivers/STM32F1xx_HAL_Driver/stm32f1xx_hal_uart.d" -MT"Drivers/STM32F1xx_HAL_Driver/stm32f1xx_hal_uart.o" --specs=nano.specs -mfloat-abi=soft -mthumb -o "Drivers/STM32F1xx_HAL_Driver/stm32f1xx_hal_uart.o"
arm-none-eabi-gcc "../Core/Src/gpio.c" -mcpu=cortex-m3 -std=c99 -g3 -DDEBUG -DUSE_HAL_DRIVER -DSTM32F103xB -c -I../Core/Inc -I"G:/WX_CAREER/Grad Project/src/vehicle_intf/testing/SimpleVehicleOps/" -I"G:/WX_CAREER/Grad Project/src/vehicle_intf/testing/assets" -IC:/Users/Wx/STM32Cube/Repository/STM32Cube_FW_F1_V1.8.5/Drivers/STM32F1xx_HAL_Driver/Inc -IC:/Users/Wx/STM32Cube/Repository/STM32Cube_FW_F1_V1.8.5/Drivers/STM32F1xx_HAL_Driver/Inc/Legacy -IC:/Users/Wx/STM32Cube/Repository/STM32Cube_FW_F1_V1.8.5/Drivers/CMSIS/Device/ST/STM32F1xx/Include -IC:/Users/Wx/STM32Cube/Repository/STM32Cube_FW_F1_V1.8.5/Drivers/CMSIS/Include -O0 -ffunction-sections -fdata-sections -Wall -fstack-usage -MMD -MP -MF"Core/Src/gpio.d" -MT"Core/Src/gpio.o" --specs=nano.specs -mfloat-abi=soft -mthumb -o "Core/Src/gpio.o"
arm-none-eabi-gcc "../Core/Src/main.c" -mcpu=cortex-m3 -std=c99 -g3 -DDEBUG -DUSE_HAL_DRIVER -DSTM32F103xB -c -I../Core/Inc -I"G:/WX_CAREER/Grad Project/src/vehicle_intf/testing/SimpleVehicleOps/" -I"G:/WX_CAREER/Grad Project/src/vehicle_intf/testing/assets" -IC:/Users/Wx/STM32Cube/Repository/STM32Cube_FW_F1_V1.8.5/Drivers/STM32F1xx_HAL_Driver/Inc -IC:/Users/Wx/STM32Cube/Repository/STM32Cube_FW_F1_V1.8.5/Drivers/STM32F1xx_HAL_Driver/Inc/Legacy -IC:/Users/Wx/STM32Cube/Repository/STM32Cube_FW_F1_V1.8.5/Drivers/CMSIS/Device/ST/STM32F1xx/Include -IC:/Users/Wx/STM32Cube/Repository/STM32Cube_FW_F1_V1.8.5/Drivers/CMSIS/Include -O0 -ffunction-sections -fdata-sections -Wall -fstack-usage -MMD -MP -MF"Core/Src/main.d" -MT"Core/Src/main.o" --specs=nano.specs -mfloat-abi=soft -mthumb -o "Core/Src/main.o"
arm-none-eabi-gcc "../Core/Src/simple_vehicle_ops.c" -mcpu=cortex-m3 -std=c99 -g3 -DDEBUG -DUSE_HAL_DRIVER -DSTM32F103xB -c -I../Core/Inc -I"G:/WX_CAREER/Grad Project/src/vehicle_intf/testing/SimpleVehicleOps/" -I"G:/WX_CAREER/Grad Project/src/vehicle_intf/testing/assets" -IC:/Users/Wx/STM32Cube/Repository/STM32Cube_FW_F1_V1.8.5/Drivers/STM32F1xx_HAL_Driver/Inc -IC:/Users/Wx/STM32Cube/Repository/STM32Cube_FW_F1_V1.8.5/Drivers/STM32F1xx_HAL_Driver/Inc/Legacy -IC:/Users/Wx/STM32Cube/Repository/STM32Cube_FW_F1_V1.8.5/Drivers/CMSIS/Device/ST/STM32F1xx/Include -IC:/Users/Wx/STM32Cube/Repository/STM32Cube_FW_F1_V1.8.5/Drivers/CMSIS/Include -O0 -ffunction-sections -fdata-sections -Wall -fstack-usage -MMD -MP -MF"Core/Src/simple_vehicle_ops.d" -MT"Core/Src/simple_vehicle_ops.o" --specs=nano.specs -mfloat-abi=soft -mthumb -o "Core/Src/simple_vehicle_ops.o"
arm-none-eabi-gcc "../Core/Src/stm32f1xx_hal_msp.c" -mcpu=cortex-m3 -std=c99 -g3 -DDEBUG -DUSE_HAL_DRIVER -DSTM32F103xB -c -I../Core/Inc -I"G:/WX_CAREER/Grad Project/src/vehicle_intf/testing/SimpleVehicleOps/" -I"G:/WX_CAREER/Grad Project/src/vehicle_intf/testing/assets" -IC:/Users/Wx/STM32Cube/Repository/STM32Cube_FW_F1_V1.8.5/Drivers/STM32F1xx_HAL_Driver/Inc -IC:/Users/Wx/STM32Cube/Repository/STM32Cube_FW_F1_V1.8.5/Drivers/STM32F1xx_HAL_Driver/Inc/Legacy -IC:/Users/Wx/STM32Cube/Repository/STM32Cube_FW_F1_V1.8.5/Drivers/CMSIS/Device/ST/STM32F1xx/Include -IC:/Users/Wx/STM32Cube/Repository/STM32Cube_FW_F1_V1.8.5/Drivers/CMSIS/Include -O0 -ffunction-sections -fdata-sections -Wall -fstack-usage -MMD -MP -MF"Core/Src/stm32f1xx_hal_msp.d" -MT"Core/Src/stm32f1xx_hal_msp.o" --specs=nano.specs -mfloat-abi=soft -mthumb -o "Core/Src/stm32f1xx_hal_msp.o"
arm-none-eabi-gcc "../Core/Src/stm32f1xx_it.c" -mcpu=cortex-m3 -std=c99 -g3 -DDEBUG -DUSE_HAL_DRIVER -DSTM32F103xB -c -I../Core/Inc -I"G:/WX_CAREER/Grad Project/src/vehicle_intf/testing/SimpleVehicleOps/" -I"G:/WX_CAREER/Grad Project/src/vehicle_intf/testing/assets" -IC:/Users/Wx/STM32Cube/Repository/STM32Cube_FW_F1_V1.8.5/Drivers/STM32F1xx_HAL_Driver/Inc -IC:/Users/Wx/STM32Cube/Repository/STM32Cube_FW_F1_V1.8.5/Drivers/STM32F1xx_HAL_Driver/Inc/Legacy -IC:/Users/Wx/STM32Cube/Repository/STM32Cube_FW_F1_V1.8.5/Drivers/CMSIS/Device/ST/STM32F1xx/Include -IC:/Users/Wx/STM32Cube/Repository/STM32Cube_FW_F1_V1.8.5/Drivers/CMSIS/Include -O0 -ffunction-sections -fdata-sections -Wall -fstack-usage -MMD -MP -MF"Core/Src/stm32f1xx_it.d" -MT"Core/Src/stm32f1xx_it.o" --specs=nano.specs -mfloat-abi=soft -mthumb -o "Core/Src/stm32f1xx_it.o"
arm-none-eabi-gcc "../Core/Src/system_stm32f1xx.c" -mcpu=cortex-m3 -std=c99 -g3 -DDEBUG -DUSE_HAL_DRIVER -DSTM32F103xB -c -I../Core/Inc -I"G:/WX_CAREER/Grad Project/src/vehicle_intf/testing/SimpleVehicleOps/" -I"G:/WX_CAREER/Grad Project/src/vehicle_intf/testing/assets" -IC:/Users/Wx/STM32Cube/Repository/STM32Cube_FW_F1_V1.8.5/Drivers/STM32F1xx_HAL_Driver/Inc -IC:/Users/Wx/STM32Cube/Repository/STM32Cube_FW_F1_V1.8.5/Drivers/STM32F1xx_HAL_Driver/Inc/Legacy -IC:/Users/Wx/STM32Cube/Repository/STM32Cube_FW_F1_V1.8.5/Drivers/CMSIS/Device/ST/STM32F1xx/Include -IC:/Users/Wx/STM32Cube/Repository/STM32Cube_FW_F1_V1.8.5/Drivers/CMSIS/Include -O0 -ffunction-sections -fdata-sections -Wall -fstack-usage -MMD -MP -MF"Core/Src/system_stm32f1xx.d" -MT"Core/Src/system_stm32f1xx.o" --specs=nano.specs -mfloat-abi=soft -mthumb -o "Core/Src/system_stm32f1xx.o"
arm-none-eabi-gcc "../Core/Src/tim.c" -mcpu=cortex-m3 -std=c99 -g3 -DDEBUG -DUSE_HAL_DRIVER -DSTM32F103xB -c -I../Core/Inc -I"G:/WX_CAREER/Grad Project/src/vehicle_intf/testing/SimpleVehicleOps/" -I"G:/WX_CAREER/Grad Project/src/vehicle_intf/testing/assets" -IC:/Users/Wx/STM32Cube/Repository/STM32Cube_FW_F1_V1.8.5/Drivers/STM32F1xx_HAL_Driver/Inc -IC:/Users/Wx/STM32Cube/Repository/STM32Cube_FW_F1_V1.8.5/Drivers/STM32F1xx_HAL_Driver/Inc/Legacy -IC:/Users/Wx/STM32Cube/Repository/STM32Cube_FW_F1_V1.8.5/Drivers/CMSIS/Device/ST/STM32F1xx/Include -IC:/Users/Wx/STM32Cube/Repository/STM32Cube_FW_F1_V1.8.5/Drivers/CMSIS/Include -O0 -ffunction-sections -fdata-sections -Wall -fstack-usage -MMD -MP -MF"Core/Src/tim.d" -MT"Core/Src/tim.o" --specs=nano.specs -mfloat-abi=soft -mthumb -o "Core/Src/tim.o"
arm-none-eabi-gcc "../Core/Src/usart.c" -mcpu=cortex-m3 -std=c99 -g3 -DDEBUG -DUSE_HAL_DRIVER -DSTM32F103xB -c -I../Core/Inc -I"G:/WX_CAREER/Grad Project/src/vehicle_intf/testing/SimpleVehicleOps/" -I"G:/WX_CAREER/Grad Project/src/vehicle_intf/testing/assets" -IC:/Users/Wx/STM32Cube/Repository/STM32Cube_FW_F1_V1.8.5/Drivers/STM32F1xx_HAL_Driver/Inc -IC:/Users/Wx/STM32Cube/Repository/STM32Cube_FW_F1_V1.8.5/Drivers/STM32F1xx_HAL_Driver/Inc/Legacy -IC:/Users/Wx/STM32Cube/Repository/STM32Cube_FW_F1_V1.8.5/Drivers/CMSIS/Device/ST/STM32F1xx/Include -IC:/Users/Wx/STM32Cube/Repository/STM32Cube_FW_F1_V1.8.5/Drivers/CMSIS/Include -O0 -ffunction-sections -fdata-sections -Wall -fstack-usage -MMD -MP -MF"Core/Src/usart.d" -MT"Core/Src/usart.o" --specs=nano.specs -mfloat-abi=soft -mthumb -o "Core/Src/usart.o"
../Core/Src/simple_vehicle_ops.c: In function 'uss_trigger':
../Core/Src/simple_vehicle_ops.c:240:11: warning: pointer targets in passing argument 1 of 'send_log' differ in signedness [-Wpointer-sign]
  240 |  send_log("Triggered the ultrasonic.\r\n");
      |           ^~~~~~~~~~~~~~~~~~~~~~~~~~~~~~~
      |           |
      |           char *
../Core/Src/simple_vehicle_ops.c:62:52: note: expected 'const uint8 * restrict' {aka 'const unsigned char * restrict'} but argument is of type 'char *'
   62 | __STATIC __NORETURN send_log(const uint8* restrict pArg_u8StrFormat, ...) {
      |                              ~~~~~~~~~~~~~~~~~~~~~~^~~~~~~~~~~~~~~~
../Core/Src/simple_vehicle_ops.c: In function 'HAL_TIM_IC_CaptureCallback':
../Core/Src/simple_vehicle_ops.c:281:19: warning: pointer targets in passing argument 1 of 'send_log' differ in signedness [-Wpointer-sign]
  281 |          send_log("Diff = %d us\r\n", Diff);
      |                   ^~~~~~~~~~~~~~~~~~
      |                   |
      |                   char *
../Core/Src/simple_vehicle_ops.c:62:52: note: expected 'const uint8 * restrict' {aka 'const unsigned char * restrict'} but argument is of type 'char *'
   62 | __STATIC __NORETURN send_log(const uint8* restrict pArg_u8StrFormat, ...) {
      |                              ~~~~~~~~~~~~~~~~~~~~~~^~~~~~~~~~~~~~~~
../Core/Src/simple_vehicle_ops.c: In function 'GetUltraSonicDistance':
../Core/Src/simple_vehicle_ops.c:310:14: warning: pointer targets in passing argument 1 of 'send_log' differ in signedness [-Wpointer-sign]
  310 |     send_log("Calculated distance: %d cm\r\n", g_UssDistance);
      |              ^~~~~~~~~~~~~~~~~~~~~~~~~~~~~~~~
      |              |
      |              char *
../Core/Src/simple_vehicle_ops.c:62:52: note: expected 'const uint8 * restrict' {aka 'const unsigned char * restrict'} but argument is of type 'char *'
   62 | __STATIC __NORETURN send_log(const uint8* restrict pArg_u8StrFormat, ...) {
      |                              ~~~~~~~~~~~~~~~~~~~~~~^~~~~~~~~~~~~~~~
In file included from G:/WX_CAREER/Grad Project/src/vehicle_intf/testing/assets/Std_Types.h:40,
                 from G:/WX_CAREER/Grad Project/src/vehicle_intf/testing/SimpleVehicleOps/simple_vehicle_ops.h:41,
                 from ../Core/Src/main.c:27:
G:/WX_CAREER/Grad Project/src/vehicle_intf/testing/assets/Compiler.h:199: warning: "__PACKED" redefined
  199 |     #define __PACKED __attribute__((packed))
      | 
In file included from C:/Users/Wx/STM32Cube/Repository/STM32Cube_FW_F1_V1.8.5/Drivers/CMSIS/Include/cmsis_compiler.h:48,
                 from C:/Users/Wx/STM32Cube/Repository/STM32Cube_FW_F1_V1.8.5/Drivers/CMSIS/Include/core_cm3.h:115,
                 from C:/Users/Wx/STM32Cube/Repository/STM32Cube_FW_F1_V1.8.5/Drivers/CMSIS/Device/ST/STM32F1xx/Include/stm32f103xb.h:131,
                 from C:/Users/Wx/STM32Cube/Repository/STM32Cube_FW_F1_V1.8.5/Drivers/CMSIS/Device/ST/STM32F1xx/Include/stm32f1xx.h:130,
                 from C:/Users/Wx/STM32Cube/Repository/STM32Cube_FW_F1_V1.8.5/Drivers/STM32F1xx_HAL_Driver/Inc/stm32f1xx_hal_def.h:29,
                 from C:/Users/Wx/STM32Cube/Repository/STM32Cube_FW_F1_V1.8.5/Drivers/STM32F1xx_HAL_Driver/Inc/stm32f1xx_hal_rcc.h:27,
                 from ../Core/Inc/stm32f1xx_hal_conf.h:238,
                 from C:/Users/Wx/STM32Cube/Repository/STM32Cube_FW_F1_V1.8.5/Drivers/STM32F1xx_HAL_Driver/Inc/stm32f1xx_hal.h:29,
                 from ../Core/Inc/main.h:30,
                 from ../Core/Src/main.c:20:
C:/Users/Wx/STM32Cube/Repository/STM32Cube_FW_F1_V1.8.5/Drivers/CMSIS/Include/cmsis_gcc.h:62: note: this is the location of the previous definition
   62 |   #define __PACKED                               __attribute__((packed, aligned(1)))
      | 
At top level:
../Core/Src/simple_vehicle_ops.c:253:16: warning: 'uss_echo' defined but not used [-Wunused-function]
  253 | static float32 uss_echo(void) {
      |                ^~~~~~~~
arm-none-eabi-gcc -o "TargetApplication.elf" @"objects.list"   -mcpu=cortex-m3 -T"G:\WX_CAREER\Grad Project\src\vehicle_intf\testing\Application\TargetApplication\STM32F103C8TX_FLASH.ld" --specs=nosys.specs -Wl,-Map="TargetApplication.map" -Wl,--gc-sections -static --specs=nano.specs -mfloat-abi=soft -mthumb -Wl,--start-group -lc -lm -Wl,--end-group
Finished building target: TargetApplication.elf
 
arm-none-eabi-size   TargetApplication.elf 
arm-none-eabi-objdump -h -S  TargetApplication.elf  > "TargetApplication.list"
arm-none-eabi-objcopy  -O ihex  TargetApplication.elf  "TargetApplication.hex"
   text	   data	    bss	    dec	    hex	filename
  19848	    120	   2024	  21992	   55e8	TargetApplication.elf
arm-none-eabi-objcopy  -O binary  TargetApplication.elf  "TargetApplication.bin"
Finished building: default.size.stdout
 
Finished building: TargetApplication.hex
Finished building: TargetApplication.bin
 
 
Finished building: TargetApplication.list
 
21:14:00 **** Incremental Build of configuration Debug for project TargetApplication ****
make -j12 all 
arm-none-eabi-gcc "../Core/Src/simple_vehicle_ops.c" -mcpu=cortex-m3 -std=c99 -g3 -DDEBUG -DUSE_HAL_DRIVER -DSTM32F103xB -c -I../Core/Inc -I"G:/WX_CAREER/Grad Project/src/vehicle_intf/testing/SimpleVehicleOps/" -I"G:/WX_CAREER/Grad Project/src/vehicle_intf/testing/assets" -IC:/Users/Wx/STM32Cube/Repository/STM32Cube_FW_F1_V1.8.5/Drivers/STM32F1xx_HAL_Driver/Inc -IC:/Users/Wx/STM32Cube/Repository/STM32Cube_FW_F1_V1.8.5/Drivers/STM32F1xx_HAL_Driver/Inc/Legacy -IC:/Users/Wx/STM32Cube/Repository/STM32Cube_FW_F1_V1.8.5/Drivers/CMSIS/Device/ST/STM32F1xx/Include -IC:/Users/Wx/STM32Cube/Repository/STM32Cube_FW_F1_V1.8.5/Drivers/CMSIS/Include -O0 -ffunction-sections -fdata-sections -Wall -fstack-usage -MMD -MP -MF"Core/Src/simple_vehicle_ops.d" -MT"Core/Src/simple_vehicle_ops.o" --specs=nano.specs -mfloat-abi=soft -mthumb -o "Core/Src/simple_vehicle_ops.o"
../Core/Src/simple_vehicle_ops.c: In function 'uss_trigger':
../Core/Src/simple_vehicle_ops.c:240:11: warning: pointer targets in passing argument 1 of 'send_log' differ in signedness [-Wpointer-sign]
  240 |  send_log("Triggered the ultrasonic.\r\n");
      |           ^~~~~~~~~~~~~~~~~~~~~~~~~~~~~~~
      |           |
      |           char *
../Core/Src/simple_vehicle_ops.c:62:52: note: expected 'const uint8 * restrict' {aka 'const unsigned char * restrict'} but argument is of type 'char *'
   62 | __STATIC __NORETURN send_log(const uint8* restrict pArg_u8StrFormat, ...) {
      |                              ~~~~~~~~~~~~~~~~~~~~~~^~~~~~~~~~~~~~~~
../Core/Src/simple_vehicle_ops.c: In function 'HAL_TIM_IC_CaptureCallback':
../Core/Src/simple_vehicle_ops.c:281:19: warning: pointer targets in passing argument 1 of 'send_log' differ in signedness [-Wpointer-sign]
  281 |          send_log("Diff = %d us\r\n", Diff);
      |                   ^~~~~~~~~~~~~~~~~~
      |                   |
      |                   char *
../Core/Src/simple_vehicle_ops.c:62:52: note: expected 'const uint8 * restrict' {aka 'const unsigned char * restrict'} but argument is of type 'char *'
   62 | __STATIC __NORETURN send_log(const uint8* restrict pArg_u8StrFormat, ...) {
      |                              ~~~~~~~~~~~~~~~~~~~~~~^~~~~~~~~~~~~~~~
../Core/Src/simple_vehicle_ops.c: In function 'GetUltraSonicDistance':
../Core/Src/simple_vehicle_ops.c:310:14: warning: pointer targets in passing argument 1 of 'send_log' differ in signedness [-Wpointer-sign]
  310 |     send_log("Calculated distance: %d cm\r\n", g_UssDistance);
      |              ^~~~~~~~~~~~~~~~~~~~~~~~~~~~~~~~
      |              |
      |              char *
../Core/Src/simple_vehicle_ops.c:62:52: note: expected 'const uint8 * restrict' {aka 'const unsigned char * restrict'} but argument is of type 'char *'
   62 | __STATIC __NORETURN send_log(const uint8* restrict pArg_u8StrFormat, ...) {
      |                              ~~~~~~~~~~~~~~~~~~~~~~^~~~~~~~~~~~~~~~
At top level:
../Core/Src/simple_vehicle_ops.c:253:16: warning: 'uss_echo' defined but not used [-Wunused-function]
  253 | static float32 uss_echo(void) {
      |                ^~~~~~~~
arm-none-eabi-gcc -o "TargetApplication.elf" @"objects.list"   -mcpu=cortex-m3 -T"G:\WX_CAREER\Grad Project\src\vehicle_intf\testing\Application\TargetApplication\STM32F103C8TX_FLASH.ld" --specs=nosys.specs -Wl,-Map="TargetApplication.map" -Wl,--gc-sections -static --specs=nano.specs -mfloat-abi=soft -mthumb -Wl,--start-group -lc -lm -Wl,--end-group
Finished building target: TargetApplication.elf
 
arm-none-eabi-size   TargetApplication.elf 
arm-none-eabi-objdump -h -S  TargetApplication.elf  > "TargetApplication.list"
arm-none-eabi-objcopy  -O ihex  TargetApplication.elf  "TargetApplication.hex"
   text	   data	    bss	    dec	    hex	filename
  19844	    120	   2024	  21988	   55e4	TargetApplication.elf
arm-none-eabi-objcopy  -O binary  TargetApplication.elf  "TargetApplication.bin"
Finished building: default.size.stdout
 
Finished building: TargetApplication.hex
Finished building: TargetApplication.bin
 
 
Finished building: TargetApplication.list
 
21:15:17 **** Incremental Build of configuration Debug for project TargetApplication ****
make -j12 all 
arm-none-eabi-gcc "C:/Users/Wx/STM32Cube/Repository/STM32Cube_FW_F1_V1.8.5/Drivers/STM32F1xx_HAL_Driver/Src/stm32f1xx_hal.c" -mcpu=cortex-m3 -std=c99 -g3 -DDEBUG -DUSE_HAL_DRIVER -DSTM32F103xB -c -I../Core/Inc -I"G:/WX_CAREER/Grad Project/src/vehicle_intf/testing/SimpleVehicleOps/" -I"G:/WX_CAREER/Grad Project/src/vehicle_intf/testing/assets" -IC:/Users/Wx/STM32Cube/Repository/STM32Cube_FW_F1_V1.8.5/Drivers/STM32F1xx_HAL_Driver/Inc -IC:/Users/Wx/STM32Cube/Repository/STM32Cube_FW_F1_V1.8.5/Drivers/STM32F1xx_HAL_Driver/Inc/Legacy -IC:/Users/Wx/STM32Cube/Repository/STM32Cube_FW_F1_V1.8.5/Drivers/CMSIS/Device/ST/STM32F1xx/Include -IC:/Users/Wx/STM32Cube/Repository/STM32Cube_FW_F1_V1.8.5/Drivers/CMSIS/Include -O0 -ffunction-sections -fdata-sections -Wall -fstack-usage -MMD -MP -MF"Drivers/STM32F1xx_HAL_Driver/stm32f1xx_hal.d" -MT"Drivers/STM32F1xx_HAL_Driver/stm32f1xx_hal.o" --specs=nano.specs -mfloat-abi=soft -mthumb -o "Drivers/STM32F1xx_HAL_Driver/stm32f1xx_hal.o"
arm-none-eabi-gcc "C:/Users/Wx/STM32Cube/Repository/STM32Cube_FW_F1_V1.8.5/Drivers/STM32F1xx_HAL_Driver/Src/stm32f1xx_hal_cortex.c" -mcpu=cortex-m3 -std=c99 -g3 -DDEBUG -DUSE_HAL_DRIVER -DSTM32F103xB -c -I../Core/Inc -I"G:/WX_CAREER/Grad Project/src/vehicle_intf/testing/SimpleVehicleOps/" -I"G:/WX_CAREER/Grad Project/src/vehicle_intf/testing/assets" -IC:/Users/Wx/STM32Cube/Repository/STM32Cube_FW_F1_V1.8.5/Drivers/STM32F1xx_HAL_Driver/Inc -IC:/Users/Wx/STM32Cube/Repository/STM32Cube_FW_F1_V1.8.5/Drivers/STM32F1xx_HAL_Driver/Inc/Legacy -IC:/Users/Wx/STM32Cube/Repository/STM32Cube_FW_F1_V1.8.5/Drivers/CMSIS/Device/ST/STM32F1xx/Include -IC:/Users/Wx/STM32Cube/Repository/STM32Cube_FW_F1_V1.8.5/Drivers/CMSIS/Include -O0 -ffunction-sections -fdata-sections -Wall -fstack-usage -MMD -MP -MF"Drivers/STM32F1xx_HAL_Driver/stm32f1xx_hal_cortex.d" -MT"Drivers/STM32F1xx_HAL_Driver/stm32f1xx_hal_cortex.o" --specs=nano.specs -mfloat-abi=soft -mthumb -o "Drivers/STM32F1xx_HAL_Driver/stm32f1xx_hal_cortex.o"
arm-none-eabi-gcc "C:/Users/Wx/STM32Cube/Repository/STM32Cube_FW_F1_V1.8.5/Drivers/STM32F1xx_HAL_Driver/Src/stm32f1xx_hal_dma.c" -mcpu=cortex-m3 -std=c99 -g3 -DDEBUG -DUSE_HAL_DRIVER -DSTM32F103xB -c -I../Core/Inc -I"G:/WX_CAREER/Grad Project/src/vehicle_intf/testing/SimpleVehicleOps/" -I"G:/WX_CAREER/Grad Project/src/vehicle_intf/testing/assets" -IC:/Users/Wx/STM32Cube/Repository/STM32Cube_FW_F1_V1.8.5/Drivers/STM32F1xx_HAL_Driver/Inc -IC:/Users/Wx/STM32Cube/Repository/STM32Cube_FW_F1_V1.8.5/Drivers/STM32F1xx_HAL_Driver/Inc/Legacy -IC:/Users/Wx/STM32Cube/Repository/STM32Cube_FW_F1_V1.8.5/Drivers/CMSIS/Device/ST/STM32F1xx/Include -IC:/Users/Wx/STM32Cube/Repository/STM32Cube_FW_F1_V1.8.5/Drivers/CMSIS/Include -O0 -ffunction-sections -fdata-sections -Wall -fstack-usage -MMD -MP -MF"Drivers/STM32F1xx_HAL_Driver/stm32f1xx_hal_dma.d" -MT"Drivers/STM32F1xx_HAL_Driver/stm32f1xx_hal_dma.o" --specs=nano.specs -mfloat-abi=soft -mthumb -o "Drivers/STM32F1xx_HAL_Driver/stm32f1xx_hal_dma.o"
arm-none-eabi-gcc "C:/Users/Wx/STM32Cube/Repository/STM32Cube_FW_F1_V1.8.5/Drivers/STM32F1xx_HAL_Driver/Src/stm32f1xx_hal_exti.c" -mcpu=cortex-m3 -std=c99 -g3 -DDEBUG -DUSE_HAL_DRIVER -DSTM32F103xB -c -I../Core/Inc -I"G:/WX_CAREER/Grad Project/src/vehicle_intf/testing/SimpleVehicleOps/" -I"G:/WX_CAREER/Grad Project/src/vehicle_intf/testing/assets" -IC:/Users/Wx/STM32Cube/Repository/STM32Cube_FW_F1_V1.8.5/Drivers/STM32F1xx_HAL_Driver/Inc -IC:/Users/Wx/STM32Cube/Repository/STM32Cube_FW_F1_V1.8.5/Drivers/STM32F1xx_HAL_Driver/Inc/Legacy -IC:/Users/Wx/STM32Cube/Repository/STM32Cube_FW_F1_V1.8.5/Drivers/CMSIS/Device/ST/STM32F1xx/Include -IC:/Users/Wx/STM32Cube/Repository/STM32Cube_FW_F1_V1.8.5/Drivers/CMSIS/Include -O0 -ffunction-sections -fdata-sections -Wall -fstack-usage -MMD -MP -MF"Drivers/STM32F1xx_HAL_Driver/stm32f1xx_hal_exti.d" -MT"Drivers/STM32F1xx_HAL_Driver/stm32f1xx_hal_exti.o" --specs=nano.specs -mfloat-abi=soft -mthumb -o "Drivers/STM32F1xx_HAL_Driver/stm32f1xx_hal_exti.o"
arm-none-eabi-gcc "C:/Users/Wx/STM32Cube/Repository/STM32Cube_FW_F1_V1.8.5/Drivers/STM32F1xx_HAL_Driver/Src/stm32f1xx_hal_flash.c" -mcpu=cortex-m3 -std=c99 -g3 -DDEBUG -DUSE_HAL_DRIVER -DSTM32F103xB -c -I../Core/Inc -I"G:/WX_CAREER/Grad Project/src/vehicle_intf/testing/SimpleVehicleOps/" -I"G:/WX_CAREER/Grad Project/src/vehicle_intf/testing/assets" -IC:/Users/Wx/STM32Cube/Repository/STM32Cube_FW_F1_V1.8.5/Drivers/STM32F1xx_HAL_Driver/Inc -IC:/Users/Wx/STM32Cube/Repository/STM32Cube_FW_F1_V1.8.5/Drivers/STM32F1xx_HAL_Driver/Inc/Legacy -IC:/Users/Wx/STM32Cube/Repository/STM32Cube_FW_F1_V1.8.5/Drivers/CMSIS/Device/ST/STM32F1xx/Include -IC:/Users/Wx/STM32Cube/Repository/STM32Cube_FW_F1_V1.8.5/Drivers/CMSIS/Include -O0 -ffunction-sections -fdata-sections -Wall -fstack-usage -MMD -MP -MF"Drivers/STM32F1xx_HAL_Driver/stm32f1xx_hal_flash.d" -MT"Drivers/STM32F1xx_HAL_Driver/stm32f1xx_hal_flash.o" --specs=nano.specs -mfloat-abi=soft -mthumb -o "Drivers/STM32F1xx_HAL_Driver/stm32f1xx_hal_flash.o"
arm-none-eabi-gcc "C:/Users/Wx/STM32Cube/Repository/STM32Cube_FW_F1_V1.8.5/Drivers/STM32F1xx_HAL_Driver/Src/stm32f1xx_hal_flash_ex.c" -mcpu=cortex-m3 -std=c99 -g3 -DDEBUG -DUSE_HAL_DRIVER -DSTM32F103xB -c -I../Core/Inc -I"G:/WX_CAREER/Grad Project/src/vehicle_intf/testing/SimpleVehicleOps/" -I"G:/WX_CAREER/Grad Project/src/vehicle_intf/testing/assets" -IC:/Users/Wx/STM32Cube/Repository/STM32Cube_FW_F1_V1.8.5/Drivers/STM32F1xx_HAL_Driver/Inc -IC:/Users/Wx/STM32Cube/Repository/STM32Cube_FW_F1_V1.8.5/Drivers/STM32F1xx_HAL_Driver/Inc/Legacy -IC:/Users/Wx/STM32Cube/Repository/STM32Cube_FW_F1_V1.8.5/Drivers/CMSIS/Device/ST/STM32F1xx/Include -IC:/Users/Wx/STM32Cube/Repository/STM32Cube_FW_F1_V1.8.5/Drivers/CMSIS/Include -O0 -ffunction-sections -fdata-sections -Wall -fstack-usage -MMD -MP -MF"Drivers/STM32F1xx_HAL_Driver/stm32f1xx_hal_flash_ex.d" -MT"Drivers/STM32F1xx_HAL_Driver/stm32f1xx_hal_flash_ex.o" --specs=nano.specs -mfloat-abi=soft -mthumb -o "Drivers/STM32F1xx_HAL_Driver/stm32f1xx_hal_flash_ex.o"
arm-none-eabi-gcc "C:/Users/Wx/STM32Cube/Repository/STM32Cube_FW_F1_V1.8.5/Drivers/STM32F1xx_HAL_Driver/Src/stm32f1xx_hal_gpio.c" -mcpu=cortex-m3 -std=c99 -g3 -DDEBUG -DUSE_HAL_DRIVER -DSTM32F103xB -c -I../Core/Inc -I"G:/WX_CAREER/Grad Project/src/vehicle_intf/testing/SimpleVehicleOps/" -I"G:/WX_CAREER/Grad Project/src/vehicle_intf/testing/assets" -IC:/Users/Wx/STM32Cube/Repository/STM32Cube_FW_F1_V1.8.5/Drivers/STM32F1xx_HAL_Driver/Inc -IC:/Users/Wx/STM32Cube/Repository/STM32Cube_FW_F1_V1.8.5/Drivers/STM32F1xx_HAL_Driver/Inc/Legacy -IC:/Users/Wx/STM32Cube/Repository/STM32Cube_FW_F1_V1.8.5/Drivers/CMSIS/Device/ST/STM32F1xx/Include -IC:/Users/Wx/STM32Cube/Repository/STM32Cube_FW_F1_V1.8.5/Drivers/CMSIS/Include -O0 -ffunction-sections -fdata-sections -Wall -fstack-usage -MMD -MP -MF"Drivers/STM32F1xx_HAL_Driver/stm32f1xx_hal_gpio.d" -MT"Drivers/STM32F1xx_HAL_Driver/stm32f1xx_hal_gpio.o" --specs=nano.specs -mfloat-abi=soft -mthumb -o "Drivers/STM32F1xx_HAL_Driver/stm32f1xx_hal_gpio.o"
arm-none-eabi-gcc "C:/Users/Wx/STM32Cube/Repository/STM32Cube_FW_F1_V1.8.5/Drivers/STM32F1xx_HAL_Driver/Src/stm32f1xx_hal_gpio_ex.c" -mcpu=cortex-m3 -std=c99 -g3 -DDEBUG -DUSE_HAL_DRIVER -DSTM32F103xB -c -I../Core/Inc -I"G:/WX_CAREER/Grad Project/src/vehicle_intf/testing/SimpleVehicleOps/" -I"G:/WX_CAREER/Grad Project/src/vehicle_intf/testing/assets" -IC:/Users/Wx/STM32Cube/Repository/STM32Cube_FW_F1_V1.8.5/Drivers/STM32F1xx_HAL_Driver/Inc -IC:/Users/Wx/STM32Cube/Repository/STM32Cube_FW_F1_V1.8.5/Drivers/STM32F1xx_HAL_Driver/Inc/Legacy -IC:/Users/Wx/STM32Cube/Repository/STM32Cube_FW_F1_V1.8.5/Drivers/CMSIS/Device/ST/STM32F1xx/Include -IC:/Users/Wx/STM32Cube/Repository/STM32Cube_FW_F1_V1.8.5/Drivers/CMSIS/Include -O0 -ffunction-sections -fdata-sections -Wall -fstack-usage -MMD -MP -MF"Drivers/STM32F1xx_HAL_Driver/stm32f1xx_hal_gpio_ex.d" -MT"Drivers/STM32F1xx_HAL_Driver/stm32f1xx_hal_gpio_ex.o" --specs=nano.specs -mfloat-abi=soft -mthumb -o "Drivers/STM32F1xx_HAL_Driver/stm32f1xx_hal_gpio_ex.o"
arm-none-eabi-gcc "C:/Users/Wx/STM32Cube/Repository/STM32Cube_FW_F1_V1.8.5/Drivers/STM32F1xx_HAL_Driver/Src/stm32f1xx_hal_pwr.c" -mcpu=cortex-m3 -std=c99 -g3 -DDEBUG -DUSE_HAL_DRIVER -DSTM32F103xB -c -I../Core/Inc -I"G:/WX_CAREER/Grad Project/src/vehicle_intf/testing/SimpleVehicleOps/" -I"G:/WX_CAREER/Grad Project/src/vehicle_intf/testing/assets" -IC:/Users/Wx/STM32Cube/Repository/STM32Cube_FW_F1_V1.8.5/Drivers/STM32F1xx_HAL_Driver/Inc -IC:/Users/Wx/STM32Cube/Repository/STM32Cube_FW_F1_V1.8.5/Drivers/STM32F1xx_HAL_Driver/Inc/Legacy -IC:/Users/Wx/STM32Cube/Repository/STM32Cube_FW_F1_V1.8.5/Drivers/CMSIS/Device/ST/STM32F1xx/Include -IC:/Users/Wx/STM32Cube/Repository/STM32Cube_FW_F1_V1.8.5/Drivers/CMSIS/Include -O0 -ffunction-sections -fdata-sections -Wall -fstack-usage -MMD -MP -MF"Drivers/STM32F1xx_HAL_Driver/stm32f1xx_hal_pwr.d" -MT"Drivers/STM32F1xx_HAL_Driver/stm32f1xx_hal_pwr.o" --specs=nano.specs -mfloat-abi=soft -mthumb -o "Drivers/STM32F1xx_HAL_Driver/stm32f1xx_hal_pwr.o"
arm-none-eabi-gcc "C:/Users/Wx/STM32Cube/Repository/STM32Cube_FW_F1_V1.8.5/Drivers/STM32F1xx_HAL_Driver/Src/stm32f1xx_hal_rcc.c" -mcpu=cortex-m3 -std=c99 -g3 -DDEBUG -DUSE_HAL_DRIVER -DSTM32F103xB -c -I../Core/Inc -I"G:/WX_CAREER/Grad Project/src/vehicle_intf/testing/SimpleVehicleOps/" -I"G:/WX_CAREER/Grad Project/src/vehicle_intf/testing/assets" -IC:/Users/Wx/STM32Cube/Repository/STM32Cube_FW_F1_V1.8.5/Drivers/STM32F1xx_HAL_Driver/Inc -IC:/Users/Wx/STM32Cube/Repository/STM32Cube_FW_F1_V1.8.5/Drivers/STM32F1xx_HAL_Driver/Inc/Legacy -IC:/Users/Wx/STM32Cube/Repository/STM32Cube_FW_F1_V1.8.5/Drivers/CMSIS/Device/ST/STM32F1xx/Include -IC:/Users/Wx/STM32Cube/Repository/STM32Cube_FW_F1_V1.8.5/Drivers/CMSIS/Include -O0 -ffunction-sections -fdata-sections -Wall -fstack-usage -MMD -MP -MF"Drivers/STM32F1xx_HAL_Driver/stm32f1xx_hal_rcc.d" -MT"Drivers/STM32F1xx_HAL_Driver/stm32f1xx_hal_rcc.o" --specs=nano.specs -mfloat-abi=soft -mthumb -o "Drivers/STM32F1xx_HAL_Driver/stm32f1xx_hal_rcc.o"
arm-none-eabi-gcc "C:/Users/Wx/STM32Cube/Repository/STM32Cube_FW_F1_V1.8.5/Drivers/STM32F1xx_HAL_Driver/Src/stm32f1xx_hal_rcc_ex.c" -mcpu=cortex-m3 -std=c99 -g3 -DDEBUG -DUSE_HAL_DRIVER -DSTM32F103xB -c -I../Core/Inc -I"G:/WX_CAREER/Grad Project/src/vehicle_intf/testing/SimpleVehicleOps/" -I"G:/WX_CAREER/Grad Project/src/vehicle_intf/testing/assets" -IC:/Users/Wx/STM32Cube/Repository/STM32Cube_FW_F1_V1.8.5/Drivers/STM32F1xx_HAL_Driver/Inc -IC:/Users/Wx/STM32Cube/Repository/STM32Cube_FW_F1_V1.8.5/Drivers/STM32F1xx_HAL_Driver/Inc/Legacy -IC:/Users/Wx/STM32Cube/Repository/STM32Cube_FW_F1_V1.8.5/Drivers/CMSIS/Device/ST/STM32F1xx/Include -IC:/Users/Wx/STM32Cube/Repository/STM32Cube_FW_F1_V1.8.5/Drivers/CMSIS/Include -O0 -ffunction-sections -fdata-sections -Wall -fstack-usage -MMD -MP -MF"Drivers/STM32F1xx_HAL_Driver/stm32f1xx_hal_rcc_ex.d" -MT"Drivers/STM32F1xx_HAL_Driver/stm32f1xx_hal_rcc_ex.o" --specs=nano.specs -mfloat-abi=soft -mthumb -o "Drivers/STM32F1xx_HAL_Driver/stm32f1xx_hal_rcc_ex.o"
arm-none-eabi-gcc "C:/Users/Wx/STM32Cube/Repository/STM32Cube_FW_F1_V1.8.5/Drivers/STM32F1xx_HAL_Driver/Src/stm32f1xx_hal_tim.c" -mcpu=cortex-m3 -std=c99 -g3 -DDEBUG -DUSE_HAL_DRIVER -DSTM32F103xB -c -I../Core/Inc -I"G:/WX_CAREER/Grad Project/src/vehicle_intf/testing/SimpleVehicleOps/" -I"G:/WX_CAREER/Grad Project/src/vehicle_intf/testing/assets" -IC:/Users/Wx/STM32Cube/Repository/STM32Cube_FW_F1_V1.8.5/Drivers/STM32F1xx_HAL_Driver/Inc -IC:/Users/Wx/STM32Cube/Repository/STM32Cube_FW_F1_V1.8.5/Drivers/STM32F1xx_HAL_Driver/Inc/Legacy -IC:/Users/Wx/STM32Cube/Repository/STM32Cube_FW_F1_V1.8.5/Drivers/CMSIS/Device/ST/STM32F1xx/Include -IC:/Users/Wx/STM32Cube/Repository/STM32Cube_FW_F1_V1.8.5/Drivers/CMSIS/Include -O0 -ffunction-sections -fdata-sections -Wall -fstack-usage -MMD -MP -MF"Drivers/STM32F1xx_HAL_Driver/stm32f1xx_hal_tim.d" -MT"Drivers/STM32F1xx_HAL_Driver/stm32f1xx_hal_tim.o" --specs=nano.specs -mfloat-abi=soft -mthumb -o "Drivers/STM32F1xx_HAL_Driver/stm32f1xx_hal_tim.o"
arm-none-eabi-gcc "C:/Users/Wx/STM32Cube/Repository/STM32Cube_FW_F1_V1.8.5/Drivers/STM32F1xx_HAL_Driver/Src/stm32f1xx_hal_tim_ex.c" -mcpu=cortex-m3 -std=c99 -g3 -DDEBUG -DUSE_HAL_DRIVER -DSTM32F103xB -c -I../Core/Inc -I"G:/WX_CAREER/Grad Project/src/vehicle_intf/testing/SimpleVehicleOps/" -I"G:/WX_CAREER/Grad Project/src/vehicle_intf/testing/assets" -IC:/Users/Wx/STM32Cube/Repository/STM32Cube_FW_F1_V1.8.5/Drivers/STM32F1xx_HAL_Driver/Inc -IC:/Users/Wx/STM32Cube/Repository/STM32Cube_FW_F1_V1.8.5/Drivers/STM32F1xx_HAL_Driver/Inc/Legacy -IC:/Users/Wx/STM32Cube/Repository/STM32Cube_FW_F1_V1.8.5/Drivers/CMSIS/Device/ST/STM32F1xx/Include -IC:/Users/Wx/STM32Cube/Repository/STM32Cube_FW_F1_V1.8.5/Drivers/CMSIS/Include -O0 -ffunction-sections -fdata-sections -Wall -fstack-usage -MMD -MP -MF"Drivers/STM32F1xx_HAL_Driver/stm32f1xx_hal_tim_ex.d" -MT"Drivers/STM32F1xx_HAL_Driver/stm32f1xx_hal_tim_ex.o" --specs=nano.specs -mfloat-abi=soft -mthumb -o "Drivers/STM32F1xx_HAL_Driver/stm32f1xx_hal_tim_ex.o"
arm-none-eabi-gcc "C:/Users/Wx/STM32Cube/Repository/STM32Cube_FW_F1_V1.8.5/Drivers/STM32F1xx_HAL_Driver/Src/stm32f1xx_hal_uart.c" -mcpu=cortex-m3 -std=c99 -g3 -DDEBUG -DUSE_HAL_DRIVER -DSTM32F103xB -c -I../Core/Inc -I"G:/WX_CAREER/Grad Project/src/vehicle_intf/testing/SimpleVehicleOps/" -I"G:/WX_CAREER/Grad Project/src/vehicle_intf/testing/assets" -IC:/Users/Wx/STM32Cube/Repository/STM32Cube_FW_F1_V1.8.5/Drivers/STM32F1xx_HAL_Driver/Inc -IC:/Users/Wx/STM32Cube/Repository/STM32Cube_FW_F1_V1.8.5/Drivers/STM32F1xx_HAL_Driver/Inc/Legacy -IC:/Users/Wx/STM32Cube/Repository/STM32Cube_FW_F1_V1.8.5/Drivers/CMSIS/Device/ST/STM32F1xx/Include -IC:/Users/Wx/STM32Cube/Repository/STM32Cube_FW_F1_V1.8.5/Drivers/CMSIS/Include -O0 -ffunction-sections -fdata-sections -Wall -fstack-usage -MMD -MP -MF"Drivers/STM32F1xx_HAL_Driver/stm32f1xx_hal_uart.d" -MT"Drivers/STM32F1xx_HAL_Driver/stm32f1xx_hal_uart.o" --specs=nano.specs -mfloat-abi=soft -mthumb -o "Drivers/STM32F1xx_HAL_Driver/stm32f1xx_hal_uart.o"
arm-none-eabi-gcc "../Core/Src/gpio.c" -mcpu=cortex-m3 -std=c99 -g3 -DDEBUG -DUSE_HAL_DRIVER -DSTM32F103xB -c -I../Core/Inc -I"G:/WX_CAREER/Grad Project/src/vehicle_intf/testing/SimpleVehicleOps/" -I"G:/WX_CAREER/Grad Project/src/vehicle_intf/testing/assets" -IC:/Users/Wx/STM32Cube/Repository/STM32Cube_FW_F1_V1.8.5/Drivers/STM32F1xx_HAL_Driver/Inc -IC:/Users/Wx/STM32Cube/Repository/STM32Cube_FW_F1_V1.8.5/Drivers/STM32F1xx_HAL_Driver/Inc/Legacy -IC:/Users/Wx/STM32Cube/Repository/STM32Cube_FW_F1_V1.8.5/Drivers/CMSIS/Device/ST/STM32F1xx/Include -IC:/Users/Wx/STM32Cube/Repository/STM32Cube_FW_F1_V1.8.5/Drivers/CMSIS/Include -O0 -ffunction-sections -fdata-sections -Wall -fstack-usage -MMD -MP -MF"Core/Src/gpio.d" -MT"Core/Src/gpio.o" --specs=nano.specs -mfloat-abi=soft -mthumb -o "Core/Src/gpio.o"
arm-none-eabi-gcc "../Core/Src/main.c" -mcpu=cortex-m3 -std=c99 -g3 -DDEBUG -DUSE_HAL_DRIVER -DSTM32F103xB -c -I../Core/Inc -I"G:/WX_CAREER/Grad Project/src/vehicle_intf/testing/SimpleVehicleOps/" -I"G:/WX_CAREER/Grad Project/src/vehicle_intf/testing/assets" -IC:/Users/Wx/STM32Cube/Repository/STM32Cube_FW_F1_V1.8.5/Drivers/STM32F1xx_HAL_Driver/Inc -IC:/Users/Wx/STM32Cube/Repository/STM32Cube_FW_F1_V1.8.5/Drivers/STM32F1xx_HAL_Driver/Inc/Legacy -IC:/Users/Wx/STM32Cube/Repository/STM32Cube_FW_F1_V1.8.5/Drivers/CMSIS/Device/ST/STM32F1xx/Include -IC:/Users/Wx/STM32Cube/Repository/STM32Cube_FW_F1_V1.8.5/Drivers/CMSIS/Include -O0 -ffunction-sections -fdata-sections -Wall -fstack-usage -MMD -MP -MF"Core/Src/main.d" -MT"Core/Src/main.o" --specs=nano.specs -mfloat-abi=soft -mthumb -o "Core/Src/main.o"
arm-none-eabi-gcc "../Core/Src/simple_vehicle_ops.c" -mcpu=cortex-m3 -std=c99 -g3 -DDEBUG -DUSE_HAL_DRIVER -DSTM32F103xB -c -I../Core/Inc -I"G:/WX_CAREER/Grad Project/src/vehicle_intf/testing/SimpleVehicleOps/" -I"G:/WX_CAREER/Grad Project/src/vehicle_intf/testing/assets" -IC:/Users/Wx/STM32Cube/Repository/STM32Cube_FW_F1_V1.8.5/Drivers/STM32F1xx_HAL_Driver/Inc -IC:/Users/Wx/STM32Cube/Repository/STM32Cube_FW_F1_V1.8.5/Drivers/STM32F1xx_HAL_Driver/Inc/Legacy -IC:/Users/Wx/STM32Cube/Repository/STM32Cube_FW_F1_V1.8.5/Drivers/CMSIS/Device/ST/STM32F1xx/Include -IC:/Users/Wx/STM32Cube/Repository/STM32Cube_FW_F1_V1.8.5/Drivers/CMSIS/Include -O0 -ffunction-sections -fdata-sections -Wall -fstack-usage -MMD -MP -MF"Core/Src/simple_vehicle_ops.d" -MT"Core/Src/simple_vehicle_ops.o" --specs=nano.specs -mfloat-abi=soft -mthumb -o "Core/Src/simple_vehicle_ops.o"
arm-none-eabi-gcc "../Core/Src/stm32f1xx_hal_msp.c" -mcpu=cortex-m3 -std=c99 -g3 -DDEBUG -DUSE_HAL_DRIVER -DSTM32F103xB -c -I../Core/Inc -I"G:/WX_CAREER/Grad Project/src/vehicle_intf/testing/SimpleVehicleOps/" -I"G:/WX_CAREER/Grad Project/src/vehicle_intf/testing/assets" -IC:/Users/Wx/STM32Cube/Repository/STM32Cube_FW_F1_V1.8.5/Drivers/STM32F1xx_HAL_Driver/Inc -IC:/Users/Wx/STM32Cube/Repository/STM32Cube_FW_F1_V1.8.5/Drivers/STM32F1xx_HAL_Driver/Inc/Legacy -IC:/Users/Wx/STM32Cube/Repository/STM32Cube_FW_F1_V1.8.5/Drivers/CMSIS/Device/ST/STM32F1xx/Include -IC:/Users/Wx/STM32Cube/Repository/STM32Cube_FW_F1_V1.8.5/Drivers/CMSIS/Include -O0 -ffunction-sections -fdata-sections -Wall -fstack-usage -MMD -MP -MF"Core/Src/stm32f1xx_hal_msp.d" -MT"Core/Src/stm32f1xx_hal_msp.o" --specs=nano.specs -mfloat-abi=soft -mthumb -o "Core/Src/stm32f1xx_hal_msp.o"
arm-none-eabi-gcc "../Core/Src/stm32f1xx_it.c" -mcpu=cortex-m3 -std=c99 -g3 -DDEBUG -DUSE_HAL_DRIVER -DSTM32F103xB -c -I../Core/Inc -I"G:/WX_CAREER/Grad Project/src/vehicle_intf/testing/SimpleVehicleOps/" -I"G:/WX_CAREER/Grad Project/src/vehicle_intf/testing/assets" -IC:/Users/Wx/STM32Cube/Repository/STM32Cube_FW_F1_V1.8.5/Drivers/STM32F1xx_HAL_Driver/Inc -IC:/Users/Wx/STM32Cube/Repository/STM32Cube_FW_F1_V1.8.5/Drivers/STM32F1xx_HAL_Driver/Inc/Legacy -IC:/Users/Wx/STM32Cube/Repository/STM32Cube_FW_F1_V1.8.5/Drivers/CMSIS/Device/ST/STM32F1xx/Include -IC:/Users/Wx/STM32Cube/Repository/STM32Cube_FW_F1_V1.8.5/Drivers/CMSIS/Include -O0 -ffunction-sections -fdata-sections -Wall -fstack-usage -MMD -MP -MF"Core/Src/stm32f1xx_it.d" -MT"Core/Src/stm32f1xx_it.o" --specs=nano.specs -mfloat-abi=soft -mthumb -o "Core/Src/stm32f1xx_it.o"
arm-none-eabi-gcc "../Core/Src/system_stm32f1xx.c" -mcpu=cortex-m3 -std=c99 -g3 -DDEBUG -DUSE_HAL_DRIVER -DSTM32F103xB -c -I../Core/Inc -I"G:/WX_CAREER/Grad Project/src/vehicle_intf/testing/SimpleVehicleOps/" -I"G:/WX_CAREER/Grad Project/src/vehicle_intf/testing/assets" -IC:/Users/Wx/STM32Cube/Repository/STM32Cube_FW_F1_V1.8.5/Drivers/STM32F1xx_HAL_Driver/Inc -IC:/Users/Wx/STM32Cube/Repository/STM32Cube_FW_F1_V1.8.5/Drivers/STM32F1xx_HAL_Driver/Inc/Legacy -IC:/Users/Wx/STM32Cube/Repository/STM32Cube_FW_F1_V1.8.5/Drivers/CMSIS/Device/ST/STM32F1xx/Include -IC:/Users/Wx/STM32Cube/Repository/STM32Cube_FW_F1_V1.8.5/Drivers/CMSIS/Include -O0 -ffunction-sections -fdata-sections -Wall -fstack-usage -MMD -MP -MF"Core/Src/system_stm32f1xx.d" -MT"Core/Src/system_stm32f1xx.o" --specs=nano.specs -mfloat-abi=soft -mthumb -o "Core/Src/system_stm32f1xx.o"
arm-none-eabi-gcc "../Core/Src/tim.c" -mcpu=cortex-m3 -std=c99 -g3 -DDEBUG -DUSE_HAL_DRIVER -DSTM32F103xB -c -I../Core/Inc -I"G:/WX_CAREER/Grad Project/src/vehicle_intf/testing/SimpleVehicleOps/" -I"G:/WX_CAREER/Grad Project/src/vehicle_intf/testing/assets" -IC:/Users/Wx/STM32Cube/Repository/STM32Cube_FW_F1_V1.8.5/Drivers/STM32F1xx_HAL_Driver/Inc -IC:/Users/Wx/STM32Cube/Repository/STM32Cube_FW_F1_V1.8.5/Drivers/STM32F1xx_HAL_Driver/Inc/Legacy -IC:/Users/Wx/STM32Cube/Repository/STM32Cube_FW_F1_V1.8.5/Drivers/CMSIS/Device/ST/STM32F1xx/Include -IC:/Users/Wx/STM32Cube/Repository/STM32Cube_FW_F1_V1.8.5/Drivers/CMSIS/Include -O0 -ffunction-sections -fdata-sections -Wall -fstack-usage -MMD -MP -MF"Core/Src/tim.d" -MT"Core/Src/tim.o" --specs=nano.specs -mfloat-abi=soft -mthumb -o "Core/Src/tim.o"
[...]
arm-none-eabi-gcc "../Core/Src/stm32f1xx_hal_msp.c" -mcpu=cortex-m3 -std=c99 -g3 -DDEBUG -DUSE_HAL_DRIVER -DSTM32F103xB -c -I../Core/Inc -I"G:/WX_CAREER/Grad Project/src/vehicle_intf/testing/SimpleVehicleOps/" -I"G:/WX_CAREER/Grad Project/src/vehicle_intf/testing/assets" -IC:/Users/Wx/STM32Cube/Repository/STM32Cube_FW_F1_V1.8.5/Drivers/STM32F1xx_HAL_Driver/Inc -IC:/Users/Wx/STM32Cube/Repository/STM32Cube_FW_F1_V1.8.5/Drivers/STM32F1xx_HAL_Driver/Inc/Legacy -IC:/Users/Wx/STM32Cube/Repository/STM32Cube_FW_F1_V1.8.5/Drivers/CMSIS/Device/ST/STM32F1xx/Include -IC:/Users/Wx/STM32Cube/Repository/STM32Cube_FW_F1_V1.8.5/Drivers/CMSIS/Include -O0 -ffunction-sections -fdata-sections -Wall -fstack-usage -MMD -MP -MF"Core/Src/stm32f1xx_hal_msp.d" -MT"Core/Src/stm32f1xx_hal_msp.o" --specs=nano.specs -mfloat-abi=soft -mthumb -o "Core/Src/stm32f1xx_hal_msp.o"
arm-none-eabi-gcc "../Core/Src/stm32f1xx_it.c" -mcpu=cortex-m3 -std=c99 -g3 -DDEBUG -DUSE_HAL_DRIVER -DSTM32F103xB -c -I../Core/Inc -I"G:/WX_CAREER/Grad Project/src/vehicle_intf/testing/SimpleVehicleOps/" -I"G:/WX_CAREER/Grad Project/src/vehicle_intf/testing/assets" -IC:/Users/Wx/STM32Cube/Repository/STM32Cube_FW_F1_V1.8.5/Drivers/STM32F1xx_HAL_Driver/Inc -IC:/Users/Wx/STM32Cube/Repository/STM32Cube_FW_F1_V1.8.5/Drivers/STM32F1xx_HAL_Driver/Inc/Legacy -IC:/Users/Wx/STM32Cube/Repository/STM32Cube_FW_F1_V1.8.5/Drivers/CMSIS/Device/ST/STM32F1xx/Include -IC:/Users/Wx/STM32Cube/Repository/STM32Cube_FW_F1_V1.8.5/Drivers/CMSIS/Include -O0 -ffunction-sections -fdata-sections -Wall -fstack-usage -MMD -MP -MF"Core/Src/stm32f1xx_it.d" -MT"Core/Src/stm32f1xx_it.o" --specs=nano.specs -mfloat-abi=soft -mthumb -o "Core/Src/stm32f1xx_it.o"
arm-none-eabi-gcc "../Core/Src/system_stm32f1xx.c" -mcpu=cortex-m3 -std=c99 -g3 -DDEBUG -DUSE_HAL_DRIVER -DSTM32F103xB -c -I../Core/Inc -I"G:/WX_CAREER/Grad Project/src/vehicle_intf/testing/SimpleVehicleOps/" -I"G:/WX_CAREER/Grad Project/src/vehicle_intf/testing/assets" -IC:/Users/Wx/STM32Cube/Repository/STM32Cube_FW_F1_V1.8.5/Drivers/STM32F1xx_HAL_Driver/Inc -IC:/Users/Wx/STM32Cube/Repository/STM32Cube_FW_F1_V1.8.5/Drivers/STM32F1xx_HAL_Driver/Inc/Legacy -IC:/Users/Wx/STM32Cube/Repository/STM32Cube_FW_F1_V1.8.5/Drivers/CMSIS/Device/ST/STM32F1xx/Include -IC:/Users/Wx/STM32Cube/Repository/STM32Cube_FW_F1_V1.8.5/Drivers/CMSIS/Include -O0 -ffunction-sections -fdata-sections -Wall -fstack-usage -MMD -MP -MF"Core/Src/system_stm32f1xx.d" -MT"Core/Src/system_stm32f1xx.o" --specs=nano.specs -mfloat-abi=soft -mthumb -o "Core/Src/system_stm32f1xx.o"
In file included from G:/WX_CAREER/Grad Project/src/vehicle_intf/testing/assets/Std_Types.h:40,
                 from G:/WX_CAREER/Grad Project/src/vehicle_intf/testing/SimpleVehicleOps/simple_vehicle_ops.h:41,
                 from ../Core/Src/main.c:27:
G:/WX_CAREER/Grad Project/src/vehicle_intf/testing/assets/Compiler.h:199: warning: "__PACKED" redefined
  199 |     #define __PACKED __attribute__((packed))
      | 
In file included from C:/Users/Wx/STM32Cube/Repository/STM32Cube_FW_F1_V1.8.5/Drivers/CMSIS/Include/cmsis_compiler.h:48,
                 from C:/Users/Wx/STM32Cube/Repository/STM32Cube_FW_F1_V1.8.5/Drivers/CMSIS/Include/core_cm3.h:115,
                 from C:/Users/Wx/STM32Cube/Repository/STM32Cube_FW_F1_V1.8.5/Drivers/CMSIS/Device/ST/STM32F1xx/Include/stm32f103xb.h:131,
                 from C:/Users/Wx/STM32Cube/Repository/STM32Cube_FW_F1_V1.8.5/Drivers/CMSIS/Device/ST/STM32F1xx/Include/stm32f1xx.h:130,
arm-none-eabi-gcc "../Core/Src/tim.c" -mcpu=cortex-m3 -std=c99 -g3 -DDEBUG -DUSE_HAL_DRIVER -DSTM32F103xB -c -I../Core/Inc -I"G:/WX_CAREER/Grad Project/src/vehicle_intf/testing/SimpleVehicleOps/" -I"G:/WX_CAREER/Grad Project/src/vehicle_intf/testing/assets" -IC:/Users/Wx/STM32Cube/Repository/STM32Cube_FW_F1_V1.8.5/Drivers/STM32F1xx_HAL_Driver/Inc -IC:/Users/Wx/STM32Cube/Repository/STM32Cube_FW_F1_V1.8.5/Drivers/STM32F1xx_HAL_Driver/Inc/Legacy -IC:/Users/Wx/STM32Cube/Repository/STM32Cube_FW_F1_V1.8.5/Drivers/CMSIS/Device/ST/STM32F1xx/Include -IC:/Users/Wx/STM32Cube/Repository/STM32Cube_FW_F1_V1.8.5/Drivers/CMSIS/Include -O0 -ffunction-sections -fdata-sections -Wall -fstack-usage -MMD -MP -MF"Core/Src/tim.d" -MT"Core/Src/tim.o" --specs=nano.specs -mfloat-abi=soft -mthumb -o "Core/Src/tim.o"
                 from C:/Users/Wx/STM32Cube/Repository/STM32Cube_FW_F1_V1.8.5/Drivers/STM32F1xx_HAL_Driver/Inc/stm32f1xx_hal_def.h:29,
                 from C:/Users/Wx/STM32Cube/Repository/STM32Cube_FW_F1_V1.8.5/Drivers/STM32F1xx_HAL_Driver/Inc/stm32f1xx_hal_rcc.h:27,
                 from ../Core/Inc/stm32f1xx_hal_conf.h:238,
                 from C:/Users/Wx/STM32Cube/Repository/STM32Cube_FW_F1_V1.8.5/Drivers/STM32F1xx_HAL_Driver/Inc/stm32f1xx_hal.h:29,
                 from ../Core/Inc/main.h:30,
                 from ../Core/Src/main.c:20:
C:/Users/Wx/STM32Cube/Repository/STM32Cube_FW_F1_V1.8.5/Drivers/CMSIS/Include/cmsis_gcc.h:62: note: this is the location of the previous definition
   62 |   #define __PACKED                               __attribute__((packed, aligned(1)))
      | 
../Core/Src/simple_vehicle_ops.c:382:13: warning: 'motors_init' defined but not used [-Wunused-function]
  382 | static void motors_init(void) {
      |             ^~~~~~~~~~~
../Core/Src/simple_vehicle_ops.c:377:13: warning: 'uss_init' defined but not used [-Wunused-function]
  377 | static void uss_init(void) {
      |             ^~~~~~~~
../Core/Src/simple_vehicle_ops.c:371:13: warning: 'buzzer_init' defined but not used [-Wunused-function]
  371 | static void buzzer_init(void) {
      |             ^~~~~~~~~~~
../Core/Src/simple_vehicle_ops.c:362:13: warning: 'front_leds_init' defined but not used [-Wunused-function]
  362 | static void front_leds_init(void) {
      |             ^~~~~~~~~~~~~~~
../Core/Src/simple_vehicle_ops.c:87:21: warning: 'send_log' defined but not used [-Wunused-function]
   87 | __STATIC __NORETURN send_log(const uint8* restrict pArg_u8StrFormat, ...) {
      |                     ^~~~~~~~
arm-none-eabi-gcc "../Core/Src/usart.c" -mcpu=cortex-m3 -std=c99 -g3 -DDEBUG -DUSE_HAL_DRIVER -DSTM32F103xB -c -I../Core/Inc -I"G:/WX_CAREER/Grad Project/src/vehicle_intf/testing/SimpleVehicleOps/" -I"G:/WX_CAREER/Grad Project/src/vehicle_intf/testing/assets" -IC:/Users/Wx/STM32Cube/Repository/STM32Cube_FW_F1_V1.8.5/Drivers/STM32F1xx_HAL_Driver/Inc -IC:/Users/Wx/STM32Cube/Repository/STM32Cube_FW_F1_V1.8.5/Drivers/STM32F1xx_HAL_Driver/Inc/Legacy -IC:/Users/Wx/STM32Cube/Repository/STM32Cube_FW_F1_V1.8.5/Drivers/CMSIS/Device/ST/STM32F1xx/Include -IC:/Users/Wx/STM32Cube/Repository/STM32Cube_FW_F1_V1.8.5/Drivers/CMSIS/Include -O0 -ffunction-sections -fdata-sections -Wall -fstack-usage -MMD -MP -MF"Core/Src/usart.d" -MT"Core/Src/usart.o" --specs=nano.specs -mfloat-abi=soft -mthumb -o "Core/Src/usart.o"
arm-none-eabi-gcc -o "TargetApplication.elf" @"objects.list"   -mcpu=cortex-m3 -T"G:\WX_CAREER\Grad Project\src\vehicle_intf\testing\Application\TargetApplication\STM32F103C8TX_FLASH.ld" --specs=nosys.specs -Wl,-Map="TargetApplication.map" -Wl,--gc-sections -static --specs=nano.specs -mfloat-abi=soft -mthumb -Wl,--start-group -lc -lm -Wl,--end-group
Finished building target: TargetApplication.elf
 
arm-none-eabi-size   TargetApplication.elf 
arm-none-eabi-objdump -h -S  TargetApplication.elf  > "TargetApplication.list"
arm-none-eabi-objcopy  -O ihex  TargetApplication.elf  "TargetApplication.hex"
   text	   data	    bss	    dec	    hex	filename
  18124	     20	   1804	  19948	   4dec	TargetApplication.elf
arm-none-eabi-objcopy  -O binary  TargetApplication.elf  "TargetApplication.bin"
Finished building: default.size.stdout
 
Finished building: TargetApplication.hex
Finished building: TargetApplication.bin
 
 
Finished building: TargetApplication.list
 
17:54:35 **** Incremental Build of configuration Debug for project TargetApplication ****
make -j12 all 
arm-none-eabi-gcc "../Core/Src/simple_vehicle_ops.c" -mcpu=cortex-m3 -std=c99 -g3 -DDEBUG -DUSE_HAL_DRIVER -DSTM32F103xB -c -I../Core/Inc -I"G:/WX_CAREER/Grad Project/src/vehicle_intf/testing/SimpleVehicleOps/" -I"G:/WX_CAREER/Grad Project/src/vehicle_intf/testing/assets" -IC:/Users/Wx/STM32Cube/Repository/STM32Cube_FW_F1_V1.8.5/Drivers/STM32F1xx_HAL_Driver/Inc -IC:/Users/Wx/STM32Cube/Repository/STM32Cube_FW_F1_V1.8.5/Drivers/STM32F1xx_HAL_Driver/Inc/Legacy -IC:/Users/Wx/STM32Cube/Repository/STM32Cube_FW_F1_V1.8.5/Drivers/CMSIS/Device/ST/STM32F1xx/Include -IC:/Users/Wx/STM32Cube/Repository/STM32Cube_FW_F1_V1.8.5/Drivers/CMSIS/Include -O0 -ffunction-sections -fdata-sections -Wall -fstack-usage -MMD -MP -MF"Core/Src/simple_vehicle_ops.d" -MT"Core/Src/simple_vehicle_ops.o" --specs=nano.specs -mfloat-abi=soft -mthumb -o "Core/Src/simple_vehicle_ops.o"
../Core/Src/simple_vehicle_ops.c:380:13: warning: 'motors_init' defined but not used [-Wunused-function]
  380 | static void motors_init(void) {
      |             ^~~~~~~~~~~
../Core/Src/simple_vehicle_ops.c:375:13: warning: 'uss_init' defined but not used [-Wunused-function]
  375 | static void uss_init(void) {
      |             ^~~~~~~~
../Core/Src/simple_vehicle_ops.c:369:13: warning: 'buzzer_init' defined but not used [-Wunused-function]
  369 | static void buzzer_init(void) {
      |             ^~~~~~~~~~~
../Core/Src/simple_vehicle_ops.c:360:13: warning: 'front_leds_init' defined but not used [-Wunused-function]
  360 | static void front_leds_init(void) {
      |             ^~~~~~~~~~~~~~~
../Core/Src/simple_vehicle_ops.c:85:21: warning: 'send_log' defined but not used [-Wunused-function]
   85 | __STATIC __NORETURN send_log(const uint8* restrict pArg_u8StrFormat, ...) {
      |                     ^~~~~~~~
arm-none-eabi-gcc -o "TargetApplication.elf" @"objects.list"   -mcpu=cortex-m3 -T"G:\WX_CAREER\Grad Project\src\vehicle_intf\testing\Application\TargetApplication\STM32F103C8TX_FLASH.ld" --specs=nosys.specs -Wl,-Map="TargetApplication.map" -Wl,--gc-sections -static --specs=nano.specs -mfloat-abi=soft -mthumb -Wl,--start-group -lc -lm -Wl,--end-group
Finished building target: TargetApplication.elf
 
arm-none-eabi-size   TargetApplication.elf 
arm-none-eabi-objdump -h -S  TargetApplication.elf  > "TargetApplication.list"
arm-none-eabi-objcopy  -O ihex  TargetApplication.elf  "TargetApplication.hex"
arm-none-eabi-objcopy  -O binary  TargetApplication.elf  "TargetApplication.bin"
   text	   data	    bss	    dec	    hex	filename
  18104	     20	   1804	  19928	   4dd8	TargetApplication.elf
Finished building: default.size.stdout
 
Finished building: TargetApplication.hex
Finished building: TargetApplication.bin
 
 
Finished building: TargetApplication.list
 
17:55:27 **** Incremental Build of configuration Debug for project TargetApplication ****
make -j12 all 
arm-none-eabi-gcc "../Core/Src/simple_vehicle_ops.c" -mcpu=cortex-m3 -std=c99 -g3 -DDEBUG -DUSE_HAL_DRIVER -DSTM32F103xB -c -I../Core/Inc -I"G:/WX_CAREER/Grad Project/src/vehicle_intf/testing/SimpleVehicleOps/" -I"G:/WX_CAREER/Grad Project/src/vehicle_intf/testing/assets" -IC:/Users/Wx/STM32Cube/Repository/STM32Cube_FW_F1_V1.8.5/Drivers/STM32F1xx_HAL_Driver/Inc -IC:/Users/Wx/STM32Cube/Repository/STM32Cube_FW_F1_V1.8.5/Drivers/STM32F1xx_HAL_Driver/Inc/Legacy -IC:/Users/Wx/STM32Cube/Repository/STM32Cube_FW_F1_V1.8.5/Drivers/CMSIS/Device/ST/STM32F1xx/Include -IC:/Users/Wx/STM32Cube/Repository/STM32Cube_FW_F1_V1.8.5/Drivers/CMSIS/Include -O0 -ffunction-sections -fdata-sections -Wall -fstack-usage -MMD -MP -MF"Core/Src/simple_vehicle_ops.d" -MT"Core/Src/simple_vehicle_ops.o" --specs=nano.specs -mfloat-abi=soft -mthumb -o "Core/Src/simple_vehicle_ops.o"
../Core/Src/simple_vehicle_ops.c:380:13: warning: 'motors_init' defined but not used [-Wunused-function]
  380 | static void motors_init(void) {
      |             ^~~~~~~~~~~
../Core/Src/simple_vehicle_ops.c:375:13: warning: 'uss_init' defined but not used [-Wunused-function]
  375 | static void uss_init(void) {
      |             ^~~~~~~~
../Core/Src/simple_vehicle_ops.c:369:13: warning: 'buzzer_init' defined but not used [-Wunused-function]
  369 | static void buzzer_init(void) {
      |             ^~~~~~~~~~~
../Core/Src/simple_vehicle_ops.c:360:13: warning: 'front_leds_init' defined but not used [-Wunused-function]
  360 | static void front_leds_init(void) {
      |             ^~~~~~~~~~~~~~~
../Core/Src/simple_vehicle_ops.c:85:21: warning: 'send_log' defined but not used [-Wunused-function]
   85 | __STATIC __NORETURN send_log(const uint8* restrict pArg_u8StrFormat, ...) {
      |                     ^~~~~~~~
arm-none-eabi-gcc -o "TargetApplication.elf" @"objects.list"   -mcpu=cortex-m3 -T"G:\WX_CAREER\Grad Project\src\vehicle_intf\testing\Application\TargetApplication\STM32F103C8TX_FLASH.ld" --specs=nosys.specs -Wl,-Map="TargetApplication.map" -Wl,--gc-sections -static --specs=nano.specs -mfloat-abi=soft -mthumb -Wl,--start-group -lc -lm -Wl,--end-group
Finished building target: TargetApplication.elf
 
arm-none-eabi-size   TargetApplication.elf 
arm-none-eabi-objdump -h -S  TargetApplication.elf  > "TargetApplication.list"
arm-none-eabi-objcopy  -O ihex  TargetApplication.elf  "TargetApplication.hex"
   text	   data	    bss	    dec	    hex	filename
  18072	     20	   1804	  19896	   4db8	TargetApplication.elf
arm-none-eabi-objcopy  -O binary  TargetApplication.elf  "TargetApplication.bin"
Finished building: default.size.stdout
 
Finished building: TargetApplication.hex
Finished building: TargetApplication.bin
 
 
Finished building: TargetApplication.list
 
21:39:26 **** Incremental Build of configuration Debug for project TargetApplication ****
make -j12 all 
arm-none-eabi-gcc "../Core/Src/simple_vehicle_ops.c" -mcpu=cortex-m3 -std=c99 -g3 -DDEBUG -DUSE_HAL_DRIVER -DSTM32F103xB -c -I../Core/Inc -I"G:/WX_CAREER/Grad Project/src/vehicle_intf/testing/SimpleVehicleOps/" -I"G:/WX_CAREER/Grad Project/src/vehicle_intf/testing/assets" -IC:/Users/Wx/STM32Cube/Repository/STM32Cube_FW_F1_V1.8.5/Drivers/STM32F1xx_HAL_Driver/Inc -IC:/Users/Wx/STM32Cube/Repository/STM32Cube_FW_F1_V1.8.5/Drivers/STM32F1xx_HAL_Driver/Inc/Legacy -IC:/Users/Wx/STM32Cube/Repository/STM32Cube_FW_F1_V1.8.5/Drivers/CMSIS/Device/ST/STM32F1xx/Include -IC:/Users/Wx/STM32Cube/Repository/STM32Cube_FW_F1_V1.8.5/Drivers/CMSIS/Include -O0 -ffunction-sections -fdata-sections -Wall -fstack-usage -MMD -MP -MF"Core/Src/simple_vehicle_ops.d" -MT"Core/Src/simple_vehicle_ops.o" --specs=nano.specs -mfloat-abi=soft -mthumb -o "Core/Src/simple_vehicle_ops.o"
../Core/Src/simple_vehicle_ops.c: In function 'HAL_UART_RxCpltCallback':
../Core/Src/simple_vehicle_ops.c:81:4: warning: implicit declaration of function 'jump_to_bootloader' [-Wimplicit-function-declaration]
   81 |    jump_to_bootloader();
      |    ^~~~~~~~~~~~~~~~~~
At top level:
../Core/Src/simple_vehicle_ops.c:386:13: warning: 'motors_init' defined but not used [-Wunused-function]
  386 | static void motors_init(void) {
      |             ^~~~~~~~~~~
../Core/Src/simple_vehicle_ops.c:381:13: warning: 'uss_init' defined but not used [-Wunused-function]
  381 | static void uss_init(void) {
      |             ^~~~~~~~
../Core/Src/simple_vehicle_ops.c:375:13: warning: 'buzzer_init' defined but not used [-Wunused-function]
  375 | static void buzzer_init(void) {
      |             ^~~~~~~~~~~
../Core/Src/simple_vehicle_ops.c:366:13: warning: 'front_leds_init' defined but not used [-Wunused-function]
  366 | static void front_leds_init(void) {
      |             ^~~~~~~~~~~~~~~
../Core/Src/simple_vehicle_ops.c:91:21: warning: 'send_log' defined but not used [-Wunused-function]
   91 | __STATIC __NORETURN send_log(const uint8* restrict pArg_u8StrFormat, ...) {
      |                     ^~~~~~~~
../Core/Src/simple_vehicle_ops.c:61:21: warning: '__vJumpToBootloader' defined but not used [-Wunused-function]
   61 | __STATIC __NORETURN __vJumpToBootloader(void) {
      |                     ^~~~~~~~~~~~~~~~~~~
arm-none-eabi-gcc -o "TargetApplication.elf" @"objects.list"   -mcpu=cortex-m3 -T"G:\WX_CAREER\Grad Project\src\vehicle_intf\testing\Application\TargetApplication\STM32F103C8TX_FLASH.ld" --specs=nosys.specs -Wl,-Map="TargetApplication.map" -Wl,--gc-sections -static --specs=nano.specs -mfloat-abi=soft -mthumb -Wl,--start-group -lc -lm -Wl,--end-group
h:\stmcubeide\stm32cubeide_1.10.1\stm32cubeide\plugins\com.st.stm32cube.ide.mcu.externaltools.gnu-tools-for-stm32.10.3-2021.10.win32_1.0.0.202111181127\tools\arm-none-eabi\bin\ld.exe: ./Core/Src/simple_vehicle_ops.o: in function `HAL_UART_RxCpltCallback':
G:/WX_CAREER/Grad Project/src/vehicle_intf/testing/Application/TargetApplication/Debug/../Core/Src/simple_vehicle_ops.c:81: undefined reference to `jump_to_bootloader'
collect2.exe: error: ld returned 1 exit status
make: *** [makefile:70: TargetApplication.elf] Error 1
"make -j12 all" terminated with exit code 2. Build might be incomplete.
21:39:37 **** Incremental Build of configuration Debug for project TargetApplication ****
make -j12 all 
arm-none-eabi-gcc "../Core/Src/simple_vehicle_ops.c" -mcpu=cortex-m3 -std=c99 -g3 -DDEBUG -DUSE_HAL_DRIVER -DSTM32F103xB -c -I../Core/Inc -I"G:/WX_CAREER/Grad Project/src/vehicle_intf/testing/SimpleVehicleOps/" -I"G:/WX_CAREER/Grad Project/src/vehicle_intf/testing/assets" -IC:/Users/Wx/STM32Cube/Repository/STM32Cube_FW_F1_V1.8.5/Drivers/STM32F1xx_HAL_Driver/Inc -IC:/Users/Wx/STM32Cube/Repository/STM32Cube_FW_F1_V1.8.5/Drivers/STM32F1xx_HAL_Driver/Inc/Legacy -IC:/Users/Wx/STM32Cube/Repository/STM32Cube_FW_F1_V1.8.5/Drivers/CMSIS/Device/ST/STM32F1xx/Include -IC:/Users/Wx/STM32Cube/Repository/STM32Cube_FW_F1_V1.8.5/Drivers/CMSIS/Include -O0 -ffunction-sections -fdata-sections -Wall -fstack-usage -MMD -MP -MF"Core/Src/simple_vehicle_ops.d" -MT"Core/Src/simple_vehicle_ops.o" --specs=nano.specs -mfloat-abi=soft -mthumb -o "Core/Src/simple_vehicle_ops.o"
../Core/Src/simple_vehicle_ops.c:386:13: warning: 'motors_init' defined but not used [-Wunused-function]
  386 | static void motors_init(void) {
      |             ^~~~~~~~~~~
../Core/Src/simple_vehicle_ops.c:381:13: warning: 'uss_init' defined but not used [-Wunused-function]
  381 | static void uss_init(void) {
      |             ^~~~~~~~
../Core/Src/simple_vehicle_ops.c:375:13: warning: 'buzzer_init' defined but not used [-Wunused-function]
  375 | static void buzzer_init(void) {
      |             ^~~~~~~~~~~
../Core/Src/simple_vehicle_ops.c:366:13: warning: 'front_leds_init' defined but not used [-Wunused-function]
  366 | static void front_leds_init(void) {
      |             ^~~~~~~~~~~~~~~
../Core/Src/simple_vehicle_ops.c:91:21: warning: 'send_log' defined but not used [-Wunused-function]
   91 | __STATIC __NORETURN send_log(const uint8* restrict pArg_u8StrFormat, ...) {
      |                     ^~~~~~~~
arm-none-eabi-gcc -o "TargetApplication.elf" @"objects.list"   -mcpu=cortex-m3 -T"G:\WX_CAREER\Grad Project\src\vehicle_intf\testing\Application\TargetApplication\STM32F103C8TX_FLASH.ld" --specs=nosys.specs -Wl,-Map="TargetApplication.map" -Wl,--gc-sections -static --specs=nano.specs -mfloat-abi=soft -mthumb -Wl,--start-group -lc -lm -Wl,--end-group
Finished building target: TargetApplication.elf
 
arm-none-eabi-size   TargetApplication.elf 
arm-none-eabi-objdump -h -S  TargetApplication.elf  > "TargetApplication.list"
arm-none-eabi-objcopy  -O ihex  TargetApplication.elf  "TargetApplication.hex"
arm-none-eabi-objcopy  -O binary  TargetApplication.elf  "TargetApplication.bin"
   text	   data	    bss	    dec	    hex	filename
  18412	     20	   1804	  20236	   4f0c	TargetApplication.elf
Finished building: default.size.stdout
 
Finished building: TargetApplication.hex
Finished building: TargetApplication.bin
 
 
Finished building: TargetApplication.list
 
