Archive member included to satisfy reference by file (symbol)

h:/stmcubeide/stm32cubeide_1.10.1/stm32cubeide/plugins/com.st.stm32cube.ide.mcu.externaltools.gnu-tools-for-stm32.10.3-2021.10.win32_1.0.0.202111181127/tools/bin/../lib/gcc/arm-none-eabi/10.3.1/../../../../arm-none-eabi/lib/thumb/v7-m/nofp\libc_nano.a(lib_a-errno.o)
                              ./Core/Src/syscalls.o (__errno)
h:/stmcubeide/stm32cubeide_1.10.1/stm32cubeide/plugins/com.st.stm32cube.ide.mcu.externaltools.gnu-tools-for-stm32.10.3-2021.10.win32_1.0.0.202111181127/tools/bin/../lib/gcc/arm-none-eabi/10.3.1/../../../../arm-none-eabi/lib/thumb/v7-m/nofp\libc_nano.a(lib_a-exit.o)
                              h:/stmcubeide/stm32cubeide_1.10.1/stm32cubeide/plugins/com.st.stm32cube.ide.mcu.externaltools.gnu-tools-for-stm32.10.3-2021.10.win32_1.0.0.202111181127/tools/bin/../lib/gcc/arm-none-eabi/10.3.1/../../../../arm-none-eabi/lib/thumb/v7-m/nofp/crt0.o (exit)
h:/stmcubeide/stm32cubeide_1.10.1/stm32cubeide/plugins/com.st.stm32cube.ide.mcu.externaltools.gnu-tools-for-stm32.10.3-2021.10.win32_1.0.0.202111181127/tools/bin/../lib/gcc/arm-none-eabi/10.3.1/../../../../arm-none-eabi/lib/thumb/v7-m/nofp\libc_nano.a(lib_a-impure.o)
                              h:/stmcubeide/stm32cubeide_1.10.1/stm32cubeide/plugins/com.st.stm32cube.ide.mcu.externaltools.gnu-tools-for-stm32.10.3-2021.10.win32_1.0.0.202111181127/tools/bin/../lib/gcc/arm-none-eabi/10.3.1/../../../../arm-none-eabi/lib/thumb/v7-m/nofp\libc_nano.a(lib_a-exit.o) (_global_impure_ptr)
h:/stmcubeide/stm32cubeide_1.10.1/stm32cubeide/plugins/com.st.stm32cube.ide.mcu.externaltools.gnu-tools-for-stm32.10.3-2021.10.win32_1.0.0.202111181127/tools/bin/../lib/gcc/arm-none-eabi/10.3.1/../../../../arm-none-eabi/lib/thumb/v7-m/nofp\libc_nano.a(lib_a-init.o)
                              h:/stmcubeide/stm32cubeide_1.10.1/stm32cubeide/plugins/com.st.stm32cube.ide.mcu.externaltools.gnu-tools-for-stm32.10.3-2021.10.win32_1.0.0.202111181127/tools/bin/../lib/gcc/arm-none-eabi/10.3.1/../../../../arm-none-eabi/lib/thumb/v7-m/nofp/crt0.o (__libc_init_array)
h:/stmcubeide/stm32cubeide_1.10.1/stm32cubeide/plugins/com.st.stm32cube.ide.mcu.externaltools.gnu-tools-for-stm32.10.3-2021.10.win32_1.0.0.202111181127/tools/bin/../lib/gcc/arm-none-eabi/10.3.1/../../../../arm-none-eabi/lib/thumb/v7-m/nofp\libc_nano.a(lib_a-memset.o)
                              h:/stmcubeide/stm32cubeide_1.10.1/stm32cubeide/plugins/com.st.stm32cube.ide.mcu.externaltools.gnu-tools-for-stm32.10.3-2021.10.win32_1.0.0.202111181127/tools/bin/../lib/gcc/arm-none-eabi/10.3.1/../../../../arm-none-eabi/lib/thumb/v7-m/nofp/crt0.o (memset)
h:/stmcubeide/stm32cubeide_1.10.1/stm32cubeide/plugins/com.st.stm32cube.ide.mcu.externaltools.gnu-tools-for-stm32.10.3-2021.10.win32_1.0.0.202111181127/tools/bin/../lib/gcc/arm-none-eabi/10.3.1/../../../../arm-none-eabi/lib/thumb/v7-m/nofp\libc_nano.a(lib_a-vsnprintf.o)
                              ./Core/Src/simple_vehicle_ops.o (vsnprintf)
h:/stmcubeide/stm32cubeide_1.10.1/stm32cubeide/plugins/com.st.stm32cube.ide.mcu.externaltools.gnu-tools-for-stm32.10.3-2021.10.win32_1.0.0.202111181127/tools/bin/../lib/gcc/arm-none-eabi/10.3.1/../../../../arm-none-eabi/lib/thumb/v7-m/nofp\libc_nano.a(lib_a-nano-svfprintf.o)
                              h:/stmcubeide/stm32cubeide_1.10.1/stm32cubeide/plugins/com.st.stm32cube.ide.mcu.externaltools.gnu-tools-for-stm32.10.3-2021.10.win32_1.0.0.202111181127/tools/bin/../lib/gcc/arm-none-eabi/10.3.1/../../../../arm-none-eabi/lib/thumb/v7-m/nofp\libc_nano.a(lib_a-vsnprintf.o) (_svfprintf_r)
h:/stmcubeide/stm32cubeide_1.10.1/stm32cubeide/plugins/com.st.stm32cube.ide.mcu.externaltools.gnu-tools-for-stm32.10.3-2021.10.win32_1.0.0.202111181127/tools/bin/../lib/gcc/arm-none-eabi/10.3.1/../../../../arm-none-eabi/lib/thumb/v7-m/nofp\libc_nano.a(lib_a-nano-vfprintf_i.o)
                              h:/stmcubeide/stm32cubeide_1.10.1/stm32cubeide/plugins/com.st.stm32cube.ide.mcu.externaltools.gnu-tools-for-stm32.10.3-2021.10.win32_1.0.0.202111181127/tools/bin/../lib/gcc/arm-none-eabi/10.3.1/../../../../arm-none-eabi/lib/thumb/v7-m/nofp\libc_nano.a(lib_a-nano-svfprintf.o) (_printf_i)
h:/stmcubeide/stm32cubeide_1.10.1/stm32cubeide/plugins/com.st.stm32cube.ide.mcu.externaltools.gnu-tools-for-stm32.10.3-2021.10.win32_1.0.0.202111181127/tools/bin/../lib/gcc/arm-none-eabi/10.3.1/../../../../arm-none-eabi/lib/thumb/v7-m/nofp\libc_nano.a(lib_a-memchr-stub.o)
                              h:/stmcubeide/stm32cubeide_1.10.1/stm32cubeide/plugins/com.st.stm32cube.ide.mcu.externaltools.gnu-tools-for-stm32.10.3-2021.10.win32_1.0.0.202111181127/tools/bin/../lib/gcc/arm-none-eabi/10.3.1/../../../../arm-none-eabi/lib/thumb/v7-m/nofp\libc_nano.a(lib_a-nano-svfprintf.o) (memchr)
[...]
Memory Configuration

Name             Origin             Length             Attributes
RAM              0x0000000020000000 0x0000000000005000 xrw
FLASH            0x0000000008000000 0x0000000000010000 xr
*default*        0x0000000000000000 0xffffffffffffffff

Linker script and memory map

LOAD h:/stmcubeide/stm32cubeide_1.10.1/stm32cubeide/plugins/com.st.stm32cube.ide.mcu.externaltools.gnu-tools-for-stm32.10.3-2021.10.win32_1.0.0.202111181127/tools/bin/../lib/gcc/arm-none-eabi/10.3.1/thumb/v7-m/nofp/crti.o
LOAD h:/stmcubeide/stm32cubeide_1.10.1/stm32cubeide/plugins/com.st.stm32cube.ide.mcu.externaltools.gnu-tools-for-stm32.10.3-2021.10.win32_1.0.0.202111181127/tools/bin/../lib/gcc/arm-none-eabi/10.3.1/thumb/v7-m/nofp/crtbegin.o
LOAD h:/stmcubeide/stm32cubeide_1.10.1/stm32cubeide/plugins/com.st.stm32cube.ide.mcu.externaltools.gnu-tools-for-stm32.10.3-2021.10.win32_1.0.0.202111181127/tools/bin/../lib/gcc/arm-none-eabi/10.3.1/../../../../arm-none-eabi/lib/thumb/v7-m/nofp/crt0.o
LOAD ./Core/Src/gpio.o
LOAD ./Core/Src/main.o
LOAD ./Core/Src/simple_vehicle_ops.o
LOAD ./Core/Src/stm32f1xx_hal_msp.o
LOAD ./Core/Src/stm32f1xx_it.o
LOAD ./Core/Src/syscalls.o
LOAD ./Core/Src/sysmem.o
LOAD ./Core/Src/system_stm32f1xx.o
LOAD ./Core/Src/tim.o
LOAD ./Core/Src/usart.o
LOAD ./Core/Startup/startup_stm32f103c8tx.o
LOAD ./Drivers/STM32F1xx_HAL_Driver/stm32f1xx_hal.o
LOAD ./Drivers/STM32F1xx_HAL_Driver/stm32f1xx_hal_cortex.o
LOAD ./Drivers/STM32F1xx_HAL_Driver/stm32f1xx_hal_dma.o
LOAD ./Drivers/STM32F1xx_HAL_Driver/stm32f1xx_hal_exti.o
LOAD ./Drivers/STM32F1xx_HAL_Driver/stm32f1xx_hal_flash.o
LOAD ./Drivers/STM32F1xx_HAL_Driver/stm32f1xx_hal_flash_ex.o
LOAD ./Drivers/STM32F1xx_HAL_Driver/stm32f1xx_hal_gpio.o
LOAD ./Drivers/STM32F1xx_HAL_Driver/stm32f1xx_hal_gpio_ex.o
LOAD ./Drivers/STM32F1xx_HAL_Driver/stm32f1xx_hal_pwr.o
LOAD ./Drivers/STM32F1xx_HAL_Driver/stm32f1xx_hal_rcc.o
LOAD ./Drivers/STM32F1xx_HAL_Driver/stm32f1xx_hal_rcc_ex.o
LOAD ./Drivers/STM32F1xx_HAL_Driver/stm32f1xx_hal_tim.o
LOAD ./Drivers/STM32F1xx_HAL_Driver/stm32f1xx_hal_tim_ex.o
LOAD ./Drivers/STM32F1xx_HAL_Driver/stm32f1xx_hal_uart.o
START GROUP
LOAD h:/stmcubeide/stm32cubeide_1.10.1/stm32cubeide/plugins/com.st.stm32cube.ide.mcu.externaltools.gnu-tools-for-stm32.10.3-2021.10.win32_1.0.0.202111181127/tools/bin/../lib/gcc/arm-none-eabi/10.3.1/../../../../arm-none-eabi/lib/thumb/v7-m/nofp\libc_nano.a
LOAD h:/stmcubeide/stm32cubeide_1.10.1/stm32cubeide/plugins/com.st.stm32cube.ide.mcu.externaltools.gnu-tools-for-stm32.10.3-2021.10.win32_1.0.0.202111181127/tools/bin/../lib/gcc/arm-none-eabi/10.3.1/../../../../arm-none-eabi/lib/thumb/v7-m/nofp\libm.a
END GROUP
START GROUP
LOAD h:/stmcubeide/stm32cubeide_1.10.1/stm32cubeide/plugins/com.st.stm32cube.ide.mcu.externaltools.gnu-tools-for-stm32.10.3-2021.10.win32_1.0.0.202111181127/tools/bin/../lib/gcc/arm-none-eabi/10.3.1/thumb/v7-m/nofp\libgcc.a
LOAD h:/stmcubeide/stm32cubeide_1.10.1/stm32cubeide/plugins/com.st.stm32cube.ide.mcu.externaltools.gnu-tools-for-stm32.10.3-2021.10.win32_1.0.0.202111181127/tools/bin/../lib/gcc/arm-none-eabi/10.3.1/../../../../arm-none-eabi/lib/thumb/v7-m/nofp\libc_nano.a
END GROUP
START GROUP
LOAD h:/stmcubeide/stm32cubeide_1.10.1/stm32cubeide/plugins/com.st.stm32cube.ide.mcu.externaltools.gnu-tools-for-stm32.10.3-2021.10.win32_1.0.0.202111181127/tools/bin/../lib/gcc/arm-none-eabi/10.3.1/thumb/v7-m/nofp\libgcc.a
LOAD h:/stmcubeide/stm32cubeide_1.10.1/stm32cubeide/plugins/com.st.stm32cube.ide.mcu.externaltools.gnu-tools-for-stm32.10.3-2021.10.win32_1.0.0.202111181127/tools/bin/../lib/gcc/arm-none-eabi/10.3.1/../../../../arm-none-eabi/lib/thumb/v7-m/nofp\libc_nano.a
LOAD h:/stmcubeide/stm32cubeide_1.10.1/stm32cubeide/plugins/com.st.stm32cube.ide.mcu.externaltools.gnu-tools-for-stm32.10.3-2021.10.win32_1.0.0.202111181127/tools/bin/../lib/gcc/arm-none-eabi/10.3.1/../../../../arm-none-eabi/lib/thumb/v7-m/nofp\libnosys.a
END GROUP
START GROUP
LOAD h:/stmcubeide/stm32cubeide_1.10.1/stm32cubeide/plugins/com.st.stm32cube.ide.mcu.externaltools.gnu-tools-for-stm32.10.3-2021.10.win32_1.0.0.202111181127/tools/bin/../lib/gcc/arm-none-eabi/10.3.1/thumb/v7-m/nofp\libgcc.a
LOAD h:/stmcubeide/stm32cubeide_1.10.1/stm32cubeide/plugins/com.st.stm32cube.ide.mcu.externaltools.gnu-tools-for-stm32.10.3-2021.10.win32_1.0.0.202111181127/tools/bin/../lib/gcc/arm-none-eabi/10.3.1/../../../../arm-none-eabi/lib/thumb/v7-m/nofp\libc_nano.a
LOAD h:/stmcubeide/stm32cubeide_1.10.1/stm32cubeide/plugins/com.st.stm32cube.ide.mcu.externaltools.gnu-tools-for-stm32.10.3-2021.10.win32_1.0.0.202111181127/tools/bin/../lib/gcc/arm-none-eabi/10.3.1/../../../../arm-none-eabi/lib/thumb/v7-m/nofp\libnosys.a
END GROUP
LOAD h:/stmcubeide/stm32cubeide_1.10.1/stm32cubeide/plugins/com.st.stm32cube.ide.mcu.externaltools.gnu-tools-for-stm32.10.3-2021.10.win32_1.0.0.202111181127/tools/bin/../lib/gcc/arm-none-eabi/10.3.1/thumb/v7-m/nofp/crtend.o
LOAD h:/stmcubeide/stm32cubeide_1.10.1/stm32cubeide/plugins/com.st.stm32cube.ide.mcu.externaltools.gnu-tools-for-stm32.10.3-2021.10.win32_1.0.0.202111181127/tools/bin/../lib/gcc/arm-none-eabi/10.3.1/thumb/v7-m/nofp/crtn.o
                0x0000000020005000                _estack = (ORIGIN (RAM) + LENGTH (RAM))
                0x0000000000000200                _Min_Heap_Size = 0x200
                0x0000000000000400                _Min_Stack_Size = 0x400

.isr_vector     0x0000000008000000      0x10c
                0x0000000008000000                . = ALIGN (0x4)
 *(.isr_vector)
 .isr_vector    0x0000000008000000      0x10c ./Core/Startup/startup_stm32f103c8tx.o
                0x0000000008000000                g_pfnVectors
                0x000000000800010c                . = ALIGN (0x4)

.text           0x0000000008000110     0x46b4
                0x0000000008000110                . = ALIGN (0x4)
 *(.text)
 .text          0x0000000008000110       0x40 h:/stmcubeide/stm32cubeide_1.10.1/stm32cubeide/plugins/com.st.stm32cube.ide.mcu.externaltools.gnu-tools-for-stm32.10.3-2021.10.win32_1.0.0.202111181127/tools/bin/../lib/gcc/arm-none-eabi/10.3.1/thumb/v7-m/nofp/crtbegin.o
 .text          0x0000000008000150      0x254 h:/stmcubeide/stm32cubeide_1.10.1/stm32cubeide/plugins/com.st.stm32cube.ide.mcu.externaltools.gnu-tools-for-stm32.10.3-2021.10.win32_1.0.0.202111181127/tools/bin/../lib/gcc/arm-none-eabi/10.3.1/thumb/v7-m/nofp\libgcc.a(_arm_muldf3.o)
                0x0000000008000150                __muldf3
                0x0000000008000150                __aeabi_dmul
 .text          0x00000000080003a4      0x168 h:/stmcubeide/stm32cubeide_1.10.1/stm32cubeide/plugins/com.st.stm32cube.ide.mcu.externaltools.gnu-tools-for-stm32.10.3-2021.10.win32_1.0.0.202111181127/tools/bin/../lib/gcc/arm-none-eabi/10.3.1/thumb/v7-m/nofp\libgcc.a(_arm_mulsf3.o)
                0x00000000080003a4                __aeabi_fmul
                0x00000000080003a4                __mulsf3
 .text          0x000000000800050c      0x378 h:/stmcubeide/stm32cubeide_1.10.1/stm32cubeide/plugins/com.st.stm32cube.ide.mcu.externaltools.gnu-tools-for-stm32.10.3-2021.10.win32_1.0.0.202111181127/tools/bin/../lib/gcc/arm-none-eabi/10.3.1/thumb/v7-m/nofp\libgcc.a(_arm_addsubdf3.o)
                0x000000000800050c                __aeabi_drsub
                0x0000000008000514                __aeabi_dsub
                0x0000000008000514                __subdf3
                0x0000000008000518                __aeabi_dadd
                0x0000000008000518                __adddf3
                0x0000000008000790                __floatunsidf
                0x0000000008000790                __aeabi_ui2d
                0x00000000080007b0                __floatsidf
                0x00000000080007b0                __aeabi_i2d
                0x00000000080007d4                __aeabi_f2d
                0x00000000080007d4                __extendsfdf2
                0x0000000008000818                __floatundidf
                0x0000000008000818                __aeabi_ul2d
                0x0000000008000828                __floatdidf
                0x0000000008000828                __aeabi_l2d
 .text          0x0000000008000884       0x40 h:/stmcubeide/stm32cubeide_1.10.1/stm32cubeide/plugins/com.st.stm32cube.ide.mcu.externaltools.gnu-tools-for-stm32.10.3-2021.10.win32_1.0.0.202111181127/tools/bin/../lib/gcc/arm-none-eabi/10.3.1/thumb/v7-m/nofp\libgcc.a(_arm_fixunsdfsi.o)
                0x0000000008000884                __aeabi_d2uiz
                0x0000000008000884                __fixunsdfsi
 .text          0x00000000080008c4      0x21c h:/stmcubeide/stm32cubeide_1.10.1/stm32cubeide/plugins/com.st.stm32cube.ide.mcu.externaltools.gnu-tools-for-stm32.10.3-2021.10.win32_1.0.0.202111181127/tools/bin/../lib/gcc/arm-none-eabi/10.3.1/thumb/v7-m/nofp\libgcc.a(_arm_addsubsf3.o)
                0x00000000080008c4                __aeabi_frsub
                0x00000000080008cc                __subsf3
                0x00000000080008cc                __aeabi_fsub
                0x00000000080008d0                __aeabi_fadd
                0x00000000080008d0                __addsf3
                0x0000000008000a30                __aeabi_ui2f
                0x0000000008000a30                __floatunsisf
                0x0000000008000a38                __aeabi_i2f
                0x0000000008000a38                __floatsisf
                0x0000000008000a54                __aeabi_ul2f
                0x0000000008000a54                __floatundisf
                0x0000000008000a64                __aeabi_l2f
                0x0000000008000a64                __floatdisf
 .text          0x0000000008000ae0       0x40 h:/stmcubeide/stm32cubeide_1.10.1/stm32cubeide/plugins/com.st.stm32cube.ide.mcu.externaltools.gnu-tools-for-stm32.10.3-2021.10.win32_1.0.0.202111181127/tools/bin/../lib/gcc/arm-none-eabi/10.3.1/thumb/v7-m/nofp\libgcc.a(_arm_fixunssfsi.o)
                0x0000000008000ae0                __fixunssfsi
                0x0000000008000ae0                __aeabi_f2uiz
 *(.text*)
 .text.MX_GPIO_Init
                0x0000000008000b20      0x114 ./Core/Src/gpio.o
                0x0000000008000b20                MX_GPIO_Init
 .text.main     0x0000000008000c34       0x54 ./Core/Src/main.o
                0x0000000008000c34                main
 .text.SystemClock_Config
                0x0000000008000c88       0x8e ./Core/Src/main.o
                0x0000000008000c88                SystemClock_Config
 .text.Error_Handler
                0x0000000008000d16        0xa ./Core/Src/main.o
                0x0000000008000d16                Error_Handler
 .text.__vJumpToBootloader
                0x0000000008000d20       0x38 ./Core/Src/simple_vehicle_ops.o
 .text.HAL_UART_RxCpltCallback
                0x0000000008000d58       0x38 ./Core/Src/simple_vehicle_ops.o
                0x0000000008000d58                HAL_UART_RxCpltCallback
 .text.ControlMotorFR
                0x0000000008000d90       0x20 ./Core/Src/simple_vehicle_ops.o
                0x0000000008000d90                ControlMotorFR
 .text.ControlMotorFL
                0x0000000008000db0       0x20 ./Core/Src/simple_vehicle_ops.o
                0x0000000008000db0                ControlMotorFL
 .text.ControlMotorBR
                0x0000000008000dd0       0x20 ./Core/Src/simple_vehicle_ops.o
                0x0000000008000dd0                ControlMotorBR
 .text.ControlMotorBL
                0x0000000008000df0       0x20 ./Core/Src/simple_vehicle_ops.o
                0x0000000008000df0                ControlMotorBL
 .text.StopAllMotors
                0x0000000008000e10       0x30 ./Core/Src/simple_vehicle_ops.o
                0x0000000008000e10                StopAllMotors
 .text.ControlMotorSpeed
                0x0000000008000e40       0xc0 ./Core/Src/simple_vehicle_ops.o
                0x0000000008000e40                ControlMotorSpeed
 .text.BuzzerUUUUUH
                0x0000000008000f00       0x18 ./Core/Src/simple_vehicle_ops.o
                0x0000000008000f00                BuzzerUUUUUH
 .text.BuzzerNO
                0x0000000008000f18       0x18 ./Core/Src/simple_vehicle_ops.o
                0x0000000008000f18                BuzzerNO
 .text.uss_trigger
                0x0000000008000f30       0x50 ./Core/Src/simple_vehicle_ops.o
 .text.HAL_TIM_IC_CaptureCallback
                0x0000000008000f80      0x128 ./Core/Src/simple_vehicle_ops.o
                0x0000000008000f80                HAL_TIM_IC_CaptureCallback
 .text.GetUltraSonicDistance
                0x00000000080010a8       0x14 ./Core/Src/simple_vehicle_ops.o
                0x00000000080010a8                GetUltraSonicDistance
 .text.CheckIfDistanceInValidRange
                0x00000000080010bc       0x34 ./Core/Src/simple_vehicle_ops.o
                0x00000000080010bc                CheckIfDistanceInValidRange
 .text.vehicle_init
                0x00000000080010f0       0x1c ./Core/Src/simple_vehicle_ops.o
                0x00000000080010f0                vehicle_init
 .text.HAL_MspInit
                0x000000000800110c       0x44 ./Core/Src/stm32f1xx_hal_msp.o
                0x000000000800110c                HAL_MspInit
 .text.NMI_Handler
                0x0000000008001150        0xa ./Core/Src/stm32f1xx_it.o
                0x0000000008001150                NMI_Handler
 .text.HardFault_Handler
                0x000000000800115a        0x6 ./Core/Src/stm32f1xx_it.o
                0x000000000800115a                HardFault_Handler
 .text.MemManage_Handler
                0x0000000008001160        0x6 ./Core/Src/stm32f1xx_it.o
                0x0000000008001160                MemManage_Handler
 .text.BusFault_Handler
                0x0000000008001166        0x6 ./Core/Src/stm32f1xx_it.o
                0x0000000008001166                BusFault_Handler
 .text.UsageFault_Handler
                0x000000000800116c        0x6 ./Core/Src/stm32f1xx_it.o
                0x000000000800116c                UsageFault_Handler
 .text.SVC_Handler
                0x0000000008001172        0xc ./Core/Src/stm32f1xx_it.o
                0x0000000008001172                SVC_Handler
 .text.DebugMon_Handler
                0x000000000800117e        0xc ./Core/Src/stm32f1xx_it.o
                0x000000000800117e                DebugMon_Handler
 .text.PendSV_Handler
                0x000000000800118a        0xc ./Core/Src/stm32f1xx_it.o
                0x000000000800118a                PendSV_Handler
 .text.SysTick_Handler
                0x0000000008001196        0xc ./Core/Src/stm32f1xx_it.o
                0x0000000008001196                SysTick_Handler
 *fill*         0x00000000080011a2        0x2 
 .text.TIM2_IRQHandler
                0x00000000080011a4       0x14 ./Core/Src/stm32f1xx_it.o
                0x00000000080011a4                TIM2_IRQHandler
 .text.USART1_IRQHandler
                0x00000000080011b8       0x14 ./Core/Src/stm32f1xx_it.o
                0x00000000080011b8                USART1_IRQHandler
 .text.SystemInit
                0x00000000080011cc        0xc ./Core/Src/system_stm32f1xx.o
                0x00000000080011cc                SystemInit
 .text.MX_TIM2_Init
                0x00000000080011d8       0xa4 ./Core/Src/tim.o
                0x00000000080011d8                MX_TIM2_Init
 .text.MX_TIM3_Init
                0x000000000800127c      0x104 ./Core/Src/tim.o
                0x000000000800127c                MX_TIM3_Init
 .text.HAL_TIM_IC_MspInit
                0x0000000008001380       0x88 ./Core/Src/tim.o
                0x0000000008001380                HAL_TIM_IC_MspInit
 .text.HAL_TIM_Base_MspInit
                0x0000000008001408       0x3c ./Core/Src/tim.o
                0x0000000008001408                HAL_TIM_Base_MspInit
 .text.HAL_TIM_MspPostInit
                0x0000000008001444       0x98 ./Core/Src/tim.o
                0x0000000008001444                HAL_TIM_MspPostInit
 .text.MX_USART1_UART_Init
                0x00000000080014dc       0x54 ./Core/Src/usart.o
                0x00000000080014dc                MX_USART1_UART_Init
 .text.HAL_UART_MspInit
                0x0000000008001530       0xa8 ./Core/Src/usart.o
                0x0000000008001530                HAL_UART_MspInit
 .text.Reset_Handler
                0x00000000080015d8       0x48 ./Core/Startup/startup_stm32f103c8tx.o
                0x00000000080015d8                Reset_Handler
 .text.Default_Handler
                0x0000000008001620        0x2 ./Core/Startup/startup_stm32f103c8tx.o
                0x0000000008001620                RTC_Alarm_IRQHandler
                0x0000000008001620                EXTI2_IRQHandler
                0x0000000008001620                TIM1_CC_IRQHandler
                0x0000000008001620                PVD_IRQHandler
                0x0000000008001620                EXTI3_IRQHandler
                0x0000000008001620                EXTI0_IRQHandler
                0x0000000008001620                I2C2_EV_IRQHandler
                0x0000000008001620                ADC1_2_IRQHandler
                0x0000000008001620                SPI1_IRQHandler
                0x0000000008001620                TAMPER_IRQHandler
                0x0000000008001620                DMA1_Channel4_IRQHandler
                0x0000000008001620                USART3_IRQHandler
                0x0000000008001620                RTC_IRQHandler
                0x0000000008001620                DMA1_Channel7_IRQHandler
                0x0000000008001620                CAN1_RX1_IRQHandler
                0x0000000008001620                TIM4_IRQHandler
                0x0000000008001620                I2C1_EV_IRQHandler
                0x0000000008001620                DMA1_Channel6_IRQHandler
                0x0000000008001620                TIM3_IRQHandler
                0x0000000008001620                RCC_IRQHandler
                0x0000000008001620                TIM1_TRG_COM_IRQHandler
                0x0000000008001620                DMA1_Channel1_IRQHandler
                0x0000000008001620                Default_Handler
                0x0000000008001620                EXTI15_10_IRQHandler
                0x0000000008001620                EXTI9_5_IRQHandler
                0x0000000008001620                SPI2_IRQHandler
                0x0000000008001620                DMA1_Channel5_IRQHandler
                0x0000000008001620                EXTI4_IRQHandler
                0x0000000008001620                USB_LP_CAN1_RX0_IRQHandler
                0x0000000008001620                USB_HP_CAN1_TX_IRQHandler
                0x0000000008001620                DMA1_Channel3_IRQHandler
                0x0000000008001620                TIM1_UP_IRQHandler
                0x0000000008001620                WWDG_IRQHandler
                0x0000000008001620                TIM1_BRK_IRQHandler
                0x0000000008001620                EXTI1_IRQHandler
                0x0000000008001620                USART2_IRQHandler
                0x0000000008001620                I2C2_ER_IRQHandler
                0x0000000008001620                DMA1_Channel2_IRQHandler
                0x0000000008001620                CAN1_SCE_IRQHandler
                0x0000000008001620                FLASH_IRQHandler
                0x0000000008001620                I2C1_ER_IRQHandler
                0x0000000008001620                USBWakeUp_IRQHandler
 *fill*         0x0000000008001622        0x2 
 .text.HAL_Init
                0x0000000008001624       0x2c ./Drivers/STM32F1xx_HAL_Driver/stm32f1xx_hal.o
                0x0000000008001624                HAL_Init
 .text.HAL_InitTick
                0x0000000008001650       0x60 ./Drivers/STM32F1xx_HAL_Driver/stm32f1xx_hal.o
                0x0000000008001650                HAL_InitTick
 .text.HAL_IncTick
                0x00000000080016b0       0x24 ./Drivers/STM32F1xx_HAL_Driver/stm32f1xx_hal.o
                0x00000000080016b0                HAL_IncTick
 .text.HAL_GetTick
                0x00000000080016d4       0x14 ./Drivers/STM32F1xx_HAL_Driver/stm32f1xx_hal.o
                0x00000000080016d4                HAL_GetTick
 .text.HAL_Delay
                0x00000000080016e8       0x48 ./Drivers/STM32F1xx_HAL_Driver/stm32f1xx_hal.o
                0x00000000080016e8                HAL_Delay
 .text.__NVIC_SetPriorityGrouping
                0x0000000008001730       0x48 ./Drivers/STM32F1xx_HAL_Driver/stm32f1xx_hal_cortex.o
 .text.__NVIC_GetPriorityGrouping
                0x0000000008001778       0x1c ./Drivers/STM32F1xx_HAL_Driver/stm32f1xx_hal_cortex.o
 .text.__NVIC_EnableIRQ
                0x0000000008001794       0x38 ./Drivers/STM32F1xx_HAL_Driver/stm32f1xx_hal_cortex.o
 .text.__NVIC_SetPriority
                0x00000000080017cc       0x54 ./Drivers/STM32F1xx_HAL_Driver/stm32f1xx_hal_cortex.o
 .text.NVIC_EncodePriority
                0x0000000008001820       0x64 ./Drivers/STM32F1xx_HAL_Driver/stm32f1xx_hal_cortex.o
 .text.SysTick_Config
                0x0000000008001884       0x44 ./Drivers/STM32F1xx_HAL_Driver/stm32f1xx_hal_cortex.o
 .text.HAL_NVIC_SetPriorityGrouping
                0x00000000080018c8       0x16 ./Drivers/STM32F1xx_HAL_Driver/stm32f1xx_hal_cortex.o
                0x00000000080018c8                HAL_NVIC_SetPriorityGrouping
 .text.HAL_NVIC_SetPriority
                0x00000000080018de       0x38 ./Drivers/STM32F1xx_HAL_Driver/stm32f1xx_hal_cortex.o
                0x00000000080018de                HAL_NVIC_SetPriority
 .text.HAL_NVIC_EnableIRQ
                0x0000000008001916       0x1c ./Drivers/STM32F1xx_HAL_Driver/stm32f1xx_hal_cortex.o
                0x0000000008001916                HAL_NVIC_EnableIRQ
 .text.HAL_SYSTICK_Config
                0x0000000008001932       0x18 ./Drivers/STM32F1xx_HAL_Driver/stm32f1xx_hal_cortex.o
                0x0000000008001932                HAL_SYSTICK_Config
 .text.HAL_DMA_Abort
                0x000000000800194a       0x76 ./Drivers/STM32F1xx_HAL_Driver/stm32f1xx_hal_dma.o
                0x000000000800194a                HAL_DMA_Abort
 .text.HAL_DMA_Abort_IT
                0x00000000080019c0       0xf0 ./Drivers/STM32F1xx_HAL_Driver/stm32f1xx_hal_dma.o
                0x00000000080019c0                HAL_DMA_Abort_IT
 .text.HAL_GPIO_Init
                0x0000000008001ab0      0x308 ./Drivers/STM32F1xx_HAL_Driver/stm32f1xx_hal_gpio.o
                0x0000000008001ab0                HAL_GPIO_Init
 .text.HAL_GPIO_WritePin
                0x0000000008001db8       0x30 ./Drivers/STM32F1xx_HAL_Driver/stm32f1xx_hal_gpio.o
                0x0000000008001db8                HAL_GPIO_WritePin
 .text.HAL_RCC_DeInit
                0x0000000008001de8      0x134 ./Drivers/STM32F1xx_HAL_Driver/stm32f1xx_hal_rcc.o
                0x0000000008001de8                HAL_RCC_DeInit
 .text.HAL_RCC_OscConfig
                0x0000000008001f1c      0x504 ./Drivers/STM32F1xx_HAL_Driver/stm32f1xx_hal_rcc.o
                0x0000000008001f1c                HAL_RCC_OscConfig
 .text.HAL_RCC_ClockConfig
                0x0000000008002420      0x1d4 ./Drivers/STM32F1xx_HAL_Driver/stm32f1xx_hal_rcc.o
                0x0000000008002420                HAL_RCC_ClockConfig
 .text.HAL_RCC_EnableCSS
                0x00000000080025f4       0x18 ./Drivers/STM32F1xx_HAL_Driver/stm32f1xx_hal_rcc.o
                0x00000000080025f4                HAL_RCC_EnableCSS
 .text.HAL_RCC_GetSysClockFreq
                0x000000000800260c       0xa8 ./Drivers/STM32F1xx_HAL_Driver/stm32f1xx_hal_rcc.o
                0x000000000800260c                HAL_RCC_GetSysClockFreq
 .text.HAL_RCC_GetHCLKFreq
                0x00000000080026b4       0x14 ./Drivers/STM32F1xx_HAL_Driver/stm32f1xx_hal_rcc.o
                0x00000000080026b4                HAL_RCC_GetHCLKFreq
 .text.HAL_RCC_GetPCLK1Freq
                0x00000000080026c8       0x28 ./Drivers/STM32F1xx_HAL_Driver/stm32f1xx_hal_rcc.o
                0x00000000080026c8                HAL_RCC_GetPCLK1Freq
 .text.HAL_RCC_GetPCLK2Freq
                0x00000000080026f0       0x28 ./Drivers/STM32F1xx_HAL_Driver/stm32f1xx_hal_rcc.o
                0x00000000080026f0                HAL_RCC_GetPCLK2Freq
 .text.HAL_RCC_NMI_IRQHandler
                0x0000000008002718       0x28 ./Drivers/STM32F1xx_HAL_Driver/stm32f1xx_hal_rcc.o
                0x0000000008002718                HAL_RCC_NMI_IRQHandler
 .text.RCC_Delay
                0x0000000008002740       0x3c ./Drivers/STM32F1xx_HAL_Driver/stm32f1xx_hal_rcc.o
 .text.HAL_RCC_CSSCallback
                0x000000000800277c        0xc ./Drivers/STM32F1xx_HAL_Driver/stm32f1xx_hal_rcc.o
                0x000000000800277c                HAL_RCC_CSSCallback
 .text.HAL_TIM_Base_Init
                0x0000000008002788       0x9e ./Drivers/STM32F1xx_HAL_Driver/stm32f1xx_hal_tim.o
                0x0000000008002788                HAL_TIM_Base_Init
 .text.HAL_TIM_PWM_Init
                0x0000000008002826       0x9e ./Drivers/STM32F1xx_HAL_Driver/stm32f1xx_hal_tim.o
                0x0000000008002826                HAL_TIM_PWM_Init
 .text.HAL_TIM_PWM_MspInit
                0x00000000080028c4       0x12 ./Drivers/STM32F1xx_HAL_Driver/stm32f1xx_hal_tim.o
                0x00000000080028c4                HAL_TIM_PWM_MspInit
 *fill*         0x00000000080028d6        0x2 
 .text.HAL_TIM_PWM_Start
                0x00000000080028d8      0x144 ./Drivers/STM32F1xx_HAL_Driver/stm32f1xx_hal_tim.o
                0x00000000080028d8                HAL_TIM_PWM_Start
 .text.HAL_TIM_IC_Init
                0x0000000008002a1c       0x9e ./Drivers/STM32F1xx_HAL_Driver/stm32f1xx_hal_tim.o
                0x0000000008002a1c                HAL_TIM_IC_Init
 *fill*         0x0000000008002aba        0x2 
 .text.HAL_TIM_IC_Start_IT
                0x0000000008002abc      0x218 ./Drivers/STM32F1xx_HAL_Driver/stm32f1xx_hal_tim.o
                0x0000000008002abc                HAL_TIM_IC_Start_IT
 .text.HAL_TIM_IRQHandler
                0x0000000008002cd4      0x210 ./Drivers/STM32F1xx_HAL_Driver/stm32f1xx_hal_tim.o
                0x0000000008002cd4                HAL_TIM_IRQHandler
 .text.HAL_TIM_IC_ConfigChannel
                0x0000000008002ee4      0x138 ./Drivers/STM32F1xx_HAL_Driver/stm32f1xx_hal_tim.o
                0x0000000008002ee4                HAL_TIM_IC_ConfigChannel
 .text.HAL_TIM_PWM_ConfigChannel
                0x000000000800301c      0x184 ./Drivers/STM32F1xx_HAL_Driver/stm32f1xx_hal_tim.o
                0x000000000800301c                HAL_TIM_PWM_ConfigChannel
 .text.HAL_TIM_ConfigClockSource
                0x00000000080031a0      0x18e ./Drivers/STM32F1xx_HAL_Driver/stm32f1xx_hal_tim.o
                0x00000000080031a0                HAL_TIM_ConfigClockSource
 *fill*         0x000000000800332e        0x2 
 .text.HAL_TIM_ReadCapturedValue
                0x0000000008003330       0x88 ./Drivers/STM32F1xx_HAL_Driver/stm32f1xx_hal_tim.o
                0x0000000008003330                HAL_TIM_ReadCapturedValue
 .text.HAL_TIM_PeriodElapsedCallback
                0x00000000080033b8       0x12 ./Drivers/STM32F1xx_HAL_Driver/stm32f1xx_hal_tim.o
                0x00000000080033b8                HAL_TIM_PeriodElapsedCallback
 .text.HAL_TIM_OC_DelayElapsedCallback
                0x00000000080033ca       0x12 ./Drivers/STM32F1xx_HAL_Driver/stm32f1xx_hal_tim.o
                0x00000000080033ca                HAL_TIM_OC_DelayElapsedCallback
 .text.HAL_TIM_PWM_PulseFinishedCallback
                0x00000000080033dc       0x12 ./Drivers/STM32F1xx_HAL_Driver/stm32f1xx_hal_tim.o
                0x00000000080033dc                HAL_TIM_PWM_PulseFinishedCallback
 .text.HAL_TIM_TriggerCallback
                0x00000000080033ee       0x12 ./Drivers/STM32F1xx_HAL_Driver/stm32f1xx_hal_tim.o
                0x00000000080033ee                HAL_TIM_TriggerCallback
 .text.TIM_Base_SetConfig
                0x0000000008003400       0xc4 ./Drivers/STM32F1xx_HAL_Driver/stm32f1xx_hal_tim.o
                0x0000000008003400                TIM_Base_SetConfig
 .text.TIM_OC1_SetConfig
                0x00000000080034c4       0xcc ./Drivers/STM32F1xx_HAL_Driver/stm32f1xx_hal_tim.o
 .text.TIM_OC2_SetConfig
                0x0000000008003590       0xd4 ./Drivers/STM32F1xx_HAL_Driver/stm32f1xx_hal_tim.o
                0x0000000008003590                TIM_OC2_SetConfig
 .text.TIM_OC3_SetConfig
                0x0000000008003664       0xd4 ./Drivers/STM32F1xx_HAL_Driver/stm32f1xx_hal_tim.o
 .text.TIM_OC4_SetConfig
                0x0000000008003738       0x9c ./Drivers/STM32F1xx_HAL_Driver/stm32f1xx_hal_tim.o
 .text.TIM_TI1_SetConfig
                0x00000000080037d4       0xb4 ./Drivers/STM32F1xx_HAL_Driver/stm32f1xx_hal_tim.o
                0x00000000080037d4                TIM_TI1_SetConfig
 .text.TIM_TI1_ConfigInputStage
                0x0000000008003888       0x5c ./Drivers/STM32F1xx_HAL_Driver/stm32f1xx_hal_tim.o
 .text.TIM_TI2_SetConfig
                0x00000000080038e4       0x78 ./Drivers/STM32F1xx_HAL_Driver/stm32f1xx_hal_tim.o
 .text.TIM_TI2_ConfigInputStage
                0x000000000800395c       0x5e ./Drivers/STM32F1xx_HAL_Driver/stm32f1xx_hal_tim.o
 .text.TIM_TI3_SetConfig
                0x00000000080039ba       0x76 ./Drivers/STM32F1xx_HAL_Driver/stm32f1xx_hal_tim.o
 .text.TIM_TI4_SetConfig
                0x0000000008003a30       0x78 ./Drivers/STM32F1xx_HAL_Driver/stm32f1xx_hal_tim.o
 .text.TIM_ITRx_SetConfig
                0x0000000008003aa8       0x34 ./Drivers/STM32F1xx_HAL_Driver/stm32f1xx_hal_tim.o
 .text.TIM_ETR_SetConfig
                0x0000000008003adc       0x3e ./Drivers/STM32F1xx_HAL_Driver/stm32f1xx_hal_tim.o
                0x0000000008003adc                TIM_ETR_SetConfig
 .text.TIM_CCxChannelCmd
                0x0000000008003b1a       0x48 ./Drivers/STM32F1xx_HAL_Driver/stm32f1xx_hal_tim.o
                0x0000000008003b1a                TIM_CCxChannelCmd
 *fill*         0x0000000008003b62        0x2 
 .text.HAL_TIMEx_MasterConfigSynchronization
                0x0000000008003b64       0xbc ./Drivers/STM32F1xx_HAL_Driver/stm32f1xx_hal_tim_ex.o
                0x0000000008003b64                HAL_TIMEx_MasterConfigSynchronization
 .text.HAL_TIMEx_CommutCallback
                0x0000000008003c20       0x12 ./Drivers/STM32F1xx_HAL_Driver/stm32f1xx_hal_tim_ex.o
                0x0000000008003c20                HAL_TIMEx_CommutCallback
 .text.HAL_TIMEx_BreakCallback
                0x0000000008003c32       0x12 ./Drivers/STM32F1xx_HAL_Driver/stm32f1xx_hal_tim_ex.o
                0x0000000008003c32                HAL_TIMEx_BreakCallback
 .text.HAL_UART_Init
                0x0000000008003c44       0xa0 ./Drivers/STM32F1xx_HAL_Driver/stm32f1xx_hal_uart.o
                0x0000000008003c44                HAL_UART_Init
 .text.HAL_UART_Receive_IT
                0x0000000008003ce4       0x4a ./Drivers/STM32F1xx_HAL_Driver/stm32f1xx_hal_uart.o
                0x0000000008003ce4                HAL_UART_Receive_IT
 *fill*         0x0000000008003d2e        0x2 
 .text.HAL_UART_IRQHandler
                0x0000000008003d30      0x524 ./Drivers/STM32F1xx_HAL_Driver/stm32f1xx_hal_uart.o
                0x0000000008003d30                HAL_UART_IRQHandler
 .text.HAL_UART_TxCpltCallback
                0x0000000008004254       0x12 ./Drivers/STM32F1xx_HAL_Driver/stm32f1xx_hal_uart.o
                0x0000000008004254                HAL_UART_TxCpltCallback
 .text.HAL_UART_ErrorCallback
                0x0000000008004266       0x12 ./Drivers/STM32F1xx_HAL_Driver/stm32f1xx_hal_uart.o
                0x0000000008004266                HAL_UART_ErrorCallback
 .text.HAL_UARTEx_RxEventCallback
                0x0000000008004278       0x16 ./Drivers/STM32F1xx_HAL_Driver/stm32f1xx_hal_uart.o
                0x0000000008004278                HAL_UARTEx_RxEventCallback
 .text.UART_Start_Receive_IT
                0x000000000800428e       0x72 ./Drivers/STM32F1xx_HAL_Driver/stm32f1xx_hal_uart.o
                0x000000000800428e                UART_Start_Receive_IT
 .text.UART_EndRxTransfer
                0x0000000008004300       0xc4 ./Drivers/STM32F1xx_HAL_Driver/stm32f1xx_hal_uart.o
 .text.UART_DMAAbortOnError
                0x00000000080043c4       0x28 ./Drivers/STM32F1xx_HAL_Driver/stm32f1xx_hal_uart.o
 .text.UART_Transmit_IT
                0x00000000080043ec       0x9e ./Drivers/STM32F1xx_HAL_Driver/stm32f1xx_hal_uart.o
 .text.UART_EndTransmit_IT
                0x000000000800448a       0x30 ./Drivers/STM32F1xx_HAL_Driver/stm32f1xx_hal_uart.o
 .text.UART_Receive_IT
                0x00000000080044ba      0x17c ./Drivers/STM32F1xx_HAL_Driver/stm32f1xx_hal_uart.o
 *fill*         0x0000000008004636        0x2 
 .text.UART_SetConfig
                0x0000000008004638      0x11c ./Drivers/STM32F1xx_HAL_Driver/stm32f1xx_hal_uart.o
 .text.__libc_init_array
                0x0000000008004754       0x48 h:/stmcubeide/stm32cubeide_1.10.1/stm32cubeide/plugins/com.st.stm32cube.ide.mcu.externaltools.gnu-tools-for-stm32.10.3-2021.10.win32_1.0.0.202111181127/tools/bin/../lib/gcc/arm-none-eabi/10.3.1/../../../../arm-none-eabi/lib/thumb/v7-m/nofp\libc_nano.a(lib_a-init.o)
                0x0000000008004754                __libc_init_array
 .text.memset   0x000000000800479c       0x10 h:/stmcubeide/stm32cubeide_1.10.1/stm32cubeide/plugins/com.st.stm32cube.ide.mcu.externaltools.gnu-tools-for-stm32.10.3-2021.10.win32_1.0.0.202111181127/tools/bin/../lib/gcc/arm-none-eabi/10.3.1/../../../../arm-none-eabi/lib/thumb/v7-m/nofp\libc_nano.a(lib_a-memset.o)
                0x000000000800479c                memset
 *(.glue_7)
 .glue_7        0x00000000080047ac        0x0 linker stubs
 *(.glue_7t)
 .glue_7t       0x00000000080047ac        0x0 linker stubs
 *(.eh_frame)
 .eh_frame      0x00000000080047ac        0x0 h:/stmcubeide/stm32cubeide_1.10.1/stm32cubeide/plugins/com.st.stm32cube.ide.mcu.externaltools.gnu-tools-for-stm32.10.3-2021.10.win32_1.0.0.202111181127/tools/bin/../lib/gcc/arm-none-eabi/10.3.1/thumb/v7-m/nofp/crtbegin.o
 *(.init)
 .init          0x00000000080047ac        0x4 h:/stmcubeide/stm32cubeide_1.10.1/stm32cubeide/plugins/com.st.stm32cube.ide.mcu.externaltools.gnu-tools-for-stm32.10.3-2021.10.win32_1.0.0.202111181127/tools/bin/../lib/gcc/arm-none-eabi/10.3.1/thumb/v7-m/nofp/crti.o
                0x00000000080047ac                _init
 .init          0x00000000080047b0        0x8 h:/stmcubeide/stm32cubeide_1.10.1/stm32cubeide/plugins/com.st.stm32cube.ide.mcu.externaltools.gnu-tools-for-stm32.10.3-2021.10.win32_1.0.0.202111181127/tools/bin/../lib/gcc/arm-none-eabi/10.3.1/thumb/v7-m/nofp/crtn.o
 *(.fini)
 .fini          0x00000000080047b8        0x4 h:/stmcubeide/stm32cubeide_1.10.1/stm32cubeide/plugins/com.st.stm32cube.ide.mcu.externaltools.gnu-tools-for-stm32.10.3-2021.10.win32_1.0.0.202111181127/tools/bin/../lib/gcc/arm-none-eabi/10.3.1/thumb/v7-m/nofp/crti.o
                0x00000000080047b8                _fini
 .fini          0x00000000080047bc        0x8 h:/stmcubeide/stm32cubeide_1.10.1/stm32cubeide/plugins/com.st.stm32cube.ide.mcu.externaltools.gnu-tools-for-stm32.10.3-2021.10.win32_1.0.0.202111181127/tools/bin/../lib/gcc/arm-none-eabi/10.3.1/thumb/v7-m/nofp/crtn.o
                0x00000000080047c4                . = ALIGN (0x4)
                0x00000000080047c4                _etext = .

.vfp11_veneer   0x00000000080047c4        0x0
 .vfp11_veneer  0x00000000080047c4        0x0 linker stubs

.v4_bx          0x00000000080047c4        0x0
 .v4_bx         0x00000000080047c4        0x0 linker stubs

.iplt           0x00000000080047c4        0x0
 .iplt          0x00000000080047c4        0x0 h:/stmcubeide/stm32cubeide_1.10.1/stm32cubeide/plugins/com.st.stm32cube.ide.mcu.externaltools.gnu-tools-for-stm32.10.3-2021.10.win32_1.0.0.202111181127/tools/bin/../lib/gcc/arm-none-eabi/10.3.1/thumb/v7-m/nofp/crtbegin.o

.rodata         0x00000000080047c4       0x2c
                0x00000000080047c4                . = ALIGN (0x4)
 *(.rodata)
 *(.rodata*)
 .rodata.AHBPrescTable
                0x00000000080047c4       0x10 ./Core/Src/system_stm32f1xx.o
                0x00000000080047c4                AHBPrescTable
 .rodata.APBPrescTable
                0x00000000080047d4        0x8 ./Core/Src/system_stm32f1xx.o
                0x00000000080047d4                APBPrescTable
 .rodata.aPLLMULFactorTable.1
                0x00000000080047dc       0x10 ./Drivers/STM32F1xx_HAL_Driver/stm32f1xx_hal_rcc.o
 .rodata.aPredivFactorTable.0
                0x00000000080047ec        0x2 ./Drivers/STM32F1xx_HAL_Driver/stm32f1xx_hal_rcc.o
                0x00000000080047f0                . = ALIGN (0x4)
 *fill*         0x00000000080047ee        0x2 

.rel.dyn        0x00000000080047f0        0x0
 .rel.iplt      0x00000000080047f0        0x0 h:/stmcubeide/stm32cubeide_1.10.1/stm32cubeide/plugins/com.st.stm32cube.ide.mcu.externaltools.gnu-tools-for-stm32.10.3-2021.10.win32_1.0.0.202111181127/tools/bin/../lib/gcc/arm-none-eabi/10.3.1/thumb/v7-m/nofp/crtbegin.o

.ARM.extab      0x00000000080047f0        0x0
                0x00000000080047f0                . = ALIGN (0x4)
 *(.ARM.extab* .gnu.linkonce.armextab.*)
                0x00000000080047f0                . = ALIGN (0x4)

.ARM            0x00000000080047f0        0x0
                0x00000000080047f0                . = ALIGN (0x4)
                0x00000000080047f0                __exidx_start = .
 *(.ARM.exidx*)
                0x00000000080047f0                __exidx_end = .
                0x00000000080047f0                . = ALIGN (0x4)

.preinit_array  0x00000000080047f0        0x0
                0x00000000080047f0                . = ALIGN (0x4)
                0x00000000080047f0                PROVIDE (__preinit_array_start = .)
 *(.preinit_array*)
                0x00000000080047f0                PROVIDE (__preinit_array_end = .)
                0x00000000080047f0                . = ALIGN (0x4)

.init_array     0x00000000080047f0        0x4
                0x00000000080047f0                . = ALIGN (0x4)
                0x00000000080047f0                PROVIDE (__init_array_start = .)
 *(SORT_BY_NAME(.init_array.*))
 *(.init_array*)
 .init_array    0x00000000080047f0        0x4 h:/stmcubeide/stm32cubeide_1.10.1/stm32cubeide/plugins/com.st.stm32cube.ide.mcu.externaltools.gnu-tools-for-stm32.10.3-2021.10.win32_1.0.0.202111181127/tools/bin/../lib/gcc/arm-none-eabi/10.3.1/thumb/v7-m/nofp/crtbegin.o
                0x00000000080047f4                PROVIDE (__init_array_end = .)
                0x00000000080047f4                . = ALIGN (0x4)

.fini_array     0x00000000080047f4        0x4
                0x00000000080047f4                . = ALIGN (0x4)
                [!provide]                        PROVIDE (__fini_array_start = .)
 *(SORT_BY_NAME(.fini_array.*))
 *(.fini_array*)
 .fini_array    0x00000000080047f4        0x4 h:/stmcubeide/stm32cubeide_1.10.1/stm32cubeide/plugins/com.st.stm32cube.ide.mcu.externaltools.gnu-tools-for-stm32.10.3-2021.10.win32_1.0.0.202111181127/tools/bin/../lib/gcc/arm-none-eabi/10.3.1/thumb/v7-m/nofp/crtbegin.o
                [!provide]                        PROVIDE (__fini_array_end = .)
                0x00000000080047f8                . = ALIGN (0x4)
                0x00000000080047f8                _sidata = LOADADDR (.data)

.data           0x0000000020000000        0xc load address 0x00000000080047f8
                0x0000000020000000                . = ALIGN (0x4)
                0x0000000020000000                _sdata = .
 *(.data)
 *(.data*)
 .data.SystemCoreClock
                0x0000000020000000        0x4 ./Core/Src/system_stm32f1xx.o
                0x0000000020000000                SystemCoreClock
 .data.uwTickPrio
                0x0000000020000004        0x4 ./Drivers/STM32F1xx_HAL_Driver/stm32f1xx_hal.o
                0x0000000020000004                uwTickPrio
 .data.uwTickFreq
                0x0000000020000008        0x1 ./Drivers/STM32F1xx_HAL_Driver/stm32f1xx_hal.o
                0x0000000020000008                uwTickFreq
 *(.RamFunc)
 *(.RamFunc*)
                0x000000002000000c                . = ALIGN (0x4)
 *fill*         0x0000000020000009        0x3 
                0x000000002000000c                _edata = .

.igot.plt       0x000000002000000c        0x0 load address 0x0000000008004804
 .igot.plt      0x000000002000000c        0x0 h:/stmcubeide/stm32cubeide_1.10.1/stm32cubeide/plugins/com.st.stm32cube.ide.mcu.externaltools.gnu-tools-for-stm32.10.3-2021.10.win32_1.0.0.202111181127/tools/bin/../lib/gcc/arm-none-eabi/10.3.1/thumb/v7-m/nofp/crtbegin.o
                0x000000002000000c                . = ALIGN (0x4)

.bss            0x000000002000000c      0x108 load address 0x0000000008004804
                0x000000002000000c                _sbss = .
                0x000000002000000c                __bss_start__ = _sbss
 *(.bss)
 .bss           0x000000002000000c       0x1c h:/stmcubeide/stm32cubeide_1.10.1/stm32cubeide/plugins/com.st.stm32cube.ide.mcu.externaltools.gnu-tools-for-stm32.10.3-2021.10.win32_1.0.0.202111181127/tools/bin/../lib/gcc/arm-none-eabi/10.3.1/thumb/v7-m/nofp/crtbegin.o
 *(.bss*)
 .bss.rx_data   0x0000000020000028        0x1 ./Core/Src/simple_vehicle_ops.o
 .bss.g_UssDistance
                0x0000000020000029        0x1 ./Core/Src/simple_vehicle_ops.o
 .bss.IsFirstCaptured
                0x000000002000002a        0x1 ./Core/Src/simple_vehicle_ops.o
 *fill*         0x000000002000002b        0x1 
 .bss.IcuCapturedVal1
                0x000000002000002c        0x4 ./Core/Src/simple_vehicle_ops.o
 .bss.IcuCapturedVal2
                0x0000000020000030        0x4 ./Core/Src/simple_vehicle_ops.o
 .bss.Diff      0x0000000020000034        0x4 ./Core/Src/simple_vehicle_ops.o
 .bss.htim2     0x0000000020000038       0x48 ./Core/Src/tim.o
                0x0000000020000038                htim2
 .bss.htim3     0x0000000020000080       0x48 ./Core/Src/tim.o
                0x0000000020000080                htim3
 .bss.huart1    0x00000000200000c8       0x48 ./Core/Src/usart.o
                0x00000000200000c8                huart1
 .bss.uwTick    0x0000000020000110        0x4 ./Drivers/STM32F1xx_HAL_Driver/stm32f1xx_hal.o
                0x0000000020000110                uwTick
 *(COMMON)
                0x0000000020000114                . = ALIGN (0x4)
                0x0000000020000114                _ebss = .
                0x0000000020000114                __bss_end__ = _ebss

._user_heap_stack
                0x0000000020000114      0x604 load address 0x0000000008004804
                0x0000000020000118                . = ALIGN (0x8)
 *fill*         0x0000000020000114        0x4 
                [!provide]                        PROVIDE (end = .)
                0x0000000020000118                PROVIDE (_end = .)
                0x0000000020000318                . = (. + _Min_Heap_Size)
 *fill*         0x0000000020000118      0x200 
                0x0000000020000718                . = (. + _Min_Stack_Size)
 *fill*         0x0000000020000318      0x400 
                0x0000000020000718                . = ALIGN (0x8)

/DISCARD/
 libc.a(*)
 libm.a(*)
 libgcc.a(*)

.ARM.attributes
                0x0000000000000000       0x29
 *(.ARM.attributes)
 .ARM.attributes
                0x0000000000000000       0x1d h:/stmcubeide/stm32cubeide_1.10.1/stm32cubeide/plugins/com.st.stm32cube.ide.mcu.externaltools.gnu-tools-for-stm32.10.3-2021.10.win32_1.0.0.202111181127/tools/bin/../lib/gcc/arm-none-eabi/10.3.1/thumb/v7-m/nofp/crti.o
 .ARM.attributes
                0x000000000000001d       0x2d h:/stmcubeide/stm32cubeide_1.10.1/stm32cubeide/plugins/com.st.stm32cube.ide.mcu.externaltools.gnu-tools-for-stm32.10.3-2021.10.win32_1.0.0.202111181127/tools/bin/../lib/gcc/arm-none-eabi/10.3.1/thumb/v7-m/nofp/crtbegin.o
 .ARM.attributes
                0x000000000000004a       0x2d ./Core/Src/gpio.o
 .ARM.attributes
                0x0000000000000077       0x2d ./Core/Src/main.o
 .ARM.attributes
                0x00000000000000a4       0x2d ./Core/Src/simple_vehicle_ops.o
 .ARM.attributes
                0x00000000000000d1       0x2d ./Core/Src/stm32f1xx_hal_msp.o
 .ARM.attributes
                0x00000000000000fe       0x2d ./Core/Src/stm32f1xx_it.o
 .ARM.attributes
                0x000000000000012b       0x2d ./Core/Src/system_stm32f1xx.o
 .ARM.attributes
                0x0000000000000158       0x2d ./Core/Src/tim.o
 .ARM.attributes
                0x0000000000000185       0x2d ./Core/Src/usart.o
 .ARM.attributes
                0x00000000000001b2       0x21 ./Core/Startup/startup_stm32f103c8tx.o
 .ARM.attributes
                0x00000000000001d3       0x2d ./Drivers/STM32F1xx_HAL_Driver/stm32f1xx_hal.o
 .ARM.attributes
                0x0000000000000200       0x2d ./Drivers/STM32F1xx_HAL_Driver/stm32f1xx_hal_cortex.o
 .ARM.attributes
                0x000000000000022d       0x2d ./Drivers/STM32F1xx_HAL_Driver/stm32f1xx_hal_dma.o
 .ARM.attributes
                0x000000000000025a       0x2d ./Drivers/STM32F1xx_HAL_Driver/stm32f1xx_hal_gpio.o
 .ARM.attributes
                0x0000000000000287       0x2d ./Drivers/STM32F1xx_HAL_Driver/stm32f1xx_hal_rcc.o
 .ARM.attributes
                0x00000000000002b4       0x2d ./Drivers/STM32F1xx_HAL_Driver/stm32f1xx_hal_tim.o
 .ARM.attributes
                0x00000000000002e1       0x2d ./Drivers/STM32F1xx_HAL_Driver/stm32f1xx_hal_tim_ex.o
 .ARM.attributes
                0x000000000000030e       0x2d ./Drivers/STM32F1xx_HAL_Driver/stm32f1xx_hal_uart.o
 .ARM.attributes
                0x000000000000033b       0x2d h:/stmcubeide/stm32cubeide_1.10.1/stm32cubeide/plugins/com.st.stm32cube.ide.mcu.externaltools.gnu-tools-for-stm32.10.3-2021.10.win32_1.0.0.202111181127/tools/bin/../lib/gcc/arm-none-eabi/10.3.1/../../../../arm-none-eabi/lib/thumb/v7-m/nofp\libc_nano.a(lib_a-init.o)
 .ARM.attributes
                0x0000000000000368       0x2d h:/stmcubeide/stm32cubeide_1.10.1/stm32cubeide/plugins/com.st.stm32cube.ide.mcu.externaltools.gnu-tools-for-stm32.10.3-2021.10.win32_1.0.0.202111181127/tools/bin/../lib/gcc/arm-none-eabi/10.3.1/../../../../arm-none-eabi/lib/thumb/v7-m/nofp\libc_nano.a(lib_a-memset.o)
 .ARM.attributes
                0x0000000000000395       0x1d h:/stmcubeide/stm32cubeide_1.10.1/stm32cubeide/plugins/com.st.stm32cube.ide.mcu.externaltools.gnu-tools-for-stm32.10.3-2021.10.win32_1.0.0.202111181127/tools/bin/../lib/gcc/arm-none-eabi/10.3.1/thumb/v7-m/nofp\libgcc.a(_arm_muldf3.o)
 .ARM.attributes
                0x00000000000003b2       0x1d h:/stmcubeide/stm32cubeide_1.10.1/stm32cubeide/plugins/com.st.stm32cube.ide.mcu.externaltools.gnu-tools-for-stm32.10.3-2021.10.win32_1.0.0.202111181127/tools/bin/../lib/gcc/arm-none-eabi/10.3.1/thumb/v7-m/nofp\libgcc.a(_arm_mulsf3.o)
 .ARM.attributes
                0x00000000000003cf       0x1d h:/stmcubeide/stm32cubeide_1.10.1/stm32cubeide/plugins/com.st.stm32cube.ide.mcu.externaltools.gnu-tools-for-stm32.10.3-2021.10.win32_1.0.0.202111181127/tools/bin/../lib/gcc/arm-none-eabi/10.3.1/thumb/v7-m/nofp\libgcc.a(_arm_addsubdf3.o)
 .ARM.attributes
                0x00000000000003ec       0x1d h:/stmcubeide/stm32cubeide_1.10.1/stm32cubeide/plugins/com.st.stm32cube.ide.mcu.externaltools.gnu-tools-for-stm32.10.3-2021.10.win32_1.0.0.202111181127/tools/bin/../lib/gcc/arm-none-eabi/10.3.1/thumb/v7-m/nofp\libgcc.a(_arm_fixunsdfsi.o)
 .ARM.attributes
                0x0000000000000409       0x1d h:/stmcubeide/stm32cubeide_1.10.1/stm32cubeide/plugins/com.st.stm32cube.ide.mcu.externaltools.gnu-tools-for-stm32.10.3-2021.10.win32_1.0.0.202111181127/tools/bin/../lib/gcc/arm-none-eabi/10.3.1/thumb/v7-m/nofp\libgcc.a(_arm_addsubsf3.o)
 .ARM.attributes
                0x0000000000000426       0x1d h:/stmcubeide/stm32cubeide_1.10.1/stm32cubeide/plugins/com.st.stm32cube.ide.mcu.externaltools.gnu-tools-for-stm32.10.3-2021.10.win32_1.0.0.202111181127/tools/bin/../lib/gcc/arm-none-eabi/10.3.1/thumb/v7-m/nofp\libgcc.a(_arm_fixunssfsi.o)
 .ARM.attributes
                0x0000000000000443       0x1d h:/stmcubeide/stm32cubeide_1.10.1/stm32cubeide/plugins/com.st.stm32cube.ide.mcu.externaltools.gnu-tools-for-stm32.10.3-2021.10.win32_1.0.0.202111181127/tools/bin/../lib/gcc/arm-none-eabi/10.3.1/thumb/v7-m/nofp/crtn.o
OUTPUT(TargetApplication.elf elf32-littlearm)
LOAD linker stubs
LOAD h:/stmcubeide/stm32cubeide_1.10.1/stm32cubeide/plugins/com.st.stm32cube.ide.mcu.externaltools.gnu-tools-for-stm32.10.3-2021.10.win32_1.0.0.202111181127/tools/bin/../lib/gcc/arm-none-eabi/10.3.1/../../../../arm-none-eabi/lib/thumb/v7-m/nofp\libc.a
LOAD h:/stmcubeide/stm32cubeide_1.10.1/stm32cubeide/plugins/com.st.stm32cube.ide.mcu.externaltools.gnu-tools-for-stm32.10.3-2021.10.win32_1.0.0.202111181127/tools/bin/../lib/gcc/arm-none-eabi/10.3.1/../../../../arm-none-eabi/lib/thumb/v7-m/nofp\libm.a
LOAD h:/stmcubeide/stm32cubeide_1.10.1/stm32cubeide/plugins/com.st.stm32cube.ide.mcu.externaltools.gnu-tools-for-stm32.10.3-2021.10.win32_1.0.0.202111181127/tools/bin/../lib/gcc/arm-none-eabi/10.3.1/thumb/v7-m/nofp\libgcc.a

.debug_info     0x0000000000000000     0xdaf9
 .debug_info    0x0000000000000000      0x304 ./Core/Src/gpio.o
 .debug_info    0x0000000000000304      0x8f6 ./Core/Src/main.o
 .debug_info    0x0000000000000bfa      0xf19 ./Core/Src/simple_vehicle_ops.o
 .debug_info    0x0000000000001b13      0x179 ./Core/Src/stm32f1xx_hal_msp.o
 .debug_info    0x0000000000001c8c      0x9b9 ./Core/Src/stm32f1xx_it.o
 .debug_info    0x0000000000002645      0x236 ./Core/Src/system_stm32f1xx.o
 .debug_info    0x000000000000287b      0xdbf ./Core/Src/tim.o
 .debug_info    0x000000000000363a      0x99f ./Core/Src/usart.o
 .debug_info    0x0000000000003fd9       0x22 ./Core/Startup/startup_stm32f103c8tx.o
 .debug_info    0x0000000000003ffb      0x72d ./Drivers/STM32F1xx_HAL_Driver/stm32f1xx_hal.o
 .debug_info    0x0000000000004728      0xb19 ./Drivers/STM32F1xx_HAL_Driver/stm32f1xx_hal_cortex.o
 .debug_info    0x0000000000005241      0x73d ./Drivers/STM32F1xx_HAL_Driver/stm32f1xx_hal_dma.o
 .debug_info    0x000000000000597e      0x60e ./Drivers/STM32F1xx_HAL_Driver/stm32f1xx_hal_gpio.o
 .debug_info    0x0000000000005f8c      0x85e ./Drivers/STM32F1xx_HAL_Driver/stm32f1xx_hal_rcc.o
 .debug_info    0x00000000000067ea     0x2ba4 ./Drivers/STM32F1xx_HAL_Driver/stm32f1xx_hal_tim.o
 .debug_info    0x000000000000938e     0x15c0 ./Drivers/STM32F1xx_HAL_Driver/stm32f1xx_hal_tim_ex.o
 .debug_info    0x000000000000a94e     0x31ab ./Drivers/STM32F1xx_HAL_Driver/stm32f1xx_hal_uart.o

.debug_abbrev   0x0000000000000000     0x21f6
 .debug_abbrev  0x0000000000000000      0x134 ./Core/Src/gpio.o
 .debug_abbrev  0x0000000000000134      0x253 ./Core/Src/main.o
 .debug_abbrev  0x0000000000000387      0x39f ./Core/Src/simple_vehicle_ops.o
 .debug_abbrev  0x0000000000000726       0xc2 ./Core/Src/stm32f1xx_hal_msp.o
 .debug_abbrev  0x00000000000007e8      0x18b ./Core/Src/stm32f1xx_it.o
 .debug_abbrev  0x0000000000000973      0x13b ./Core/Src/system_stm32f1xx.o
 .debug_abbrev  0x0000000000000aae      0x24b ./Core/Src/tim.o
 .debug_abbrev  0x0000000000000cf9      0x1f3 ./Core/Src/usart.o
 .debug_abbrev  0x0000000000000eec       0x12 ./Core/Startup/startup_stm32f103c8tx.o
 .debug_abbrev  0x0000000000000efe      0x1fb ./Drivers/STM32F1xx_HAL_Driver/stm32f1xx_hal.o
 .debug_abbrev  0x00000000000010f9      0x2ed ./Drivers/STM32F1xx_HAL_Driver/stm32f1xx_hal_cortex.o
 .debug_abbrev  0x00000000000013e6      0x1fe ./Drivers/STM32F1xx_HAL_Driver/stm32f1xx_hal_dma.o
 .debug_abbrev  0x00000000000015e4      0x1bb ./Drivers/STM32F1xx_HAL_Driver/stm32f1xx_hal_gpio.o
 .debug_abbrev  0x000000000000179f      0x2a8 ./Drivers/STM32F1xx_HAL_Driver/stm32f1xx_hal_rcc.o
 .debug_abbrev  0x0000000000001a47      0x264 ./Drivers/STM32F1xx_HAL_Driver/stm32f1xx_hal_tim.o
 .debug_abbrev  0x0000000000001cab      0x26c ./Drivers/STM32F1xx_HAL_Driver/stm32f1xx_hal_tim_ex.o
 .debug_abbrev  0x0000000000001f17      0x2df ./Drivers/STM32F1xx_HAL_Driver/stm32f1xx_hal_uart.o

.debug_aranges  0x0000000000000000      0xd18
 .debug_aranges
                0x0000000000000000       0x20 ./Core/Src/gpio.o
 .debug_aranges
                0x0000000000000020       0x30 ./Core/Src/main.o
 .debug_aranges
                0x0000000000000050       0xe0 ./Core/Src/simple_vehicle_ops.o
 .debug_aranges
                0x0000000000000130       0x20 ./Core/Src/stm32f1xx_hal_msp.o
 .debug_aranges
                0x0000000000000150       0x70 ./Core/Src/stm32f1xx_it.o
 .debug_aranges
                0x00000000000001c0       0x28 ./Core/Src/system_stm32f1xx.o
 .debug_aranges
                0x00000000000001e8       0x50 ./Core/Src/tim.o
 .debug_aranges
                0x0000000000000238       0x30 ./Core/Src/usart.o
 .debug_aranges
                0x0000000000000268       0x28 ./Core/Startup/startup_stm32f103c8tx.o
 .debug_aranges
                0x0000000000000290       0xe0 ./Drivers/STM32F1xx_HAL_Driver/stm32f1xx_hal.o
 .debug_aranges
                0x0000000000000370      0x100 ./Drivers/STM32F1xx_HAL_Driver/stm32f1xx_hal_cortex.o
 .debug_aranges
                0x0000000000000470       0x80 ./Drivers/STM32F1xx_HAL_Driver/stm32f1xx_hal_dma.o
 .debug_aranges
                0x00000000000004f0       0x58 ./Drivers/STM32F1xx_HAL_Driver/stm32f1xx_hal_gpio.o
 .debug_aranges
                0x0000000000000548       0x90 ./Drivers/STM32F1xx_HAL_Driver/stm32f1xx_hal_rcc.o
 .debug_aranges
                0x00000000000005d8      0x3d0 ./Drivers/STM32F1xx_HAL_Driver/stm32f1xx_hal_tim.o
 .debug_aranges
                0x00000000000009a8      0x168 ./Drivers/STM32F1xx_HAL_Driver/stm32f1xx_hal_tim_ex.o
 .debug_aranges
                0x0000000000000b10      0x208 ./Drivers/STM32F1xx_HAL_Driver/stm32f1xx_hal_uart.o

.debug_ranges   0x0000000000000000      0xc40
 .debug_ranges  0x0000000000000000       0x10 ./Core/Src/gpio.o
 .debug_ranges  0x0000000000000010       0x20 ./Core/Src/main.o
 .debug_ranges  0x0000000000000030       0xd0 ./Core/Src/simple_vehicle_ops.o
 .debug_ranges  0x0000000000000100       0x10 ./Core/Src/stm32f1xx_hal_msp.o
 .debug_ranges  0x0000000000000110       0x60 ./Core/Src/stm32f1xx_it.o
 .debug_ranges  0x0000000000000170       0x18 ./Core/Src/system_stm32f1xx.o
 .debug_ranges  0x0000000000000188       0x40 ./Core/Src/tim.o
 .debug_ranges  0x00000000000001c8       0x20 ./Core/Src/usart.o
 .debug_ranges  0x00000000000001e8       0x20 ./Core/Startup/startup_stm32f103c8tx.o
 .debug_ranges  0x0000000000000208       0xd0 ./Drivers/STM32F1xx_HAL_Driver/stm32f1xx_hal.o
 .debug_ranges  0x00000000000002d8       0xf0 ./Drivers/STM32F1xx_HAL_Driver/stm32f1xx_hal_cortex.o
 .debug_ranges  0x00000000000003c8       0x70 ./Drivers/STM32F1xx_HAL_Driver/stm32f1xx_hal_dma.o
 .debug_ranges  0x0000000000000438       0x48 ./Drivers/STM32F1xx_HAL_Driver/stm32f1xx_hal_gpio.o
 .debug_ranges  0x0000000000000480       0x80 ./Drivers/STM32F1xx_HAL_Driver/stm32f1xx_hal_rcc.o
 .debug_ranges  0x0000000000000500      0x3c0 ./Drivers/STM32F1xx_HAL_Driver/stm32f1xx_hal_tim.o
 .debug_ranges  0x00000000000008c0      0x158 ./Drivers/STM32F1xx_HAL_Driver/stm32f1xx_hal_tim_ex.o
 .debug_ranges  0x0000000000000a18      0x228 ./Drivers/STM32F1xx_HAL_Driver/stm32f1xx_hal_uart.o

.debug_macro    0x0000000000000000    0x1816f
 .debug_macro   0x0000000000000000      0x1bc ./Core/Src/gpio.o
 .debug_macro   0x00000000000001bc      0xa66 ./Core/Src/gpio.o
 .debug_macro   0x0000000000000c22      0x21b ./Core/Src/gpio.o
 .debug_macro   0x0000000000000e3d       0x2e ./Core/Src/gpio.o
 .debug_macro   0x0000000000000e6b       0x22 ./Core/Src/gpio.o
 .debug_macro   0x0000000000000e8d       0x22 ./Core/Src/gpio.o
 .debug_macro   0x0000000000000eaf       0x56 ./Core/Src/gpio.o
 .debug_macro   0x0000000000000f05       0x51 ./Core/Src/gpio.o
 .debug_macro   0x0000000000000f56      0x103 ./Core/Src/gpio.o
 .debug_macro   0x0000000000001059       0x6a ./Core/Src/gpio.o
 .debug_macro   0x00000000000010c3      0x1df ./Core/Src/gpio.o
 .debug_macro   0x00000000000012a2       0x1c ./Core/Src/gpio.o
 .debug_macro   0x00000000000012be       0x22 ./Core/Src/gpio.o
 .debug_macro   0x00000000000012e0       0xbd ./Core/Src/gpio.o
 .debug_macro   0x000000000000139d      0xd23 ./Core/Src/gpio.o
 .debug_macro   0x00000000000020c0     0xe09e ./Core/Src/gpio.o
 .debug_macro   0x000000000001015e       0x6d ./Core/Src/gpio.o
 .debug_macro   0x00000000000101cb     0x348d ./Core/Src/gpio.o
 .debug_macro   0x0000000000013658      0x16d ./Core/Src/gpio.o
 .debug_macro   0x00000000000137c5       0x5c ./Core/Src/gpio.o
 .debug_macro   0x0000000000013821      0x5bc ./Core/Src/gpio.o
 .debug_macro   0x0000000000013ddd      0x289 ./Core/Src/gpio.o
 .debug_macro   0x0000000000014066      0x1cb ./Core/Src/gpio.o
 .debug_macro   0x0000000000014231      0x114 ./Core/Src/gpio.o
 .debug_macro   0x0000000000014345      0x1b2 ./Core/Src/gpio.o
 .debug_macro   0x00000000000144f7       0x27 ./Core/Src/gpio.o
 .debug_macro   0x000000000001451e      0x136 ./Core/Src/gpio.o
 .debug_macro   0x0000000000014654      0x1bc ./Core/Src/gpio.o
 .debug_macro   0x0000000000014810       0x34 ./Core/Src/gpio.o
 .debug_macro   0x0000000000014844       0x3c ./Core/Src/gpio.o
 .debug_macro   0x0000000000014880       0x57 ./Core/Src/gpio.o
 .debug_macro   0x00000000000148d7       0x87 ./Core/Src/gpio.o
 .debug_macro   0x000000000001495e      0x240 ./Core/Src/gpio.o
 .debug_macro   0x0000000000014b9e      0x140 ./Core/Src/gpio.o
 .debug_macro   0x0000000000014cde      0x8ed ./Core/Src/gpio.o
 .debug_macro   0x00000000000155cb      0x28e ./Core/Src/gpio.o
 .debug_macro   0x0000000000015859       0x83 ./Core/Src/gpio.o
 .debug_macro   0x00000000000158dc       0x1c ./Core/Src/gpio.o
 .debug_macro   0x00000000000158f8      0x213 ./Core/Src/main.o
 .debug_macro   0x0000000000015b0b       0x70 ./Core/Src/main.o
 .debug_macro   0x0000000000015b7b       0x22 ./Core/Src/main.o
 .debug_macro   0x0000000000015b9d       0xc4 ./Core/Src/main.o
 .debug_macro   0x0000000000015c61       0x52 ./Core/Src/main.o
 .debug_macro   0x0000000000015cb3       0x34 ./Core/Src/main.o
 .debug_macro   0x0000000000015ce7      0x3f7 ./Core/Src/simple_vehicle_ops.o
 .debug_macro   0x00000000000160de       0xa5 ./Core/Src/simple_vehicle_ops.o
 .debug_macro   0x0000000000016183       0x52 ./Core/Src/simple_vehicle_ops.o
 .debug_macro   0x00000000000161d5       0x18 ./Core/Src/simple_vehicle_ops.o
 .debug_macro   0x00000000000161ed       0x3c ./Core/Src/simple_vehicle_ops.o
 .debug_macro   0x0000000000016229       0x34 ./Core/Src/simple_vehicle_ops.o
 .debug_macro   0x000000000001625d       0x16 ./Core/Src/simple_vehicle_ops.o
 .debug_macro   0x0000000000016273       0x35 ./Core/Src/simple_vehicle_ops.o
 .debug_macro   0x00000000000162a8      0x35d ./Core/Src/simple_vehicle_ops.o
 .debug_macro   0x0000000000016605       0x10 ./Core/Src/simple_vehicle_ops.o
 .debug_macro   0x0000000000016615       0x16 ./Core/Src/simple_vehicle_ops.o
 .debug_macro   0x000000000001662b       0x43 ./Core/Src/simple_vehicle_ops.o
 .debug_macro   0x000000000001666e       0x34 ./Core/Src/simple_vehicle_ops.o
 .debug_macro   0x00000000000166a2       0x10 ./Core/Src/simple_vehicle_ops.o
 .debug_macro   0x00000000000166b2       0x58 ./Core/Src/simple_vehicle_ops.o
 .debug_macro   0x000000000001670a       0x71 ./Core/Src/simple_vehicle_ops.o
 .debug_macro   0x000000000001677b       0x16 ./Core/Src/simple_vehicle_ops.o
 .debug_macro   0x0000000000016791      0x12a ./Core/Src/simple_vehicle_ops.o
 .debug_macro   0x00000000000168bb       0xbe ./Core/Src/simple_vehicle_ops.o
 .debug_macro   0x0000000000016979       0x16 ./Core/Src/simple_vehicle_ops.o
 .debug_macro   0x000000000001698f      0x114 ./Core/Src/simple_vehicle_ops.o
 .debug_macro   0x0000000000016aa3       0x52 ./Core/Src/simple_vehicle_ops.o
 .debug_macro   0x0000000000016af5       0x16 ./Core/Src/simple_vehicle_ops.o
 .debug_macro   0x0000000000016b0b       0x20 ./Core/Src/simple_vehicle_ops.o
 .debug_macro   0x0000000000016b2b      0x1b2 ./Core/Src/stm32f1xx_hal_msp.o
 .debug_macro   0x0000000000016cdd      0x1bc ./Core/Src/stm32f1xx_it.o
 .debug_macro   0x0000000000016e99      0x1a3 ./Core/Src/system_stm32f1xx.o
 .debug_macro   0x000000000001703c      0x1bc ./Core/Src/tim.o
 .debug_macro   0x00000000000171f8      0x1bc ./Core/Src/usart.o
 .debug_macro   0x00000000000173b4      0x1c7 ./Drivers/STM32F1xx_HAL_Driver/stm32f1xx_hal.o
 .debug_macro   0x000000000001757b      0x1a3 ./Drivers/STM32F1xx_HAL_Driver/stm32f1xx_hal_cortex.o
 .debug_macro   0x000000000001771e      0x1a3 ./Drivers/STM32F1xx_HAL_Driver/stm32f1xx_hal_dma.o
 .debug_macro   0x00000000000178c1      0x20e ./Drivers/STM32F1xx_HAL_Driver/stm32f1xx_hal_gpio.o
 .debug_macro   0x0000000000017acf      0x1b5 ./Drivers/STM32F1xx_HAL_Driver/stm32f1xx_hal_rcc.o
 .debug_macro   0x0000000000017c84      0x1a4 ./Drivers/STM32F1xx_HAL_Driver/stm32f1xx_hal_tim.o
 .debug_macro   0x0000000000017e28      0x1a3 ./Drivers/STM32F1xx_HAL_Driver/stm32f1xx_hal_tim_ex.o
 .debug_macro   0x0000000000017fcb      0x1a4 ./Drivers/STM32F1xx_HAL_Driver/stm32f1xx_hal_uart.o

.debug_line     0x0000000000000000     0xfcdf
 .debug_line    0x0000000000000000      0x79d ./Core/Src/gpio.o
 .debug_line    0x000000000000079d      0x8df ./Core/Src/main.o
 .debug_line    0x000000000000107c      0xd64 ./Core/Src/simple_vehicle_ops.o
 .debug_line    0x0000000000001de0      0x765 ./Core/Src/stm32f1xx_hal_msp.o
 .debug_line    0x0000000000002545      0x85b ./Core/Src/stm32f1xx_it.o
 .debug_line    0x0000000000002da0      0x7e4 ./Core/Src/system_stm32f1xx.o
 .debug_line    0x0000000000003584      0x8d5 ./Core/Src/tim.o
 .debug_line    0x0000000000003e59      0x7d8 ./Core/Src/usart.o
 .debug_line    0x0000000000004631       0x86 ./Core/Startup/startup_stm32f103c8tx.o
 .debug_line    0x00000000000046b7      0xa46 ./Drivers/STM32F1xx_HAL_Driver/stm32f1xx_hal.o
 .debug_line    0x00000000000050fd      0xc2e ./Drivers/STM32F1xx_HAL_Driver/stm32f1xx_hal_cortex.o
 .debug_line    0x0000000000005d2b      0xe9f ./Drivers/STM32F1xx_HAL_Driver/stm32f1xx_hal_dma.o
 .debug_line    0x0000000000006bca      0xadf ./Drivers/STM32F1xx_HAL_Driver/stm32f1xx_hal_gpio.o
 .debug_line    0x00000000000076a9      0xe52 ./Drivers/STM32F1xx_HAL_Driver/stm32f1xx_hal_rcc.o
 .debug_line    0x00000000000084fb     0x34d1 ./Drivers/STM32F1xx_HAL_Driver/stm32f1xx_hal_tim.o
 .debug_line    0x000000000000b9cc     0x199c ./Drivers/STM32F1xx_HAL_Driver/stm32f1xx_hal_tim_ex.o
 .debug_line    0x000000000000d368     0x2977 ./Drivers/STM32F1xx_HAL_Driver/stm32f1xx_hal_uart.o

.debug_str      0x0000000000000000    0x8ac8b
 .debug_str     0x0000000000000000    0x831f9 ./Core/Src/gpio.o
                                      0x83530 (size before relaxing)
 .debug_str     0x00000000000831f9      0xdb3 ./Core/Src/main.o
                                      0x84295 (size before relaxing)
 .debug_str     0x0000000000083fac     0x3f75 ./Core/Src/simple_vehicle_ops.o
                                      0x880ec (size before relaxing)
 .debug_str     0x0000000000087f21       0x2c ./Core/Src/stm32f1xx_hal_msp.o
                                      0x8348a (size before relaxing)
 .debug_str     0x0000000000087f4d      0x129 ./Core/Src/stm32f1xx_it.o
                                      0x83c25 (size before relaxing)
 .debug_str     0x0000000000088076       0x7e ./Core/Src/system_stm32f1xx.o
                                      0x8347f (size before relaxing)
 .debug_str     0x00000000000880f4      0x52b ./Core/Src/tim.o
                                      0x83fb6 (size before relaxing)
 .debug_str     0x000000000008861f       0x51 ./Core/Src/usart.o
                                      0x83c93 (size before relaxing)
 .debug_str     0x0000000000088670       0x36 ./Core/Startup/startup_stm32f103c8tx.o
                                         0x8d (size before relaxing)
 .debug_str     0x00000000000886a6      0x3b9 ./Drivers/STM32F1xx_HAL_Driver/stm32f1xx_hal.o
                                      0x83be7 (size before relaxing)
 .debug_str     0x0000000000088a5f      0x2d3 ./Drivers/STM32F1xx_HAL_Driver/stm32f1xx_hal_cortex.o
                                      0x83b33 (size before relaxing)
 .debug_str     0x0000000000088d32      0x26a ./Drivers/STM32F1xx_HAL_Driver/stm32f1xx_hal_dma.o
                                      0x8385d (size before relaxing)
 .debug_str     0x0000000000088f9c      0x33a ./Drivers/STM32F1xx_HAL_Driver/stm32f1xx_hal_gpio.o
                                      0x8383a (size before relaxing)
 .debug_str     0x00000000000892d6      0x226 ./Drivers/STM32F1xx_HAL_Driver/stm32f1xx_hal_rcc.o
                                      0x838e3 (size before relaxing)
 .debug_str     0x00000000000894fc      0xcbb ./Drivers/STM32F1xx_HAL_Driver/stm32f1xx_hal_tim.o
                                      0x848d5 (size before relaxing)
 .debug_str     0x000000000008a1b7      0x4c8 ./Drivers/STM32F1xx_HAL_Driver/stm32f1xx_hal_tim_ex.o
                                      0x840f1 (size before relaxing)
 .debug_str     0x000000000008a67f      0x60c ./Drivers/STM32F1xx_HAL_Driver/stm32f1xx_hal_uart.o
                                      0x83f54 (size before relaxing)

.comment        0x0000000000000000       0x50
 .comment       0x0000000000000000       0x50 ./Core/Src/gpio.o
                                         0x51 (size before relaxing)
 .comment       0x0000000000000050       0x51 ./Core/Src/main.o
 .comment       0x0000000000000050       0x51 ./Core/Src/simple_vehicle_ops.o
 .comment       0x0000000000000050       0x51 ./Core/Src/stm32f1xx_hal_msp.o
 .comment       0x0000000000000050       0x51 ./Core/Src/stm32f1xx_it.o
 .comment       0x0000000000000050       0x51 ./Core/Src/system_stm32f1xx.o
 .comment       0x0000000000000050       0x51 ./Core/Src/tim.o
 .comment       0x0000000000000050       0x51 ./Core/Src/usart.o
 .comment       0x0000000000000050       0x51 ./Drivers/STM32F1xx_HAL_Driver/stm32f1xx_hal.o
 .comment       0x0000000000000050       0x51 ./Drivers/STM32F1xx_HAL_Driver/stm32f1xx_hal_cortex.o
 .comment       0x0000000000000050       0x51 ./Drivers/STM32F1xx_HAL_Driver/stm32f1xx_hal_dma.o
 .comment       0x0000000000000050       0x51 ./Drivers/STM32F1xx_HAL_Driver/stm32f1xx_hal_gpio.o
 .comment       0x0000000000000050       0x51 ./Drivers/STM32F1xx_HAL_Driver/stm32f1xx_hal_rcc.o
 .comment       0x0000000000000050       0x51 ./Drivers/STM32F1xx_HAL_Driver/stm32f1xx_hal_tim.o
 .comment       0x0000000000000050       0x51 ./Drivers/STM32F1xx_HAL_Driver/stm32f1xx_hal_tim_ex.o
 .comment       0x0000000000000050       0x51 ./Drivers/STM32F1xx_HAL_Driver/stm32f1xx_hal_uart.o

.debug_frame    0x0000000000000000     0x374c
 .debug_frame   0x0000000000000000       0x34 ./Core/Src/gpio.o
 .debug_frame   0x0000000000000034       0x68 ./Core/Src/main.o
 .debug_frame   0x000000000000009c      0x378 ./Core/Src/simple_vehicle_ops.o
 .debug_frame   0x0000000000000414       0x38 ./Core/Src/stm32f1xx_hal_msp.o
 .debug_frame   0x000000000000044c      0x140 ./Core/Src/stm32f1xx_it.o
 .debug_frame   0x000000000000058c       0x58 ./Core/Src/system_stm32f1xx.o
 .debug_frame   0x00000000000005e4      0x114 ./Core/Src/tim.o
 .debug_frame   0x00000000000006f8       0x74 ./Core/Src/usart.o
 .debug_frame   0x000000000000076c      0x334 ./Drivers/STM32F1xx_HAL_Driver/stm32f1xx_hal.o
 .debug_frame   0x0000000000000aa0      0x428 ./Drivers/STM32F1xx_HAL_Driver/stm32f1xx_hal_cortex.o
 .debug_frame   0x0000000000000ec8      0x208 ./Drivers/STM32F1xx_HAL_Driver/stm32f1xx_hal_dma.o
 .debug_frame   0x00000000000010d0      0x14c ./Drivers/STM32F1xx_HAL_Driver/stm32f1xx_hal_gpio.o
 .debug_frame   0x000000000000121c      0x218 ./Drivers/STM32F1xx_HAL_Driver/stm32f1xx_hal_rcc.o
 .debug_frame   0x0000000000001434     0x11bc ./Drivers/STM32F1xx_HAL_Driver/stm32f1xx_hal_tim.o
 .debug_frame   0x00000000000025f0      0x638 ./Drivers/STM32F1xx_HAL_Driver/stm32f1xx_hal_tim_ex.o
 .debug_frame   0x0000000000002c28      0x944 ./Drivers/STM32F1xx_HAL_Driver/stm32f1xx_hal_uart.o
 .debug_frame   0x000000000000356c       0x2c h:/stmcubeide/stm32cubeide_1.10.1/stm32cubeide/plugins/com.st.stm32cube.ide.mcu.externaltools.gnu-tools-for-stm32.10.3-2021.10.win32_1.0.0.202111181127/tools/bin/../lib/gcc/arm-none-eabi/10.3.1/../../../../arm-none-eabi/lib/thumb/v7-m/nofp\libc_nano.a(lib_a-init.o)
 .debug_frame   0x0000000000003598       0x20 h:/stmcubeide/stm32cubeide_1.10.1/stm32cubeide/plugins/com.st.stm32cube.ide.mcu.externaltools.gnu-tools-for-stm32.10.3-2021.10.win32_1.0.0.202111181127/tools/bin/../lib/gcc/arm-none-eabi/10.3.1/../../../../arm-none-eabi/lib/thumb/v7-m/nofp\libc_nano.a(lib_a-memset.o)
 .debug_frame   0x00000000000035b8       0x30 h:/stmcubeide/stm32cubeide_1.10.1/stm32cubeide/plugins/com.st.stm32cube.ide.mcu.externaltools.gnu-tools-for-stm32.10.3-2021.10.win32_1.0.0.202111181127/tools/bin/../lib/gcc/arm-none-eabi/10.3.1/thumb/v7-m/nofp\libgcc.a(_arm_muldf3.o)
 .debug_frame   0x00000000000035e8       0x24 h:/stmcubeide/stm32cubeide_1.10.1/stm32cubeide/plugins/com.st.stm32cube.ide.mcu.externaltools.gnu-tools-for-stm32.10.3-2021.10.win32_1.0.0.202111181127/tools/bin/../lib/gcc/arm-none-eabi/10.3.1/thumb/v7-m/nofp\libgcc.a(_arm_mulsf3.o)
 .debug_frame   0x000000000000360c       0xac h:/stmcubeide/stm32cubeide_1.10.1/stm32cubeide/plugins/com.st.stm32cube.ide.mcu.externaltools.gnu-tools-for-stm32.10.3-2021.10.win32_1.0.0.202111181127/tools/bin/../lib/gcc/arm-none-eabi/10.3.1/thumb/v7-m/nofp\libgcc.a(_arm_addsubdf3.o)
 .debug_frame   0x00000000000036b8       0x24 h:/stmcubeide/stm32cubeide_1.10.1/stm32cubeide/plugins/com.st.stm32cube.ide.mcu.externaltools.gnu-tools-for-stm32.10.3-2021.10.win32_1.0.0.202111181127/tools/bin/../lib/gcc/arm-none-eabi/10.3.1/thumb/v7-m/nofp\libgcc.a(_arm_fixunsdfsi.o)
 .debug_frame   0x00000000000036dc       0x4c h:/stmcubeide/stm32cubeide_1.10.1/stm32cubeide/plugins/com.st.stm32cube.ide.mcu.externaltools.gnu-tools-for-stm32.10.3-2021.10.win32_1.0.0.202111181127/tools/bin/../lib/gcc/arm-none-eabi/10.3.1/thumb/v7-m/nofp\libgcc.a(_arm_addsubsf3.o)
 .debug_frame   0x0000000000003728       0x24 h:/stmcubeide/stm32cubeide_1.10.1/stm32cubeide/plugins/com.st.stm32cube.ide.mcu.externaltools.gnu-tools-for-stm32.10.3-2021.10.win32_1.0.0.202111181127/tools/bin/../lib/gcc/arm-none-eabi/10.3.1/thumb/v7-m/nofp\libgcc.a(_arm_fixunssfsi.o)
